 D architecture/architectureharvest/_SUMMARY.md
 D architecture/architectureharvest/adoption_candidates.md
 D architecture/architectureharvest/adoption_outcome.template.yaml
 D architecture/architectureharvest/rejected_candidates.md
 D architecture/architectureharvest/relevance_map.yaml
 D architecture/architectureharvest/review_history.md
 M artifacts/reports/R-20260712-architecture-reality-audit.md
 M specs/correlation_batches/campaign40_first_end_to_end_spec_driven_pearson_batch.json
?? artifacts/operational-state-checkpoints/20260712-local-operational-state-gate/files/
?? artifacts/reports/campaign34-statistical-summary-pilot-evaluation-gate-20260710/final-verification/architecture_audit.log
?? artifacts/reports/campaign34-statistical-summary-pilot-evaluation-gate-20260710/final-verification/coherence.log
?? artifacts/reports/campaign34-statistical-summary-pilot-evaluation-gate-20260710/final-verification/context_health.log
?? artifacts/reports/campaign34-statistical-summary-pilot-evaluation-gate-20260710/final-verification/full_tests.log
?? artifacts/reports/campaign34-statistical-summary-pilot-evaluation-gate-20260710/final-verification/git_diff_check.log
?? artifacts/reports/campaign34-statistical-summary-pilot-evaluation-gate-20260710/final-verification/targeted_adversarial_decimal_tests.log
?? artifacts/reports/campaign34-wdi-denmark-population-statistical-summary-20260710/final-verification/architecture_audit.log
?? artifacts/reports/campaign34-wdi-denmark-population-statistical-summary-20260710/final-verification/coherence.log
?? artifacts/reports/campaign34-wdi-denmark-population-statistical-summary-20260710/final-verification/context_health.log
?? artifacts/reports/campaign34-wdi-denmark-population-statistical-summary-20260710/final-verification/full_tests.log
?? artifacts/reports/campaign34-wdi-denmark-population-statistical-summary-20260710/final-verification/git_diff_check.log
?? artifacts/reports/campaign34-wdi-denmark-population-statistical-summary-20260710/final-verification/targeted_tests.log
?? artifacts/reports/campaign35-wdi-nordic-exports-share-statistical-summary-20260710/final-verification/architecture_audit.log
?? artifacts/reports/campaign35-wdi-nordic-exports-share-statistical-summary-20260710/final-verification/coherence.log
?? artifacts/reports/campaign35-wdi-nordic-exports-share-statistical-summary-20260710/final-verification/context_health.log
?? artifacts/reports/campaign35-wdi-nordic-exports-share-statistical-summary-20260710/final-verification/full_tests.log
?? artifacts/reports/campaign35-wdi-nordic-exports-share-statistical-summary-20260710/final-verification/git_diff_check.log
?? artifacts/reports/campaign35-wdi-nordic-exports-share-statistical-summary-20260710/final-verification/targeted_campaign35_tests.log
?? artifacts/reports/campaign36-dnk-exports-imports-share-pearson-correlation-20260710/final-verification/architecture_audit.log
?? artifacts/reports/campaign36-dnk-exports-imports-share-pearson-correlation-20260710/final-verification/campaign36_rerun.log
?? artifacts/reports/campaign36-dnk-exports-imports-share-pearson-correlation-20260710/final-verification/coherence.log
?? artifacts/reports/campaign36-dnk-exports-imports-share-pearson-correlation-20260710/final-verification/compileall.log
?? artifacts/reports/campaign36-dnk-exports-imports-share-pearson-correlation-20260710/final-verification/context_health.log
?? artifacts/reports/campaign36-dnk-exports-imports-share-pearson-correlation-20260710/final-verification/full_tests.log
?? artifacts/reports/campaign36-dnk-exports-imports-share-pearson-correlation-20260710/final-verification/git_diff_check.log
?? artifacts/reports/campaign36-dnk-exports-imports-share-pearson-correlation-20260710/final-verification/targeted_campaign36_tests.log
?? artifacts/reports/campaign36-dnk-exports-imports-share-pearson-correlation-20260710/final-verification/unit_and_method_tests.log
?? artifacts/reports/campaign37-swe-nor-exports-imports-share-pearson-correlation-20260710/final-verification/architecture_audit.log
?? artifacts/reports/campaign37-swe-nor-exports-imports-share-pearson-correlation-20260710/final-verification/campaign37_no_promote_rerun.log
?? artifacts/reports/campaign37-swe-nor-exports-imports-share-pearson-correlation-20260710/final-verification/coherence.log
?? artifacts/reports/campaign37-swe-nor-exports-imports-share-pearson-correlation-20260710/final-verification/compileall.log
?? artifacts/reports/campaign37-swe-nor-exports-imports-share-pearson-correlation-20260710/final-verification/context_health.log
?? artifacts/reports/campaign37-swe-nor-exports-imports-share-pearson-correlation-20260710/final-verification/full_tests.log
?? artifacts/reports/campaign37-swe-nor-exports-imports-share-pearson-correlation-20260710/final-verification/git_diff_check.log
?? artifacts/reports/campaign37-swe-nor-exports-imports-share-pearson-correlation-20260710/final-verification/targeted_campaign37_tests.log
?? artifacts/reports/campaign37-swe-nor-exports-imports-share-pearson-correlation-20260710/final-verification/unit_and_method_tests.log
?? artifacts/reports/campaign38-semantically-distinct-wdi-pearson-correlation-20260711/final-verification/architecture_audit.log
?? artifacts/reports/campaign38-semantically-distinct-wdi-pearson-correlation-20260711/final-verification/campaign38_no_promote_rerun.log
?? artifacts/reports/campaign38-semantically-distinct-wdi-pearson-correlation-20260711/final-verification/coherence.log
?? artifacts/reports/campaign38-semantically-distinct-wdi-pearson-correlation-20260711/final-verification/compileall.log
?? artifacts/reports/campaign38-semantically-distinct-wdi-pearson-correlation-20260711/final-verification/context_health.log
?? artifacts/reports/campaign38-semantically-distinct-wdi-pearson-correlation-20260711/final-verification/full_tests.log
?? artifacts/reports/campaign38-semantically-distinct-wdi-pearson-correlation-20260711/final-verification/git_diff_check.log
?? artifacts/reports/campaign38-semantically-distinct-wdi-pearson-correlation-20260711/final-verification/targeted_campaign38_tests.log
?? artifacts/reports/campaign38-semantically-distinct-wdi-pearson-correlation-20260711/final-verification/unit_and_method_tests.log
?? artifacts/reports/campaign39-heterogeneous-wdi-pearson-batch-20260711/final-verification/architecture_audit.log
?? artifacts/reports/campaign39-heterogeneous-wdi-pearson-batch-20260711/final-verification/coherence.log
?? artifacts/reports/campaign39-heterogeneous-wdi-pearson-batch-20260711/final-verification/compileall.log
?? artifacts/reports/campaign39-heterogeneous-wdi-pearson-batch-20260711/final-verification/context_health.log
?? artifacts/reports/campaign39-heterogeneous-wdi-pearson-batch-20260711/final-verification/full_tests.log
?? artifacts/reports/campaign39-heterogeneous-wdi-pearson-batch-20260711/final-verification/git_diff_check.log
?? artifacts/reports/campaign39-heterogeneous-wdi-pearson-batch-20260711/final-verification/maturity_source_regression_tests.log
?? artifacts/reports/campaign39-heterogeneous-wdi-pearson-batch-20260711/final-verification/no_promote_rerun.log
?? artifacts/reports/campaign39-heterogeneous-wdi-pearson-batch-20260711/final-verification/targeted_campaign39_tests.log
?? artifacts/reports/campaign40-spec-driven-pearson-production-20260711/final_verification/architecture_reality_audit.log
?? artifacts/reports/campaign40-spec-driven-pearson-production-20260711/final_verification/full_test_suite.log
?? artifacts/reports/campaign40-spec-driven-pearson-production-20260711/final_verification/git_diff_check.log
?? artifacts/reports/campaign40-spec-driven-pearson-production-20260711/final_verification/python_compile.log
?? artifacts/reports/campaign40-spec-driven-pearson-production-20260711/final_verification/targeted_engine_tests.log
?? artifacts/reports/canonical-supersession-immutability-durability-gate-20260711/final-verification/architecture_reality_audit.log
?? artifacts/reports/canonical-supersession-immutability-durability-gate-20260711/final-verification/full_tests.log
?? artifacts/reports/canonical-supersession-immutability-durability-gate-20260711/final-verification/git_diff_check.log
?? artifacts/reports/canonical-supersession-immutability-durability-gate-20260711/final-verification/git_status.log
?? artifacts/reports/canonical-supersession-immutability-durability-gate-20260711/final-verification/insightforge_git_status.log
?? artifacts/reports/canonical-supersession-immutability-durability-gate-20260711/final-verification/macroforge_git_status.log
?? artifacts/reports/canonical-supersession-immutability-durability-gate-20260711/final-verification/python_compile.log
?? artifacts/reports/canonical-supersession-immutability-durability-gate-20260711/final-verification/targeted_tests.log
?? artifacts/reports/canonical-supersession-immutability-durability-gate-20260711/targeted_tests.log
?? artifacts/reports/correlation-method-v1-and-campaign36-design-20260710/final-verification/architecture_audit.log
?? artifacts/reports/correlation-method-v1-and-campaign36-design-20260710/final-verification/coherence.log
?? artifacts/reports/correlation-method-v1-and-campaign36-design-20260710/final-verification/context_health.log
?? artifacts/reports/correlation-method-v1-and-campaign36-design-20260710/final-verification/correlation_synthetic_adversarial_tests.log
?? artifacts/reports/correlation-method-v1-and-campaign36-design-20260710/final-verification/full_tests.log
?? artifacts/reports/correlation-method-v1-and-campaign36-design-20260710/final-verification/git_diff_check.log
?? artifacts/reports/correlation-method-v1-and-campaign36-design-20260710/final-verification/unit_resolution_tests.log
?? artifacts/reports/correlation-production-operationalization-20260711/final-verification/architecture_audit.log
?? artifacts/reports/correlation-production-operationalization-20260711/final-verification/coherence.log
?? artifacts/reports/correlation-production-operationalization-20260711/final-verification/compileall.log
?? artifacts/reports/correlation-production-operationalization-20260711/final-verification/context_health.log
?? artifacts/reports/correlation-production-operationalization-20260711/final-verification/full_tests.log
?? artifacts/reports/correlation-production-operationalization-20260711/final-verification/git_diff_check.log
?? artifacts/reports/correlation-production-operationalization-20260711/final-verification/no_promote_historical_reproduction.log
?? artifacts/reports/correlation-production-operationalization-20260711/final-verification/targeted_correlation_batch_engine_tests.log
?? artifacts/reports/macroforge-neutral-release-knowledgeforge-compatibility-pilot-20260711/final-verification/architecture_reality_audit_final.log
?? artifacts/reports/macroforge-neutral-release-knowledgeforge-compatibility-pilot-20260711/final-verification/full_unittest_discover.log
?? artifacts/reports/macroforge-neutral-release-knowledgeforge-compatibility-pilot-20260711/final-verification/git_diff_check.log
?? artifacts/reports/macroforge-neutral-release-knowledgeforge-compatibility-pilot-20260711/final-verification/git_diff_check_final.log
?? artifacts/reports/macroforge-neutral-release-knowledgeforge-compatibility-pilot-20260711/final-verification/git_diff_check_final2.log
?? artifacts/reports/macroforge-neutral-release-knowledgeforge-compatibility-pilot-20260711/final-verification/git_status_final.log
?? artifacts/reports/macroforge-neutral-release-knowledgeforge-compatibility-pilot-20260711/final-verification/macroforge_git_status_after_knowledgeforge_task.log
?? artifacts/reports/macroforge-neutral-release-knowledgeforge-compatibility-pilot-20260711/final-verification/macroforge_git_status_final.log
?? artifacts/reports/macroforge-neutral-release-knowledgeforge-compatibility-pilot-20260711/final-verification/release_inbox_regression_tests.log
?? artifacts/reports/macroforge-neutral-release-knowledgeforge-compatibility-pilot-20260711/final-verification/targeted_adapter_tests.log
?? artifacts/reports/macroforge-release-driven-automation-alignment-20260711/run_prototype.log
?? artifacts/reports/macroforge-release-driven-automation-alignment-20260711/verification/architecture_reality_audit.log
?? artifacts/reports/macroforge-release-driven-automation-alignment-20260711/verification/full_test_suite.log
?? artifacts/reports/macroforge-release-driven-automation-alignment-20260711/verification/git_diff_check.log
?? artifacts/reports/macroforge-release-driven-automation-alignment-20260711/verification/python_compile.log
?? artifacts/reports/macroforge-release-driven-automation-alignment-20260711/verification/targeted_release_automation_tests.log
?? artifacts/reports/macroforge-release-driven-automation-alignment-20260711/write_specs.log
?? artifacts/reports/operational-state-backup-restore-durability-gate-20260712/isolated_restore/
?? artifacts/reports/post-campaign42-production-alignment-git-durability-20260712/commits/04_closeout_state_diff_check.log
?? artifacts/reports/post-campaign42-production-alignment-git-durability-20260712/commits/04_closeout_state_result.json
?? artifacts/reports/post-campaign42-production-alignment-git-durability-20260712/commits/04_closeout_state_staged_name_status.log
?? artifacts/reports/post-campaign42-production-alignment-git-durability-20260712/commits/04_closeout_state_staged_sensitive_scan.json
?? artifacts/reports/post-campaign42-production-alignment-git-durability-20260712/commits/04_closeout_state_staged_stat.log
?? artifacts/reports/post-campaign42-production-alignment-git-durability-20260712/commits/04_closeout_state_test_1.log
?? artifacts/reports/post-campaign42-production-alignment-git-durability-20260712/commits/04_closeout_state_test_2.log
?? artifacts/reports/post-campaign42-production-alignment-git-durability-20260712/commits/commit_summary_continued.json
?? artifacts/reports/post-campaign42-production-alignment-git-durability-20260712/final_verification/
?? artifacts/reports/postgresql-acceptance-sequencing-20260710/final-verification/architecture_audit.log
?? artifacts/reports/postgresql-acceptance-sequencing-20260710/final-verification/coherence.log
?? artifacts/reports/postgresql-acceptance-sequencing-20260710/final-verification/context_health.log
?? artifacts/reports/postgresql-acceptance-sequencing-20260710/final-verification/full_tests.log
?? artifacts/reports/provider-neutral-outbox-polling-supersession-postgresql-prototype-20260711/final-verification/architecture_reality_audit.log
?? artifacts/reports/provider-neutral-outbox-polling-supersession-postgresql-prototype-20260711/final-verification/full_tests.log
?? artifacts/reports/provider-neutral-outbox-polling-supersession-postgresql-prototype-20260711/final-verification/git_diff_check.log
?? artifacts/reports/provider-neutral-outbox-polling-supersession-postgresql-prototype-20260711/final-verification/git_diff_check_final.log
?? artifacts/reports/provider-neutral-outbox-polling-supersession-postgresql-prototype-20260711/final-verification/git_status.log
?? artifacts/reports/provider-neutral-outbox-polling-supersession-postgresql-prototype-20260711/final-verification/macroforge_git_status.log
?? artifacts/reports/provider-neutral-outbox-polling-supersession-postgresql-prototype-20260711/final-verification/python_compile.log
?? artifacts/reports/provider-neutral-outbox-polling-supersession-postgresql-prototype-20260711/final-verification/targeted_tests.log
?? artifacts/reports/provider-neutral-release-inbox-real-evidence-impact-pilot-v1-20260711/verification/architecture_reality_audit.log
?? artifacts/reports/provider-neutral-release-inbox-real-evidence-impact-pilot-v1-20260711/verification/final_git_diff_check.log
?? artifacts/reports/provider-neutral-release-inbox-real-evidence-impact-pilot-v1-20260711/verification/full_test_suite.log
?? artifacts/reports/provider-neutral-release-inbox-real-evidence-impact-pilot-v1-20260711/verification/git_diff_check.log
?? artifacts/reports/provider-neutral-release-inbox-real-evidence-impact-pilot-v1-20260711/verification/postgresql_verify_stdout.log
?? artifacts/reports/provider-neutral-release-inbox-real-evidence-impact-pilot-v1-20260711/verification/py_compile.log
?? artifacts/reports/provider-neutral-release-inbox-real-evidence-impact-pilot-v1-20260711/verification/release_inbox_tests.log
?? artifacts/reports/relationship-export-contract-v1-20260711/verification/architecture_reality_audit.log
?? artifacts/reports/relationship-export-contract-v1-20260711/verification/full_test_suite.log
?? artifacts/reports/relationship-export-contract-v1-20260711/verification/git_diff_check.log
?? artifacts/reports/relationship-export-contract-v1-20260711/verification/python_compile.log
?? artifacts/reports/relationship-export-contract-v1-20260711/verification/targeted_export_tests.log
?? artifacts/reports/repository-wide-durability-inventory-supersession-correction-20260711/final_context_verification.log
?? artifacts/reports/repository-wide-durability-inventory-supersession-correction-20260711/final_verification.log
?? artifacts/reports/repository-wide-durability-inventory-supersession-correction-20260711/final_verification_after_closeout.log
?? artifacts/reports/repository-wide-durability-inventory-supersession-correction-20260711/summary_refresh.log
?? artifacts/reports/reviewed-git-durability-publication-20260712/continuation/
?? artifacts/reports/reviewed-git-durability-publication-20260712/final-validation-continuation/
?? artifacts/reports/reviewed-git-durability-publication-20260712/push-and-remote-verification/
?? artifacts/reports/statistical-summary-method-v2-and-campaign35-prep-20260710/final-verification/architecture_audit.log
?? artifacts/reports/statistical-summary-method-v2-and-campaign35-prep-20260710/final-verification/coherence.log
?? artifacts/reports/statistical-summary-method-v2-and-campaign35-prep-20260710/final-verification/context_health.log
?? artifacts/reports/statistical-summary-method-v2-and-campaign35-prep-20260710/final-verification/full_tests.log
?? artifacts/reports/statistical-summary-method-v2-and-campaign35-prep-20260710/final-verification/git_diff_check.log
?? artifacts/reports/statistical-summary-method-v2-and-campaign35-prep-20260710/final-verification/targeted_method_v2_tests.log
?? artifacts/reports/wdi-observation-fixture-statistical-summary-design-gate-20260710/final-verification/architecture_audit.log
?? artifacts/reports/wdi-observation-fixture-statistical-summary-design-gate-20260710/final-verification/coherence.log
?? artifacts/reports/wdi-observation-fixture-statistical-summary-design-gate-20260710/final-verification/context_health.log
?? artifacts/reports/wdi-observation-fixture-statistical-summary-design-gate-20260710/final-verification/full_tests.log
?? artifacts/reports/wdi-observation-fixture-statistical-summary-design-gate-20260710/final-verification/targeted_fixture_tests.log
