{
  "deterministic_content": {
    "contract": {
      "identity": "knowledgeforge_relationship_export_v1@1.0",
      "name": "knowledgeforge_relationship_export_v1",
      "version": "1.0"
    },
    "freshness": {
      "logical_projection_fingerprint": "sha256:6699bcb0dcf5f439a715885c281f3c744a0c4f8ed7a6edc66a953006618b4b4e",
      "projection_id": "sha256:e971da4bb8e65dba1580908a68b1e836001e5f5f885f615ce0a89e50662f2b54",
      "projection_tool_version": "postgresql_operational_projection_v1",
      "repository_fingerprint": "sha256:82fbbfecf1b9d33bc164d3380ab5d350435e7d5e0ab8a0cdcebfc8fd9f9a0c8b",
      "repository_object_count": 554
    },
    "package_identities": [
      "pkg-object-srcpkg-campaign40-agriculture-agricultural-forest-land-dnk-first-difference-pearson-companion-v1",
      "pkg-object-srcpkg-campaign40-demographic-birth-death-rates-nor-first-difference-pearson-companion-v1",
      "pkg-object-srcpkg-campaign40-energy-fossil-nonhydro-renewables-nor-first-difference-pearson-companion-v1",
      "pkg-object-srcpkg-campaign40-finance-credit-broad-money-dnk-first-difference-pearson-companion-v1",
      "pkg-object-srcpkg-campaign40-health-life-expectancy-under5-mortality-nor-first-difference-pearson-companion-v1",
      "pkg-object-srcpkg-campaign40-infrastructure-internet-mobile-swe-first-difference-pearson-companion-v1",
      "pkg-object-srcpkg-campaign41-swe-private-credit-internet-users-first-difference-pearson-companion-v1",
      "pkg-object-srcpkg-campaign41-swe-private-credit-mobile-cellular-first-difference-pearson-companion-v1"
    ],
    "query": {
      "controls": {
        "include_full_package_payload": true,
        "include_provenance": true,
        "limit": 100,
        "max_result_count": 100,
        "offset": 0,
        "only_current_valid_projection": true,
        "sort": "package_id"
      },
      "filters": {
        "method_identifier": "wdi_annual_scalar_first_difference_pearson_v1"
      },
      "query_contract": "knowledgeforge_relationship_query_v1@1.0"
    },
    "query_fingerprint": "sha256:9a06b210db9c1b3ae9e8d5b04eeee0a78becdf7743d1f94c3d4dff52def651d0",
    "result_count": 8,
    "result_set_fingerprint": "sha256:efe516496ee67080f4789f342db7cb21d058c5e09f7ed8d9da505a50c1a2d0fe",
    "results": [
      {
        "canonical_package": {
          "confidence_quality": {
            "confidence_label": "fixture-supported-deterministic-first-difference-companion",
            "evidence_sufficiency": "sufficient for bounded deterministic first-difference Pearson companion object",
            "lifecycle_state": "accepted",
            "reproducibility_state": "reproducible_offline_from_retained_fixture_and_raw_package_reference",
            "uncertainty_dimensions": [
              "non-causality",
              "non-prediction",
              "absence of significance testing",
              "first-difference stationarity not proven",
              "noise amplification",
              "window and revision dependence"
            ],
            "validation_state": "pass"
          },
          "contradiction_records": [
            {
              "contradicting_evidence": null,
              "contradiction_id": "none-recorded",
              "contradiction_type": "none",
              "disposition": "not_applicable",
              "target_statement": "stmt-srcpkg-campaign40-agriculture-agricultural-forest-land-dnk-first-difference-pearson-companion-v1"
            }
          ],
          "created_at": "2026-07-12",
          "created_by": "campaign42_first_difference_companion_production",
          "evidence_integrity": {
            "evidence_refs_verified": true,
            "fingerprints_verified": true,
            "source_package_fingerprint": "sha256:0c899b19f042d7f161fec0f8e84d0daa95c929462946bbb82099f2236ecfddbf"
          },
          "evidence_references": [
            {
              "accessed_at": "2026-07-12",
              "evaluation_status": "evaluated",
              "evidence_class": "derived_first_difference_dual_series_observation_fixture",
              "evidence_ref_id": "ev-campaign42-fd-pearson-companion-01",
              "reproducibility_handle": "canonical raw package reference plus retained evidence fixture fingerprints, transformed-series fingerprints, and aligned-observation fingerprint",
              "snapshot_fingerprint": "sha256:0c899b19f042d7f161fec0f8e84d0daa95c929462946bbb82099f2236ecfddbf",
              "source_family": "official_statistical_source_data",
              "source_identity": "Retained raw evidence for AG.LND.AGRI.ZS and AG.LND.FRST.ZS DNK transformed by Campaign 42 first-difference contract",
              "source_owner": "World Bank WDI API retained local fixture",
              "source_version": "retained_fixture"
            }
          ],
          "evolution_metadata": {
            "change_reason": "Campaign 42 first-difference Pearson companion production",
            "dependent_object_review_posture": "not_applicable",
            "previous_revision": null,
            "version_lineage": []
          },
          "fingerprints": {
            "computation_recipe": "sha256:d7cd14dd280300c3d7571c23a9706ca57e2a2760581f0f674f15580156eae8ec",
            "evidence_references": "sha256:c3995c1ea85b39e89f2c0822a72848c7a6e04e150737ebbf9f8552f717a1070f",
            "generated_statements": "sha256:acd3c79fed9ad7735b5b102cc6b0e7bbcd87692e9eb082af8ad58e39cb7af38c",
            "input_set": "sha256:dc00ee5c9a4ee4122ef40f999ad55c85a41fff413f874581731fa1fa3e4617ad",
            "package_manifest": "sha256:4aeb7776f59f69fb3eec2efca2bf7c1497be75fe83327bf1214e70fe00d20c55",
            "query_definitions": "sha256:ea8bc6ef9350b3ffda9affb1d4a71d090f44cb3ccc2403445cabf4feddb0958f"
          },
          "generated_statements": [
            {
              "applicability": {
                "entity_id": "DNK",
                "frequency": "annual",
                "method_id": "wdi_annual_scalar_first_difference_pearson_v1",
                "method_version": "1.0",
                "period_end": 2023,
                "period_start": 1991
              },
              "dependencies": [
                "calc-campaign42-fd-pearson-companion-01",
                "pkg-object-srcpkg-campaign40-agriculture-agricultural-forest-land-dnk-pearson-correlation-v1"
              ],
              "evidence_refs": [
                "ev-campaign42-fd-pearson-companion-01"
              ],
              "origin": "computed_from_campaign42_frozen_first_difference_companion_registry",
              "statement_id": "stmt-srcpkg-campaign40-agriculture-agricultural-forest-land-dnk-first-difference-pearson-companion-v1",
              "statement_type": "derived_relationship",
              "structured_payload": {
                "aligned_observation_fingerprint": "sha256:0c899b19f042d7f161fec0f8e84d0daa95c929462946bbb82099f2236ecfddbf",
                "aligned_transformed_count": 33,
                "answers_change_co_movement_not_level_co_movement": true,
                "campaign42_registry_fingerprint": "sha256:be7a085b5a74860c9a6c95fb2c9e6f45a066679d317fc743694959d502e3dc15",
                "campaign42_specification_fingerprint": "sha256:ec3eaf0f735a888bc01f9cf394f015dd87eab3096be2690e75de0c4ec6f86d00",
                "companion_identity": "independently reproducible first-difference companion; independently retrievable; does not supersede or mutate the raw package",
                "does_not_supersede_raw_package": true,
                "entity_id": "DNK",
                "family": "Agriculture & Rural Development",
                "first_difference_pearson_coefficient": {
                  "canonical": "-0.017407835395",
                  "unit": "dimensionless"
                },
                "frequency": "annual",
                "independent_recompute_coefficient": "-0.017407835395",
                "limitations": [
                  "First differencing does not prove stationarity.",
                  "Correlation does not imply causation.",
                  "No significance, forecast, mechanism, lead-lag, recommendation, or investment signal is implied.",
                  "Differencing may amplify noise.",
                  "Results remain window- and revision-dependent.",
                  "This companion does not supersede or correct the raw Pearson package."
                ],
                "method_contract_fingerprint": "sha256:e7de3a78473ca97e0cdb427118a5d5e48b6777b51592f55e2ed50ed5d78a3ade",
                "method_id": "wdi_annual_scalar_first_difference_pearson_v1",
                "method_version": "1.0",
                "missing_and_excluded_periods": {
                  "series_a_missing_or_excluded": [],
                  "series_b_missing_or_excluded": []
                },
                "package_fingerprint": "sha256:295bc27d25c3ae1a077d0e5983b160970c18a7cabe615d3a0635e7fd080e5d14",
                "pearson_coefficient": {
                  "canonical": "-0.017407835395",
                  "unit": "dimensionless"
                },
                "period_scope": {
                  "end": 2023,
                  "start": 1991
                },
                "prior_embedded_diagnostic_reconciliation": {
                  "aligned_count_matches": true,
                  "coefficient_matches": true,
                  "new_companion_coefficient": "-0.017407835395",
                  "prior_embedded_diagnostic_present": true,
                  "prior_embedded_first_difference_coefficient": "-0.017407835395",
                  "transformation_semantics_matches": true
                },
                "raw_evidence_fixtures": {
                  "series_a": {
                    "identity": "AG.LND.AGRI.ZS__DNK__1990-2024",
                    "normalized_fingerprint": "sha256:bd5f8ecbdcddeabfd572d3575f5b8d5f816f3526a9bbbce29675291fa32b6b0a",
                    "path": "artifacts/evidence-fixtures/campaign40-spec-driven-pearson-production-1990-2024-https/AG.LND.AGRI.ZS__DNK__1990-2024/normalized_observations.json",
                    "selection_fingerprint": "sha256:8764b9f8a237f6b2f26ee743c57388e4c3f1b3b501ac46315a59965ca390966c",
                    "source_raw_fixture_fingerprint": "sha256:096ca90ca993a707617a7218a87fb1ff597a10951366e11edd9ad623eb93e8e9"
                  },
                  "series_b": {
                    "identity": "AG.LND.FRST.ZS__DNK__1990-2024",
                    "normalized_fingerprint": "sha256:6ca9fabae5d3d89339f82e86df39947f0997276c44044464f0b2b5d09538379c",
                    "path": "artifacts/evidence-fixtures/campaign40-spec-driven-pearson-production-1990-2024-https/AG.LND.FRST.ZS__DNK__1990-2024/normalized_observations.json",
                    "selection_fingerprint": "sha256:3fead4f2c1a04e34b79f133342da0edf8294a58eb2f6fe5c8fe4ca7ca2f66cdb",
                    "source_raw_fixture_fingerprint": "sha256:1a42ca934e6c44e3be4f31097191b4011207ea26ac068a0f44da7274f44ceaf3"
                  }
                },
                "raw_observation_count": {
                  "series_a": 34,
                  "series_b": 34
                },
                "raw_package_reference": {
                  "package_fingerprint": "sha256:d1b56d4b5b64fa68390052e122b16cf88198044fd0fead7f7d176d83e943eb69",
                  "package_id": "pkg-object-srcpkg-campaign40-agriculture-agricultural-forest-land-dnk-pearson-correlation-v1",
                  "source_campaign": "Campaign 40"
                },
                "raw_period_scope": {
                  "end": 2024,
                  "start": 1990
                },
                "raw_units": {
                  "series_a": "% of land area",
                  "series_b": "% of land area"
                },
                "series_a": {
                  "code": "AG.LND.AGRI.ZS",
                  "name": "Agricultural land (% of land area)",
                  "transformation": "raw",
                  "transformed_unit": "year-to-year percentage-point change in % of land area",
                  "unit": "% of land area"
                },
                "series_b": {
                  "code": "AG.LND.FRST.ZS",
                  "name": "Forest area (% of land area)",
                  "transformation": "raw",
                  "transformed_unit": "year-to-year percentage-point change in % of land area",
                  "unit": "% of land area"
                },
                "transformation_contract_fingerprint": "sha256:71573c15a70a0694b6bca3b3fc1c712ef7720ef7f1c30f4c50186cc7c44bbc5f",
                "transformation_id": "wdi_annual_scalar_first_difference_v1",
                "transformation_state": "first_difference",
                "transformation_version": "1.0",
                "transformed_coverage": "1.000000000000",
                "transformed_observation_count": {
                  "series_a": 33,
                  "series_b": 33
                },
                "transformed_series_fingerprints": {
                  "series_a": "sha256:b2727c9cedca3b6f3e1bc70c840734f3125e8c5189385a3dc4e24d76bdead432",
                  "series_b": "sha256:7d604dd1896d6a6cc11536125d2f31f68678fe431628fbed8d9c3b4963704a05"
                },
                "transformed_unit_semantics": {
                  "series_a": "year-to-year percentage-point change in % of land area",
                  "series_b": "year-to-year percentage-point change in % of land area"
                },
                "validation_judgment": "accepted_campaign42_first_difference_pearson_companion",
                "validation_registry_fingerprint": "sha256:5954ecc7b6322efe42a0246d3023b5ab28caa05ee76d8258773391f846188657"
              },
              "text": "Across aligned annual first differences for DNK from 1991 through 2023, the Pearson correlation between annual changes in Agricultural land (% of land area) and annual changes in Forest area (% of land area) is -0.017407835395, using 33 aligned transformed observations. This is a Campaign 42 companion to raw package pkg-object-srcpkg-campaign40-agriculture-agricultural-forest-land-dnk-pearson-correlation-v1 and does not supersede it."
            }
          ],
          "input_references": [
            "campaign42_first_difference_pearson_companion_production",
            "sha256:be7a085b5a74860c9a6c95fb2c9e6f45a066679d317fc743694959d502e3dc15",
            "sha256:ec3eaf0f735a888bc01f9cf394f015dd87eab3096be2690e75de0c4ec6f86d00",
            "sha256:71573c15a70a0694b6bca3b3fc1c712ef7720ef7f1c30f4c50186cc7c44bbc5f",
            "sha256:e7de3a78473ca97e0cdb427118a5d5e48b6777b51592f55e2ed50ed5d78a3ade",
            "pkg-object-srcpkg-campaign40-agriculture-agricultural-forest-land-dnk-pearson-correlation-v1"
          ],
          "lineage": {
            "previous_package_id": null,
            "referenced_raw_package_id": "pkg-object-srcpkg-campaign40-agriculture-agricultural-forest-land-dnk-pearson-correlation-v1",
            "referenced_raw_source_campaign": "Campaign 40",
            "source_campaign": "Campaign 42",
            "version_lineage": []
          },
          "package_id": "pkg-object-srcpkg-campaign40-agriculture-agricultural-forest-land-dnk-first-difference-pearson-companion-v1",
          "package_kind": "KnowledgeObjectPackage",
          "package_version": "1.0",
          "provenance_envelope": {
            "evaluation_refs": [
              "sha256:be7a085b5a74860c9a6c95fb2c9e6f45a066679d317fc743694959d502e3dc15",
              "sha256:ec3eaf0f735a888bc01f9cf394f015dd87eab3096be2690e75de0c4ec6f86d00",
              "sha256:0c899b19f042d7f161fec0f8e84d0daa95c929462946bbb82099f2236ecfddbf"
            ],
            "evidence_refs": [
              "ev-campaign42-fd-pearson-companion-01"
            ],
            "lineage_basis": "Campaign 42 companion production from frozen registry/specification; references raw package pkg-object-srcpkg-campaign40-agriculture-agricultural-forest-land-dnk-pearson-correlation-v1 from Campaign 40 without supersession",
            "method_refs": [
              "wdi_annual_scalar_first_difference_pearson_v1@1.0",
              "wdi_annual_scalar_first_difference_v1@1.0"
            ]
          },
          "scope": {
            "domain": "world_development_indicators",
            "entity_scope": [
              "DNK"
            ],
            "evidence_family": "external_wdi_annual_scalar_first_difference_pearson_companion",
            "period_scope": {
              "end": 2023,
              "start": 1991
            }
          },
          "status": "accepted",
          "validation_state": {
            "blockers": [],
            "validation_result": "pass",
            "warnings": [
              "first_difference_does_not_prove_stationarity",
              "correlation_not_causation",
              "no_significance_forecast_mechanism_lead_lag_recommendation_or_investment_signal",
              "does_not_supersede_raw_package"
            ]
          }
        },
        "lifecycle_state": "accepted",
        "package_fingerprint": "sha256:ee564cefd4fda3bd80218591859914ff78c7ae12f0e2c55ffbc4493a8d3c2bec",
        "package_id": "pkg-object-srcpkg-campaign40-agriculture-agricultural-forest-land-dnk-first-difference-pearson-companion-v1",
        "package_manifest_fingerprint": "sha256:4aeb7776f59f69fb3eec2efca2bf7c1497be75fe83327bf1214e70fe00d20c55",
        "relationship_metadata": {
          "coefficient": {
            "canonical": "-0.017407835395",
            "unit": "dimensionless"
          },
          "entity": "DNK",
          "evidence_family": "external_wdi_annual_scalar_first_difference_pearson_companion",
          "frequency": "annual",
          "lifecycle_state": "accepted",
          "limitations": [
            "First differencing does not prove stationarity.",
            "Correlation does not imply causation.",
            "No significance, forecast, mechanism, lead-lag, recommendation, or investment signal is implied.",
            "Differencing may amplify noise.",
            "Results remain window- and revision-dependent.",
            "This companion does not supersede or correct the raw Pearson package."
          ],
          "method_contract_fingerprint": "sha256:e7de3a78473ca97e0cdb427118a5d5e48b6777b51592f55e2ed50ed5d78a3ade",
          "method_identifier": "wdi_annual_scalar_first_difference_pearson_v1",
          "method_version": "1.0",
          "period_scope": {
            "end": 2023,
            "start": 1991
          },
          "provenance": {
            "evaluation_refs": [
              "sha256:be7a085b5a74860c9a6c95fb2c9e6f45a066679d317fc743694959d502e3dc15",
              "sha256:ec3eaf0f735a888bc01f9cf394f015dd87eab3096be2690e75de0c4ec6f86d00",
              "sha256:0c899b19f042d7f161fec0f8e84d0daa95c929462946bbb82099f2236ecfddbf"
            ],
            "evidence_refs": [
              "ev-campaign42-fd-pearson-companion-01"
            ],
            "lineage_basis": "Campaign 42 companion production from frozen registry/specification; references raw package pkg-object-srcpkg-campaign40-agriculture-agricultural-forest-land-dnk-pearson-correlation-v1 from Campaign 40 without supersession",
            "method_refs": [
              "wdi_annual_scalar_first_difference_pearson_v1@1.0",
              "wdi_annual_scalar_first_difference_v1@1.0"
            ]
          },
          "series": [
            {
              "code": "AG.LND.AGRI.ZS",
              "name": "Agricultural land (% of land area)",
              "transformation": "raw",
              "transformed_unit": "year-to-year percentage-point change in % of land area",
              "unit": "% of land area"
            },
            {
              "code": "AG.LND.FRST.ZS",
              "name": "Forest area (% of land area)",
              "transformation": "raw",
              "transformed_unit": "year-to-year pe

... [OUTPUT TRUNCATED - 96434 chars omitted out of 146434 total] ...

        "package_fingerprint": "sha256:c869724956d6e7af1b8b2e3c55b416923872a2a5b15714aaebb4fc78da2a7166",
                "pearson_coefficient": {
                  "canonical": "0.141137912446",
                  "unit": "dimensionless"
                },
                "period_scope": {
                  "end": 2024,
                  "start": 1991
                },
                "prior_embedded_diagnostic_reconciliation": {
                  "aligned_count_matches": true,
                  "coefficient_matches": true,
                  "new_companion_coefficient": "0.141137912446",
                  "prior_embedded_diagnostic_present": true,
                  "prior_embedded_first_difference_coefficient": "0.141137912446",
                  "transformation_semantics_matches": true
                },
                "raw_evidence_fixtures": {
                  "series_a": {
                    "identity": "FS.AST.PRVT.GD.ZS__SWE__1990-2024",
                    "normalized_fingerprint": "sha256:3537de80559a2063e20bf1d6096f06782b900efc1dd8b9d6c3f0b28d71bae9ec",
                    "path": "artifacts/evidence-fixtures/campaign40-spec-driven-pearson-production-1990-2024-https/FS.AST.PRVT.GD.ZS__SWE__1990-2024/normalized_observations.json",
                    "selection_fingerprint": "sha256:ef4af114fcdd78c4ca9d2f52108d61f0a206a259e4193910aa69d73d5a207080",
                    "source_raw_fixture_fingerprint": "sha256:d1dcc37b09df9395b5d484ee15eb704b76cfff029b8e0e2be865b23dc92705f6"
                  },
                  "series_b": {
                    "identity": "IT.NET.USER.ZS__SWE__1990-2024",
                    "normalized_fingerprint": "sha256:ebc7b93fac69eccce658a46d2807a059636a43784f42b2e9ff9589b6e9389de2",
                    "path": "artifacts/evidence-fixtures/campaign40-spec-driven-pearson-production-1990-2024-https/IT.NET.USER.ZS__SWE__1990-2024/normalized_observations.json",
                    "selection_fingerprint": "sha256:d18c54564d09d46a10724cf347d3d0ec2cb79ce9897699a002ae0ecdb86c244e",
                    "source_raw_fixture_fingerprint": "sha256:9d749f6bb5e305128a31d62f812f4dccc485898bbd877b115e7d955268981566"
                  }
                },
                "raw_observation_count": {
                  "series_a": 35,
                  "series_b": 35
                },
                "raw_package_reference": {
                  "package_fingerprint": "sha256:859d99406235a784afad50ec2275aede1a67665b114044af4f5d6d71eb9582e3",
                  "package_id": "pkg-object-srcpkg-campaign41-swe-private-credit-internet-users-pearson-correlation-v1",
                  "source_campaign": "Campaign 41"
                },
                "raw_period_scope": {
                  "end": 2024,
                  "start": 1990
                },
                "raw_units": {
                  "series_a": "percent of GDP",
                  "series_b": "% of population"
                },
                "series_a": {
                  "code": "FS.AST.PRVT.GD.ZS",
                  "name": "Domestic credit to private sector (% of GDP)",
                  "transformation": "raw",
                  "transformed_unit": "year-to-year change in percentage points of GDP",
                  "unit": "percent of GDP"
                },
                "series_b": {
                  "code": "IT.NET.USER.ZS",
                  "name": "Individuals using the Internet (% of population)",
                  "transformation": "raw",
                  "transformed_unit": "year-to-year percentage-point change in % of population",
                  "unit": "% of population"
                },
                "transformation_contract_fingerprint": "sha256:71573c15a70a0694b6bca3b3fc1c712ef7720ef7f1c30f4c50186cc7c44bbc5f",
                "transformation_id": "wdi_annual_scalar_first_difference_v1",
                "transformation_state": "first_difference",
                "transformation_version": "1.0",
                "transformed_coverage": "1.000000000000",
                "transformed_observation_count": {
                  "series_a": 34,
                  "series_b": 34
                },
                "transformed_series_fingerprints": {
                  "series_a": "sha256:8bed333afd1762c84447888589dc84c29bf27eb2854a2062fc419dee09a3fd13",
                  "series_b": "sha256:6f158a95449d3eac1eccec3ee47399eca611bd95d2b7f50b7c36e883c1bad379"
                },
                "transformed_unit_semantics": {
                  "series_a": "year-to-year change in percentage points of GDP",
                  "series_b": "year-to-year percentage-point change in % of population"
                },
                "validation_judgment": "accepted_campaign42_first_difference_pearson_companion",
                "validation_registry_fingerprint": "sha256:5954ecc7b6322efe42a0246d3023b5ab28caa05ee76d8258773391f846188657"
              },
              "text": "Across aligned annual first differences for SWE from 1991 through 2024, the Pearson correlation between annual changes in Domestic credit to private sector (% of GDP) and annual changes in Individuals using the Internet (% of population) is 0.141137912446, using 34 aligned transformed observations. This is a Campaign 42 companion to raw package pkg-object-srcpkg-campaign41-swe-private-credit-internet-users-pearson-correlation-v1 and does not supersede it."
            }
          ],
          "input_references": [
            "campaign42_first_difference_pearson_companion_production",
            "sha256:be7a085b5a74860c9a6c95fb2c9e6f45a066679d317fc743694959d502e3dc15",
            "sha256:ec3eaf0f735a888bc01f9cf394f015dd87eab3096be2690e75de0c4ec6f86d00",
            "sha256:71573c15a70a0694b6bca3b3fc1c712ef7720ef7f1c30f4c50186cc7c44bbc5f",
            "sha256:e7de3a78473ca97e0cdb427118a5d5e48b6777b51592f55e2ed50ed5d78a3ade",
            "pkg-object-srcpkg-campaign41-swe-private-credit-internet-users-pearson-correlation-v1"
          ],
          "lineage": {
            "previous_package_id": null,
            "referenced_raw_package_id": "pkg-object-srcpkg-campaign41-swe-private-credit-internet-users-pearson-correlation-v1",
            "referenced_raw_source_campaign": "Campaign 41",
            "source_campaign": "Campaign 42",
            "version_lineage": []
          },
          "package_id": "pkg-object-srcpkg-campaign41-swe-private-credit-internet-users-first-difference-pearson-companion-v1",
          "package_kind": "KnowledgeObjectPackage",
          "package_version": "1.0",
          "provenance_envelope": {
            "evaluation_refs": [
              "sha256:be7a085b5a74860c9a6c95fb2c9e6f45a066679d317fc743694959d502e3dc15",
              "sha256:ec3eaf0f735a888bc01f9cf394f015dd87eab3096be2690e75de0c4ec6f86d00",
              "sha256:4424de0bfb8e90c50e428e116eb1a88d0b140cff0176e70c1700ab522c5a32cd"
            ],
            "evidence_refs": [
              "ev-campaign42-fd-pearson-companion-07"
            ],
            "lineage_basis": "Campaign 42 companion production from frozen registry/specification; references raw package pkg-object-srcpkg-campaign41-swe-private-credit-internet-users-pearson-correlation-v1 from Campaign 41 without supersession",
            "method_refs": [
              "wdi_annual_scalar_first_difference_pearson_v1@1.0",
              "wdi_annual_scalar_first_difference_v1@1.0"
            ]
          },
          "scope": {
            "domain": "world_development_indicators",
            "entity_scope": [
              "SWE"
            ],
            "evidence_family": "external_wdi_annual_scalar_first_difference_pearson_companion",
            "period_scope": {
              "end": 2024,
              "start": 1991
            }
          },
          "status": "accepted",
          "validation_state": {
            "blockers": [],
            "validation_result": "pass",
            "warnings": [
              "first_difference_does_not_prove_stationarity",
              "correlation_not_causation",
              "no_significance_forecast_mechanism_lead_lag_recommendation_or_investment_signal",
              "does_not_supersede_raw_package"
            ]
          }
        },
        "lifecycle_state": "accepted",
        "package_fingerprint": "sha256:b7a4278be88608fda4e647d6331f0b973131b7e1698d3d64773b08dfe95c0445",
        "package_id": "pkg-object-srcpkg-campaign41-swe-private-credit-internet-users-first-difference-pearson-companion-v1",
        "package_manifest_fingerprint": "sha256:d271bbc1e59088992a648d8551c49be46ca336d86e959f918d0366683121dd9d",
        "relationship_metadata": {
          "coefficient": {
            "canonical": "0.141137912446",
            "unit": "dimensionless"
          },
          "entity": "SWE",
          "evidence_family": "external_wdi_annual_scalar_first_difference_pearson_companion",
          "frequency": "annual",
          "lifecycle_state": "accepted",
          "limitations": [
            "First differencing does not prove stationarity.",
            "Correlation does not imply causation.",
            "No significance, forecast, mechanism, lead-lag, recommendation, or investment signal is implied.",
            "Differencing may amplify noise.",
            "Results remain window- and revision-dependent.",
            "This companion does not supersede or correct the raw Pearson package."
          ],
          "method_contract_fingerprint": "sha256:e7de3a78473ca97e0cdb427118a5d5e48b6777b51592f55e2ed50ed5d78a3ade",
          "method_identifier": "wdi_annual_scalar_first_difference_pearson_v1",
          "method_version": "1.0",
          "period_scope": {
            "end": 2024,
            "start": 1991
          },
          "provenance": {
            "evaluation_refs": [
              "sha256:be7a085b5a74860c9a6c95fb2c9e6f45a066679d317fc743694959d502e3dc15",
              "sha256:ec3eaf0f735a888bc01f9cf394f015dd87eab3096be2690e75de0c4ec6f86d00",
              "sha256:4424de0bfb8e90c50e428e116eb1a88d0b140cff0176e70c1700ab522c5a32cd"
            ],
            "evidence_refs": [
              "ev-campaign42-fd-pearson-companion-07"
            ],
            "lineage_basis": "Campaign 42 companion production from frozen registry/specification; references raw package pkg-object-srcpkg-campaign41-swe-private-credit-internet-users-pearson-correlation-v1 from Campaign 41 without supersession",
            "method_refs": [
              "wdi_annual_scalar_first_difference_pearson_v1@1.0",
              "wdi_annual_scalar_first_difference_v1@1.0"
            ]
          },
          "series": [
            {
              "code": "FS.AST.PRVT.GD.ZS",
              "name": "Domestic credit to private sector (% of GDP)",
              "transformation": "raw",
              "transformed_unit": "year-to-year change in percentage points of GDP",
              "unit": "percent of GDP"
            },
            {
              "code": "IT.NET.USER.ZS",
              "name": "Individuals using the Internet (% of population)",
              "transformation": "raw",
              "transformed_unit": "year-to-year percentage-point change in % of population",
              "unit": "% of population"
            }
          ],
          "statement_type": "derived_relationship",
          "transformation_state": "first_difference"
        }
      },
      {
        "canonical_package": {
          "confidence_quality": {
            "confidence_label": "fixture-supported-deterministic-first-difference-companion",
            "evidence_sufficiency": "sufficient for bounded deterministic first-difference Pearson companion object",
            "lifecycle_state": "accepted",
            "reproducibility_state": "reproducible_offline_from_retained_fixture_and_raw_package_reference",
            "uncertainty_dimensions": [
              "non-causality",
              "non-prediction",
              "absence of significance testing",
              "first-difference stationarity not proven",
              "noise amplification",
              "window and revision dependence"
            ],
            "validation_state": "pass"
          },
          "contradiction_records": [
            {
              "contradicting_evidence": null,
              "contradiction_id": "none-recorded",
              "contradiction_type": "none",
              "disposition": "not_applicable",
              "target_statement": "stmt-srcpkg-campaign41-swe-private-credit-mobile-cellular-first-difference-pearson-companion-v1"
            }
          ],
          "created_at": "2026-07-12",
          "created_by": "campaign42_first_difference_companion_production",
          "evidence_integrity": {
            "evidence_refs_verified": true,
            "fingerprints_verified": true,
            "source_package_fingerprint": "sha256:032782cfd304ceb475e3863aa26257f1941fd2ad2e77bc6a1e35d6fe823b8668"
          },
          "evidence_references": [
            {
              "accessed_at": "2026-07-12",
              "evaluation_status": "evaluated",
              "evidence_class": "derived_first_difference_dual_series_observation_fixture",
              "evidence_ref_id": "ev-campaign42-fd-pearson-companion-08",
              "reproducibility_handle": "canonical raw package reference plus retained evidence fixture fingerprints, transformed-series fingerprints, and aligned-observation fingerprint",
              "snapshot_fingerprint": "sha256:032782cfd304ceb475e3863aa26257f1941fd2ad2e77bc6a1e35d6fe823b8668",
              "source_family": "official_statistical_source_data",
              "source_identity": "Retained raw evidence for FS.AST.PRVT.GD.ZS and IT.CEL.SETS.P2 SWE transformed by Campaign 42 first-difference contract",
              "source_owner": "World Bank WDI API retained local fixture",
              "source_version": "retained_fixture"
            }
          ],
          "evolution_metadata": {
            "change_reason": "Campaign 42 first-difference Pearson companion production",
            "dependent_object_review_posture": "not_applicable",
            "previous_revision": null,
            "version_lineage": []
          },
          "fingerprints": {
            "computation_recipe": "sha256:aa71c86b29f843a15361d8cfa149a7499b5eaf58966421a2071090759d6c3f45",
            "evidence_references": "sha256:86d9bd20854a560374ae421bd99abdb128a88e36f2ebafbf048376eb05074788",
            "generated_statements": "sha256:6f4ad68858a915a9185af5b0e543fb2f4775c5d443f588124f9969ac59affdf1",
            "input_set": "sha256:142b7651f1dbdac33aaabbd15911c890785c7078515ff51b1c6302371241cfbb",
            "package_manifest": "sha256:210f01be2a171e40108602a51f76f6aec758e3ae3eb2cfbf9721ed5938c610b9",
            "query_definitions": "sha256:90e0d5d5a3e932384a261df456d5bbf678b99aa650b3f6d9a1804da3ec940a0e"
          },
          "generated_statements": [
            {
              "applicability": {
                "entity_id": "SWE",
                "frequency": "annual",
                "method_id": "wdi_annual_scalar_first_difference_pearson_v1",
                "method_version": "1.0",
                "period_end": 2024,
                "period_start": 1991
              },
              "dependencies": [
                "calc-campaign42-fd-pearson-companion-08",
                "pkg-object-srcpkg-campaign41-swe-private-credit-mobile-cellular-pearson-correlation-v1"
              ],
              "evidence_refs": [
                "ev-campaign42-fd-pearson-companion-08"
              ],
              "origin": "computed_from_campaign42_frozen_first_difference_companion_registry",
              "statement_id": "stmt-srcpkg-campaign41-swe-private-credit-mobile-cellular-first-difference-pearson-companion-v1",
              "statement_type": "derived_relationship",
              "structured_payload": {
                "aligned_observation_fingerprint": "sha256:032782cfd304ceb475e3863aa26257f1941fd2ad2e77bc6a1e35d6fe823b8668",
                "aligned_transformed_count": 34,
                "answers_change_co_movement_not_level_co_movement": true,
                "campaign42_registry_fingerprint": "sha256:be7a085b5a74860c9a6c95fb2c9e6f45a066679d317fc743694959d502e3dc15",
                "campaign42_specification_fingerprint": "sha256:ec3eaf0f735a888bc01f9cf394f015dd87eab3096be2690e75de0c4ec6f86d00",
                "companion_identity": "independently reproducible first-difference companion; independently retrievable; does not supersede or mutate the raw package",
                "does_not_supersede_raw_package": true,
                "entity_id": "SWE",
                "family": "Financial Sector x Infrastructure",
                "first_difference_pearson_coefficient": {
                  "canonical": "0.161115218727",
                  "unit": "dimensionless"
                },
                "frequency": "annual",
                "independent_recompute_coefficient": "0.161115218727",
                "limitations": [
                  "First differencing does not prove stationarity.",
                  "Correlation does not imply causation.",
                  "No significance, forecast, mechanism, lead-lag, recommendation, or investment signal is implied.",
                  "Differencing may amplify noise.",
                  "Results remain window- and revision-dependent.",
                  "This companion does not supersede or correct the raw Pearson package."
                ],
                "method_contract_fingerprint": "sha256:e7de3a78473ca97e0cdb427118a5d5e48b6777b51592f55e2ed50ed5d78a3ade",
                "method_id": "wdi_annual_scalar_first_difference_pearson_v1",
                "method_version": "1.0",
                "missing_and_excluded_periods": {
                  "series_a_missing_or_excluded": [],
                  "series_b_missing_or_excluded": []
                },
                "package_fingerprint": "sha256:70062acec522711090f76030d331d9eb50b6323cdc4ce80aa08e4b8052a840ca",
                "pearson_coefficient": {
                  "canonical": "0.161115218727",
                  "unit": "dimensionless"
                },
                "period_scope": {
                  "end": 2024,
                  "start": 1991
                },
                "prior_embedded_diagnostic_reconciliation": {
                  "aligned_count_matches": true,
                  "coefficient_matches": true,
                  "new_companion_coefficient": "0.161115218727",
                  "prior_embedded_diagnostic_present": true,
                  "prior_embedded_first_difference_coefficient": "0.161115218727",
                  "transformation_semantics_matches": true
                },
                "raw_evidence_fixtures": {
                  "series_a": {
                    "identity": "FS.AST.PRVT.GD.ZS__SWE__1990-2024",
                    "normalized_fingerprint": "sha256:3537de80559a2063e20bf1d6096f06782b900efc1dd8b9d6c3f0b28d71bae9ec",
                    "path": "artifacts/evidence-fixtures/campaign40-spec-driven-pearson-production-1990-2024-https/FS.AST.PRVT.GD.ZS__SWE__1990-2024/normalized_observations.json",
                    "selection_fingerprint": "sha256:ef4af114fcdd78c4ca9d2f52108d61f0a206a259e4193910aa69d73d5a207080",
                    "source_raw_fixture_fingerprint": "sha256:d1dcc37b09df9395b5d484ee15eb704b76cfff029b8e0e2be865b23dc92705f6"
                  },
                  "series_b": {
                    "identity": "IT.CEL.SETS.P2__SWE__1990-2024",
                    "normalized_fingerprint": "sha256:7689361a24f2545a177de984e566594b9cf1284c7bebf19ea1100c37548bf2bd",
                    "path": "artifacts/evidence-fixtures/campaign40-spec-driven-pearson-production-1990-2024-https/IT.CEL.SETS.P2__SWE__1990-2024/normalized_observations.json",
                    "selection_fingerprint": "sha256:366793cab68ed9c694dc427389b7dd74647206700903413b2e5543b1c9794772",
                    "source_raw_fixture_fingerprint": "sha256:6bb198696b6e6c5162ef232acca2c2d5f2c6f472bacabe78fbb19fb5fe408f74"
                  }
                },
                "raw_observation_count": {
                  "series_a": 35,
                  "series_b": 35
                },
                "raw_package_reference": {
                  "package_fingerprint": "sha256:148edc14151f053c79283af86b5a3385a566dd8426f9d3dd2ce6b7bdcde35922",
                  "package_id": "pkg-object-srcpkg-campaign41-swe-private-credit-mobile-cellular-pearson-correlation-v1",
                  "source_campaign": "Campaign 41"
                },
                "raw_period_scope": {
                  "end": 2024,
                  "start": 1990
                },
                "raw_units": {
                  "series_a": "percent of GDP",
                  "series_b": "per 100 people"
                },
                "series_a": {
                  "code": "FS.AST.PRVT.GD.ZS",
                  "name": "Domestic credit to private sector (% of GDP)",
                  "transformation": "raw",
                  "transformed_unit": "year-to-year change in percentage points of GDP",
                  "unit": "percent of GDP"
                },
                "series_b": {
                  "code": "IT.CEL.SETS.P2",
                  "name": "Mobile cellular subscriptions (per 100 people)",
                  "transformation": "raw",
                  "transformed_unit": "absolute year-to-year change in per 100 people",
                  "unit": "per 100 people"
                },
                "transformation_contract_fingerprint": "sha256:71573c15a70a0694b6bca3b3fc1c712ef7720ef7f1c30f4c50186cc7c44bbc5f",
                "transformation_id": "wdi_annual_scalar_first_difference_v1",
                "transformation_state": "first_difference",
                "transformation_version": "1.0",
                "transformed_coverage": "1.000000000000",
                "transformed_observation_count": {
                  "series_a": 34,
                  "series_b": 34
                },
                "transformed_series_fingerprints": {
                  "series_a": "sha256:8bed333afd1762c84447888589dc84c29bf27eb2854a2062fc419dee09a3fd13",
                  "series_b": "sha256:49b70ba21995f53ef35f852750e2477979f006891a8fa7dbe25e6f39300b019a"
                },
                "transformed_unit_semantics": {
                  "series_a": "year-to-year change in percentage points of GDP",
                  "series_b": "absolute year-to-year change in per 100 people"
                },
                "validation_judgment": "accepted_campaign42_first_difference_pearson_companion",
                "validation_registry_fingerprint": "sha256:5954ecc7b6322efe42a0246d3023b5ab28caa05ee76d8258773391f846188657"
              },
              "text": "Across aligned annual first differences for SWE from 1991 through 2024, the Pearson correlation between annual changes in Domestic credit to private sector (% of GDP) and annual changes in Mobile cellular subscriptions (per 100 people) is 0.161115218727, using 34 aligned transformed observations. This is a Campaign 42 companion to raw package pkg-object-srcpkg-campaign41-swe-private-credit-mobile-cellular-pearson-correlation-v1 and does not supersede it."
            }
          ],
          "input_references": [
            "campaign42_first_difference_pearson_companion_production",
            "sha256:be7a085b5a74860c9a6c95fb2c9e6f45a066679d317fc743694959d502e3dc15",
            "sha256:ec3eaf0f735a888bc01f9cf394f015dd87eab3096be2690e75de0c4ec6f86d00",
            "sha256:71573c15a70a0694b6bca3b3fc1c712ef7720ef7f1c30f4c50186cc7c44bbc5f",
            "sha256:e7de3a78473ca97e0cdb427118a5d5e48b6777b51592f55e2ed50ed5d78a3ade",
            "pkg-object-srcpkg-campaign41-swe-private-credit-mobile-cellular-pearson-correlation-v1"
          ],
          "lineage": {
            "previous_package_id": null,
            "referenced_raw_package_id": "pkg-object-srcpkg-campaign41-swe-private-credit-mobile-cellular-pearson-correlation-v1",
            "referenced_raw_source_campaign": "Campaign 41",
            "source_campaign": "Campaign 42",
            "version_lineage": []
          },
          "package_id": "pkg-object-srcpkg-campaign41-swe-private-credit-mobile-cellular-first-difference-pearson-companion-v1",
          "package_kind": "KnowledgeObjectPackage",
          "package_version": "1.0",
          "provenance_envelope": {
            "evaluation_refs": [
              "sha256:be7a085b5a74860c9a6c95fb2c9e6f45a066679d317fc743694959d502e3dc15",
              "sha256:ec3eaf0f735a888bc01f9cf394f015dd87eab3096be2690e75de0c4ec6f86d00",
              "sha256:032782cfd304ceb475e3863aa26257f1941fd2ad2e77bc6a1e35d6fe823b8668"
            ],
            "evidence_refs": [
              "ev-campaign42-fd-pearson-companion-08"
            ],
            "lineage_basis": "Campaign 42 companion production from frozen registry/specification; references raw package pkg-object-srcpkg-campaign41-swe-private-credit-mobile-cellular-pearson-correlation-v1 from Campaign 41 without supersession",
            "method_refs": [
              "wdi_annual_scalar_first_difference_pearson_v1@1.0",
              "wdi_annual_scalar_first_difference_v1@1.0"
            ]
          },
          "scope": {
            "domain": "world_development_indicators",
            "entity_scope": [
              "SWE"
            ],
            "evidence_family": "external_wdi_annual_scalar_first_difference_pearson_companion",
            "period_scope": {
              "end": 2024,
              "start": 1991
            }
          },
          "status": "accepted",
          "validation_state": {
            "blockers": [],
            "validation_result": "pass",
            "warnings": [
              "first_difference_does_not_prove_stationarity",
              "correlation_not_causation",
              "no_significance_forecast_mechanism_lead_lag_recommendation_or_investment_signal",
              "does_not_supersede_raw_package"
            ]
          }
        },
        "lifecycle_state": "accepted",
        "package_fingerprint": "sha256:5c78b0e1946e94c7b2a6536c00cd6b7f844316b8e08cdffebc08b3246ee61d02",
        "package_id": "pkg-object-srcpkg-campaign41-swe-private-credit-mobile-cellular-first-difference-pearson-companion-v1",
        "package_manifest_fingerprint": "sha256:210f01be2a171e40108602a51f76f6aec758e3ae3eb2cfbf9721ed5938c610b9",
        "relationship_metadata": {
          "coefficient": {
            "canonical": "0.161115218727",
            "unit": "dimensionless"
          },
          "entity": "SWE",
          "evidence_family": "external_wdi_annual_scalar_first_difference_pearson_companion",
          "frequency": "annual",
          "lifecycle_state": "accepted",
          "limitations": [
            "First differencing does not prove stationarity.",
            "Correlation does not imply causation.",
            "No significance, forecast, mechanism, lead-lag, recommendation, or investment signal is implied.",
            "Differencing may amplify noise.",
            "Results remain window- and revision-dependent.",
            "This companion does not supersede or correct the raw Pearson package."
          ],
          "method_contract_fingerprint": "sha256:e7de3a78473ca97e0cdb427118a5d5e48b6777b51592f55e2ed50ed5d78a3ade",
          "method_identifier": "wdi_annual_scalar_first_difference_pearson_v1",
          "method_version": "1.0",
          "period_scope": {
            "end": 2024,
            "start": 1991
          },
          "provenance": {
            "evaluation_refs": [
              "sha256:be7a085b5a74860c9a6c95fb2c9e6f45a066679d317fc743694959d502e3dc15",
              "sha256:ec3eaf0f735a888bc01f9cf394f015dd87eab3096be2690e75de0c4ec6f86d00",
              "sha256:032782cfd304ceb475e3863aa26257f1941fd2ad2e77bc6a1e35d6fe823b8668"
            ],
            "evidence_refs": [
              "ev-campaign42-fd-pearson-companion-08"
            ],
            "lineage_basis": "Campaign 42 companion production from frozen registry/specification; references raw package pkg-object-srcpkg-campaign41-swe-private-credit-mobile-cellular-pearson-correlation-v1 from Campaign 41 without supersession",
            "method_refs": [
              "wdi_annual_scalar_first_difference_pearson_v1@1.0",
              "wdi_annual_scalar_first_difference_v1@1.0"
            ]
          },
          "series": [
            {
              "code": "FS.AST.PRVT.GD.ZS",
              "name": "Domestic credit to private sector (% of GDP)",
              "transformation": "raw",
              "transformed_unit": "year-to-year change in percentage points of GDP",
              "unit": "percent of GDP"
            },
            {
              "code": "IT.CEL.SETS.P2",
              "name": "Mobile cellular subscriptions (per 100 people)",
              "transformation": "raw",
              "transformed_unit": "absolute year-to-year change in per 100 people",
              "unit": "per 100 people"
            }
          ],
          "statement_type": "derived_relationship",
          "transformation_state": "first_difference"
        }
      }
    ],
    "stable_order": "package_id_ascending"
  },
  "deterministic_content_fingerprint": "sha256:689dfeafe384396ae13117126963ae1ceba41a6bf469f73d9d0850eb948818b1",
  "operational_metadata": {
    "created_at": "2026-07-12T19:43:01.251470+00:00",
    "performance_seconds": {
      "freshness_validation": 0.056006,
      "payload_validation": 0.001083,
      "query_execution": 0.043249,
      "serialization": 0.00287
    },
    "query_shape": {
      "indexed_generic_filters": 0,
      "jsonb_payload_scans": 1
    },
    "sql_shape_evidence": "internal; table and schema details intentionally excluded from contract",
    "tool": "relationship_export_v1"
  }
}
