{
  "accepted_count": 8,
  "accepted_package_fingerprints_by_id": {
    "pkg-object-srcpkg-campaign40-agriculture-agricultural-forest-land-dnk-first-difference-pearson-companion-v1": "sha256:4aeb7776f59f69fb3eec2efca2bf7c1497be75fe83327bf1214e70fe00d20c55",
    "pkg-object-srcpkg-campaign40-demographic-birth-death-rates-nor-first-difference-pearson-companion-v1": "sha256:cbfda58034bcd6adfaba9449329f456db50ff2bcca69c50777e9832e690bd363",
    "pkg-object-srcpkg-campaign40-energy-fossil-nonhydro-renewables-nor-first-difference-pearson-companion-v1": "sha256:6ae0f4a51759ff352d9823f336f17ad769652e78ddff9b91d81ce48110fa62d1",
    "pkg-object-srcpkg-campaign40-finance-credit-broad-money-dnk-first-difference-pearson-companion-v1": "sha256:c3a6b619dfdea2f06cf59201bb2e0e5a50e6a2365b922f0f93b3a23c91e3dce9",
    "pkg-object-srcpkg-campaign40-health-life-expectancy-under5-mortality-nor-first-difference-pearson-companion-v1": "sha256:de392b810557a68a948a37b61b81ca6a155a5ce0af9e94c32f4b3aef78be83d8",
    "pkg-object-srcpkg-campaign40-infrastructure-internet-mobile-swe-first-difference-pearson-companion-v1": "sha256:0b09ca3e2c290c98be2096bd9b6420ecf78a67c92538bfe1e30bc696909ff16d",
    "pkg-object-srcpkg-campaign41-swe-private-credit-internet-users-first-difference-pearson-companion-v1": "sha256:d271bbc1e59088992a648d8551c49be46ca336d86e959f918d0366683121dd9d",
    "pkg-object-srcpkg-campaign41-swe-private-credit-mobile-cellular-first-difference-pearson-companion-v1": "sha256:210f01be2a171e40108602a51f76f6aec758e3ae3eb2cfbf9721ed5938c610b9"
  },
  "campaign_id": "campaign42_first_difference_pearson_companion_production",
  "candidate_result_fingerprint": "sha256:c23b1fa61b436602bd7510cacd2210b3707823afe27118af9dbbaa14a738f2cd",
  "candidate_results": [
    {
      "aligned_observation_fingerprint": "sha256:0c899b19f042d7f161fec0f8e84d0daa95c929462946bbb82099f2236ecfddbf",
      "aligned_transformed_count": 33,
      "aligned_transformed_periods": [
        1991,
        1992,
        1993,
        1994,
        1995,
        1996,
        1997,
        1998,
        1999,
        2000,
        2001,
        2002,
        2003,
        2004,
        2005,
        2006,
        2007,
        2008,
        2009,
        2010,
        2011,
        2012,
        2013,
        2014,
        2015,
        2016,
        2017,
        2018,
        2019,
        2020,
        2021,
        2022,
        2023
      ],
      "candidate_id": "campaign42-fd-pearson-companion-candidate-01",
      "coefficient": "-0.017407835395",
      "expected_period_count": 33,
      "independent_recompute_coefficient": "-0.017407835395",
      "missing_and_excluded_periods": {
        "series_a_missing_or_excluded": [],
        "series_b_missing_or_excluded": []
      },
      "package_fingerprint": "sha256:4aeb7776f59f69fb3eec2efca2bf7c1497be75fe83327bf1214e70fe00d20c55",
      "package_id": "pkg-object-srcpkg-campaign40-agriculture-agricultural-forest-land-dnk-first-difference-pearson-companion-v1",
      "prior_diagnostic_reconciliation": {
        "aligned_count_matches": true,
        "coefficient_matches": true,
        "new_companion_coefficient": "-0.017407835395",
        "prior_embedded_diagnostic_present": true,
        "prior_embedded_first_difference_coefficient": "-0.017407835395",
        "transformation_semantics_matches": true
      },
      "raw_observation_count": {
        "series_a": 34,
        "series_b": 34
      },
      "raw_package_id": "pkg-object-srcpkg-campaign40-agriculture-agricultural-forest-land-dnk-pearson-correlation-v1",
      "status": "accepted",
      "transformed_coverage": "1.000000000000",
      "transformed_observation_count": {
        "series_a": 33,
        "series_b": 33
      },
      "transformed_period_scope": {
        "end": 2023,
        "start": 1991
      },
      "transformed_series_fingerprints": {
        "series_a": "sha256:b2727c9cedca3b6f3e1bc70c840734f3125e8c5189385a3dc4e24d76bdead432",
        "series_b": "sha256:7d604dd1896d6a6cc11536125d2f31f68678fe431628fbed8d9c3b4963704a05"
      }
    },
    {
      "aligned_observation_fingerprint": "sha256:9f73c09343f684795343cd0c3a17a2e67bfe55bf932c8bd84be521069608e44e",
      "aligned_transformed_count": 34,
      "aligned_transformed_periods": [
        1991,
        1992,
        1993,
        1994,
        1995,
        1996,
        1997,
        1998,
        1999,
        2000,
        2001,
        2002,
        2003,
        2004,
        2005,
        2006,
        2007,
        2008,
        2009,
        2010,
        2011,
        2012,
        2013,
        2014,
        2015,
        2016,
        2017,
        2018,
        2019,
        2020,
        2021,
        2022,
        2023,
        2024
      ],
      "candidate_id": "campaign42-fd-pearson-companion-candidate-02",
      "coefficient": "-0.083567273412",
      "expected_period_count": 34,
      "independent_recompute_coefficient": "-0.083567273412",
      "missing_and_excluded_periods": {
        "series_a_missing_or_excluded": [],
        "series_b_missing_or_excluded": []
      },
      "package_fingerprint": "sha256:c3a6b619dfdea2f06cf59201bb2e0e5a50e6a2365b922f0f93b3a23c91e3dce9",
      "package_id": "pkg-object-srcpkg-campaign40-finance-credit-broad-money-dnk-first-difference-pearson-companion-v1",
      "prior_diagnostic_reconciliation": {
        "aligned_count_matches": true,
        "coefficient_matches": true,
        "new_companion_coefficient": "-0.083567273412",
        "prior_embedded_diagnostic_present": true,
        "prior_embedded_first_difference_coefficient": "-0.083567273412",
        "transformation_semantics_matches": true
      },
      "raw_observation_count": {
        "series_a": 35,
        "series_b": 35
      },
      "raw_package_id": "pkg-object-srcpkg-campaign40-finance-credit-broad-money-dnk-pearson-correlation-v1",
      "status": "accepted",
      "transformed_coverage": "1.000000000000",
      "transformed_observation_count": {
        "series_a": 34,
        "series_b": 34
      },
      "transformed_period_scope": {
        "end": 2024,
        "start": 1991
      },
      "transformed_series_fingerprints": {
        "series_a": "sha256:458045f83bfac6999fb0d833c6539d207b7a82cfe97b6280bfca5b0775d5cbce",
        "series_b": "sha256:2c1c99ba7c519690ec7851c738930a11f9ed92fd146c6296c9d1cbcf8f318c7b"
      }
    },
    {
      "aligned_observation_fingerprint": "sha256:f49d0809e4eba7036050fa78b0ddca35e1a0f8465d78755db456ab7f08e5cb32",
      "aligned_transformed_count": 34,
      "aligned_transformed_periods": [
        1991,
        1992,
        1993,
        1994,
        1995,
        1996,
        1997,
        1998,
        1999,
        2000,
        2001,
        2002,
        2003,
        2004,
        2005,
        2006,
        2007,
        2008,
        2009,
        2010,
        2011,
        2012,
        2013,
        2014,
        2015,
        2016,
        2017,
        2018,
        2019,
        2020,
        2021,
        2022,
        2023,
        2024
      ],
      "candidate_id": "campaign42-fd-pearson-companion-candidate-03",
      "coefficient": "-0.289912537517",
      "expected_period_count": 34,
      "independent_recompute_coefficient": "-0.289912537517",
      "missing_and_excluded_periods": {
        "series_a_missing_or_excluded": [],
        "series_b_missing_or_excluded": []
      },
      "package_fingerprint": "sha256:cbfda58034bcd6adfaba9449329f456db50ff2bcca69c50777e9832e690bd363",
      "package_id": "pkg-object-srcpkg-campaign40-demographic-birth-death-rates-nor-first-difference-pearson-companion-v1",
      "prior_diagnostic_reconciliation": {
        "aligned_count_matches": true,
        "coefficient_matches": true,
        "new_companion_coefficient": "-0.289912537517",
        "prior_embedded_diagnostic_present": true,
        "prior_embedded_first_difference_coefficient": "-0.289912537517",
        "transformation_semantics_matches": true
      },
      "raw_observation_count": {
        "series_a": 35,
        "series_b": 35
      },
      "raw_package_id": "pkg-object-srcpkg-campaign40-demographic-birth-death-rates-nor-pearson-correlation-v1",
      "status": "accepted",
      "transformed_coverage": "1.000000000000",
      "transformed_observation_count": {
        "series_a": 34,
        "series_b": 34
      },
      "transformed_period_scope": {
        "end": 2024,
        "start": 1991
      },
      "transformed_series_fingerprints": {
        "series_a": "sha256:44c3674c7c77167888afacae0a77b31d499bd474e28f92ca4038036db230902d",
        "series_b": "sha256:7fcdbb4cc8acf1f7a0d4caa1fa0e54e60bf657a5197226ecae6e0cef9204b635"
      }
    },
    {
      "aligned_observation_fingerprint": "sha256:4106e2bbdae4ad49d1d45ffd9706a7ccf8befd63ddc0a3e6ad9fd13db366066b",
      "aligned_transformed_count": 31,
      "aligned_transformed_periods": [
        1991,
        1992,
        1993,
        1994,
        1995,
        1996,
        1997,
        1998,
        1999,
        2000,
        2001,
        2002,
        2003,
        2004,
        2005,
        2006,
        2007,
        2008,
        2009,
        2010,
        2011,
        2012,
        2013,
        2014,
        2015,
        2016,
        2017,
        2018,
        2019,
        2020,
        2021
      ],
      "candidate_id": "campaign42-fd-pearson-companion-candidate-04",
      "coefficient": "-0.204185174675",
      "expected_period_count": 31,
      "independent_recompute_coefficient": "-0.204185174675",
      "missing_and_excluded_periods": {
        "series_a_missing_or_excluded": [],
        "series_b_missing_or_excluded": []
      },
      "package_fingerprint": "sha256:6ae0f4a51759ff352d9823f336f17ad769652e78ddff9b91d81ce48110fa62d1",
      "package_id": "pkg-object-srcpkg-campaign40-energy-fossil-nonhydro-renewables-nor-first-difference-pearson-companion-v1",
      "prior_diagnostic_reconciliation": {
        "aligned_count_matches": true,
        "coefficient_matches": true,
        "new_companion_coefficient": "-0.204185174675",
        "prior_embedded_diagnostic_present": true,
        "prior_embedded_first_difference_coefficient": "-0.204185174675",
        "transformation_semantics_matches": true
      },
      "raw_observation_count": {
        "series_a": 34,
        "series_b": 32
      },
      "raw_package_id": "pkg-object-srcpkg-campaign40-energy-fossil-nonhydro-renewables-nor-pearson-correlation-v1",
      "status": "accepted",
      "transformed_coverage": "1.000000000000",
      "transformed_observation_count": {
        "series_a": 33,
        "series_b": 31
      },
      "transformed_period_scope": {
        "end": 2021,
        "start": 1991
      },
      "transformed_series_fingerprints": {
        "series_a": "sha256:993e6aab983d79fd54af82b678485eedabc3af2ad013fe38c75b50928ef4477c",
        "series_b": "sha256:fe60096c32b0e8907377430e587ecf65dcc1b9f0e6ef98a268a0540da11c4361"
      }
    },
    {
      "aligned_observation_fingerprint": "sha256:e67563f89beba40a333293f90def6461142d127f6bbf30e84f0730dd78646a62",
      "aligned_transformed_count": 34,
      "aligned_transformed_periods": [
        1991,
        1992,
        1993,
        1994,
        1995,
        1996,
        1997,
        1998,
        1999,
        2000,
        2001,
        2002,
        2003,
        2004,
        2005,
        2006,
        2007,
        2008,
        2009,
        2010,
        2011,
        2012,
        2013,
        2014,
        2015,
        2016,
        2017,
        2018,
        2019,
        2020,
        2021,
        2022,
        2023,
        2024
      ],
      "candidate_id": "campaign42-fd-pearson-companion-candidate-05",
      "coefficient": "-0.207863151096",
      "expected_period_count": 34,
      "independent_recompute_coefficient": "-0.207863151096",
      "missing_and_excluded_periods": {
        "series_a_missing_or_excluded": [],
        "series_b_missing_or_excluded": []
      },
      "package_fingerprint": "sha256:de392b810557a68a948a37b61b81ca6a155a5ce0af9e94c32f4b3aef78be83d8",
      "package_id": "pkg-object-srcpkg-campaign40-health-life-expectancy-under5-mortality-nor-first-difference-pearson-companion-v1",
      "prior_diagnostic_reconciliation": {
        "aligned_count_matches": true,
        "coefficient_matches": true,
        "new_companion_coefficient": "-0.207863151096",
        "prior_embedded_diagnostic_present": true,
        "prior_embedded_first_difference_coefficient": "-0.207863151096",
        "transformation_semantics_matches": true
      },
      "raw_observation_count": {
        "series_a": 35,
        "series_b": 35
      },
      "raw_package_id": "pkg-object-srcpkg-campaign40-health-life-expectancy-under5-mortality-nor-pearson-correlation-v1",
      "status": "accepted",
      "transformed_coverage": "1.000000000000",
      "transformed_observation_count": {
        "series_a": 34,
        "series_b": 34
      },
      "transformed_period_scope": {
        "end": 2024,
        "start": 1991
      },
      "transformed_series_fingerprints": {
        "series_a": "sha256:e8009f53758002d4ff5cc23a38c971b735613b3fdac5dd94c6942392c7bca958",
        "series_b": "sha256:233c38d8f280c242a2e156ffee5085ebf26aa06588bdc5dfc9e6d47a186e59ec"
      }
    },
    {
      "aligned_observation_fingerprint": "sha256:5208de18a28b83fc45fb5a2e1d90e08b4b36d27437d8f46af75effb120d7cfdc",
      "aligned_transformed_count": 34,
      "aligned_transformed_periods": [
        1991,
        1992,
        1993,
        1994,
        1995,
        1996,
        1997,
        1998,
        1999,
        2000,
        2001,
        2002,
        2003,
        2004,
        2005,
        2006,
        2007,
        2008,
        2009,
        2010,
        2011,
        2012,
        2013,
        2014,
        2015,
        2016,
        2017,
        2018,
        2019,
        2020,
        2021,
        2022,
        2023,
        2024
      ],
      "candidate_id": "campaign42-fd-pearson-companion-candidate-06",
      "coefficient": "0.402109713928",
      "expected_period_count": 34,
      "independent_recompute_coefficient": "0.402109713928",
      "missing_and_excluded_periods": {
        "series_a_missing_or_excluded": [],
        "series_b_missing_or_excluded": []
      },
      "package_fingerprint": "sha256:0b09ca3e2c290c98be2096bd9b6420ecf78a67c92538bfe1e30bc696909ff16d",
      "package_id": "pkg-object-srcpkg-campaign40-infrastructure-internet-mobile-swe-first-difference-pearson-companion-v1",
      "prior_diagnostic_reconciliation": {
        "aligned_count_matches": true,
        "coefficient_matches": true,
        "new_companion_coefficient": "0.402109713928",
        "prior_embedded_diagnostic_present": true,
        "prior_embedded_first_difference_coefficient": "0.402109713928",
        "transformation_semantics_matches": true
      },
      "raw_observation_count": {
        "series_a": 35,
        "series_b": 35
      },
      "raw_package_id": "pkg-object-srcpkg-campaign40-infrastructure-internet-mobile-swe-pearson-correlation-v1",
      "status": "accepted",
      "transformed_coverage": "1.000000000000",
      "transformed_observation_count": {
        "series_a": 34,
        "series_b": 34
      },
      "transformed_period_scope": {
        "end": 2024,
        "start": 1991
      },
      "transformed_series_fingerprints": {
        "series_a": "sha256:6f158a95449d3eac1eccec3ee47399eca611bd95d2b7f50b7c36e883c1bad379",
        "series_b": "sha256:49b70ba21995f53ef35f852750e2477979f006891a8fa7dbe25e6f39300b019a"
      }
    },
    {
      "aligned_observation_fingerprint": "sha256:4424de0bfb8e90c50e428e116eb1a88d0b140cff0176e70c1700ab522c5a32cd",
      "aligned_transformed_count": 34,
      "aligned_transformed_periods": [
        1991,
        1992,
        1993,
        1994,
        1995,
        1996,
        1997,
        1998,
        1999,
        2000,
        2001,
        2002,
        2003,
        2004,
        2005,
        2006,
        2007,
        2008,
        2009,
        2010,
        2011,
        2012,
        2013,
        2014,
        2015,
        2016,
        2017,
        2018,
        2019,
        2020,
        2021,
        2022,
        2023,
        2024
      ],
      "candidate_id": "campaign42-fd-pearson-companion-candidate-07",
      "coefficient": "0.141137912446",
      "expected_period_count": 34,
      "independent_recompute_coefficient": "0.141137912446",
      "missing_and_excluded_periods": {
        "series_a_missing_or_excluded": [],
        "series_b_missing_or_excluded": []
      },
      "package_fingerprint": "sha256:d271bbc1e59088992a648d8551c49be46ca336d86e959f918d0366683121dd9d",
      "package_id": "pkg-object-srcpkg-campaign41-swe-private-credit-internet-users-first-difference-pearson-companion-v1",
      "prior_diagnostic_reconciliation": {
        "aligned_count_matches": true,
        "coefficient_matches": true,
        "new_companion_coefficient": "0.141137912446",
        "prior_embedded_diagnostic_present": true,
        "prior_embedded_first_difference_coefficient": "0.141137912446",
        "transformation_semantics_matches": true
      },
      "raw_observation_count": {
        "series_a": 35,
        "series_b": 35
      },
      "raw_package_id": "pkg-object-srcpkg-campaign41-swe-private-credit-internet-users-pearson-correlation-v1",
      "status": "accepted",
      "transformed_coverage": "1.000000000000",
      "transformed_observation_count": {
        "series_a": 34,
        "series_b": 34
      },
      "transformed_period_scope": {
        "end": 2024,
        "start": 1991
      },
      "transformed_series_fingerprints": {
        "series_a": "sha256:8bed333afd1762c84447888589dc84c29bf27eb2854a2062fc419dee09a3fd13",
        "series_b": "sha256:6f158a95449d3eac1eccec3ee47399eca611bd95d2b7f50b7c36e883c1bad379"
      }
    },
    {
      "aligned_observation_fingerprint": "sha256:032782cfd304ceb475e3863aa26257f1941fd2ad2e77bc6a1e35d6fe823b8668",
      "aligned_transformed_count": 34,
      "aligned_transformed_periods": [
        1991,
        1992,
        1993,
        1994,
        1995,
        1996,
        1997,
        1998,
        1999,
        2000,
        2001,
        2002,
        2003,
        2004,
        2005,
        2006,
        2007,
        2008,
        2009,
        2010,
        2011,
        2012,
        2013,
        2014,
        2015,
        2016,
        2017,
        2018,
        2019,
        2020,
        2021,
        2022,
        2023,
        2024
      ],
      "candidate_id": "campaign42-fd-pearson-companion-candidate-08",
      "coefficient": "0.161115218727",
      "expected_period_count": 34,
      "independent_recompute_coefficient": "0.161115218727",
      "missing_and_excluded_periods": {
        "series_a_missing_or_excluded": [],
        "series_b_missing_or_excluded": []
      },
      "package_fingerprint": "sha256:210f01be2a171e40108602a51f76f6aec758e3ae3eb2cfbf9721ed5938c610b9",
      "package_id": "pkg-object-srcpkg-campaign41-swe-private-credit-mobile-cellular-first-difference-pearson-companion-v1",
      "prior_diagnostic_reconciliation": {
        "aligned_count_matches": true,
        "coefficient_matches": true,
        "new_companion_coefficient": "0.161115218727",
        "prior_embedded_diagnostic_present": true,
        "prior_embedded_first_difference_coefficient": "0.161115218727",
        "transformation_semantics_matches": true
      },
      "raw_observation_count": {
        "series_a": 35,
        "series_b": 35
      },
      "raw_package_id": "pkg-object-srcpkg-campaign41-swe-private-credit-mobile-cellular-pearson-correlation-v1",
      "status": "accepted",
      "transformed_coverage": "1.000000000000",
      "transformed_observation_count": {
        "series_a": 34,
        "series_b": 34
      },
      "trans

... [OUTPUT TRUNCATED - 69060 chars omitted out of 119060 total] ...

 "pkg-object-srcpkg-campaign18-complete-lineage-count",
      "pkg-object-srcpkg-campaign18-deterministic-lineage-transform",
      "pkg-object-srcpkg-campaign18-energy_mining-family-maturity-assessment",
      "pkg-object-srcpkg-campaign18-license-note-coverage",
      "pkg-object-srcpkg-campaign18-lineage-completeness-classification",
      "pkg-object-srcpkg-campaign18-lineage-envelope-coverage",
      "pkg-object-srcpkg-campaign18-missing-lineage-count",
      "pkg-object-srcpkg-campaign18-production-methodology-assessment",
      "pkg-object-srcpkg-campaign18-quality-control-state",
      "pkg-object-srcpkg-campaign18-raw-artifact-hash-coverage",
      "pkg-object-srcpkg-campaign18-raw-artifact-url-coverage",
      "pkg-object-srcpkg-campaign18-release-key-coverage",
      "pkg-object-srcpkg-campaign18-required-lineage-fields",
      "pkg-object-srcpkg-campaign18-source-url-coverage",
      "pkg-object-srcpkg-campaign18-validation-state",
      "pkg-object-srcpkg-campaign19-agriculture_rural_development-evidence-quality-state",
      "pkg-object-srcpkg-campaign19-agriculture_rural_development-family-count",
      "pkg-object-srcpkg-campaign19-agriculture_rural_development-missing-share",
      "pkg-object-srcpkg-campaign19-agriculture_rural_development-observed-missing",
      "pkg-object-srcpkg-campaign19-agriculture_rural_development-observed-share",
      "pkg-object-srcpkg-campaign19-agriculture_rural_development-partial-families",
      "pkg-object-srcpkg-campaign19-agriculture_rural_development-period-scope",
      "pkg-object-srcpkg-campaign19-agriculture_rural_development-provenance-state",
      "pkg-object-srcpkg-campaign19-agriculture_rural_development-source-scope",
      "pkg-object-srcpkg-campaign19-agriculture_rural_development-territory-scope",
      "pkg-object-srcpkg-campaign19-agriculture_rural_development-topic-inventory",
      "pkg-object-srcpkg-campaign19-agriculture_rural_development-unsupported-dimensions",
      "pkg-object-srcpkg-campaign19-deterministic-transfer-method",
      "pkg-object-srcpkg-campaign19-family-agricultural-inputs-metadata",
      "pkg-object-srcpkg-campaign19-family-agricultural-land-use-metadata",
      "pkg-object-srcpkg-campaign19-family-crop-and-livestock-metadata",
      "pkg-object-srcpkg-campaign19-family-food-security-and-productivity-metadata",
      "pkg-object-srcpkg-campaign19-family-rural-population-metadata",
      "pkg-object-srcpkg-campaign19-replication-contract",
      "pkg-object-srcpkg-campaign20-agriculture_rural_development-family-stable",
      "pkg-object-srcpkg-campaign20-agriculture_rural_development-not-mature",
      "pkg-object-srcpkg-campaign20-denominator-quality",
      "pkg-object-srcpkg-campaign20-deterministic-transform",
      "pkg-object-srcpkg-campaign20-family-classification-set",
      "pkg-object-srcpkg-campaign20-family-membership-agricultural_inputs_metadata",
      "pkg-object-srcpkg-campaign20-family-membership-agricultural_land_use_metadata",
      "pkg-object-srcpkg-campaign20-family-membership-crop_and_livestock_metadata",
      "pkg-object-srcpkg-campaign20-family-membership-food_security_and_productivity_metadata",
      "pkg-object-srcpkg-campaign20-family-membership-rural_population_metadata",
      "pkg-object-srcpkg-campaign20-family-temporal-coverage-agricultural_inputs_metadata",
      "pkg-object-srcpkg-campaign20-family-temporal-coverage-agricultural_land_use_metadata",
      "pkg-object-srcpkg-campaign20-family-temporal-coverage-crop_and_livestock_metadata",
      "pkg-object-srcpkg-campaign20-family-temporal-coverage-food_security_and_productivity_metadata",
      "pkg-object-srcpkg-campaign20-family-temporal-coverage-rural_population_metadata",
      "pkg-object-srcpkg-campaign20-family-territorial-coverage-agricultural_inputs_metadata",
      "pkg-object-srcpkg-campaign20-family-territorial-coverage-agricultural_land_use_metadata",
      "pkg-object-srcpkg-campaign20-family-territorial-coverage-crop_and_livestock_metadata",
      "pkg-object-srcpkg-campaign20-family-territorial-coverage-food_security_and_productivity_metadata",
      "pkg-object-srcpkg-campaign20-family-territorial-coverage-rural_population_metadata",
      "pkg-object-srcpkg-campaign20-inventory-total",
      "pkg-object-srcpkg-campaign20-maturation-methodology-comparison",
      "pkg-object-srcpkg-campaign20-provenance-state",
      "pkg-object-srcpkg-campaign20-supported-dimensions",
      "pkg-object-srcpkg-campaign20-temporal-matrix-shape",
      "pkg-object-srcpkg-campaign20-temporal-missing-total",
      "pkg-object-srcpkg-campaign20-temporal-observed-total",
      "pkg-object-srcpkg-campaign20-temporal-period-range",
      "pkg-object-srcpkg-campaign20-territorial-bucket-taxonomy",
      "pkg-object-srcpkg-campaign20-territorial-complete-total",
      "pkg-object-srcpkg-campaign20-territorial-high-partial-total",
      "pkg-object-srcpkg-campaign20-territorial-insufficient-total",
      "pkg-object-srcpkg-campaign20-territorial-matrix-shape",
      "pkg-object-srcpkg-campaign20-territorial-moderate-partial-total",
      "pkg-object-srcpkg-campaign20-unsupported-dimensions",
      "pkg-object-srcpkg-campaign20-validation-state",
      "pkg-object-srcpkg-campaign21-agriculture_rural_development-family-maturity-assessment",
      "pkg-object-srcpkg-campaign21-architectural-continuity-review",
      "pkg-object-srcpkg-campaign21-artifact-count",
      "pkg-object-srcpkg-campaign21-complete-lineage-count",
      "pkg-object-srcpkg-campaign21-deterministic-lineage-transform",
      "pkg-object-srcpkg-campaign21-license-note-coverage",
      "pkg-object-srcpkg-campaign21-lineage-completeness-classification",
      "pkg-object-srcpkg-campaign21-lineage-envelope-coverage",
      "pkg-object-srcpkg-campaign21-missing-lineage-count",
      "pkg-object-srcpkg-campaign21-production-methodology-assessment",
      "pkg-object-srcpkg-campaign21-quality-control-state",
      "pkg-object-srcpkg-campaign21-raw-artifact-hash-coverage",
      "pkg-object-srcpkg-campaign21-raw-artifact-url-coverage",
      "pkg-object-srcpkg-campaign21-release-key-coverage",
      "pkg-object-srcpkg-campaign21-required-lineage-fields",
      "pkg-object-srcpkg-campaign21-source-url-coverage",
      "pkg-object-srcpkg-campaign21-validation-state",
      "pkg-object-srcpkg-campaign22-deterministic-transfer-method",
      "pkg-object-srcpkg-campaign22-family-disease-and-immunization-metadata",
      "pkg-object-srcpkg-campaign22-family-health-systems-metadata",
      "pkg-object-srcpkg-campaign22-family-mortality-metadata",
      "pkg-object-srcpkg-campaign22-family-nutrition-metadata",
      "pkg-object-srcpkg-campaign22-family-reproductive-and-child-health-metadata",
      "pkg-object-srcpkg-campaign22-health-evidence-quality-state",
      "pkg-object-srcpkg-campaign22-health-family-count",
      "pkg-object-srcpkg-campaign22-health-missing-share",
      "pkg-object-srcpkg-campaign22-health-observed-missing",
      "pkg-object-srcpkg-campaign22-health-observed-share",
      "pkg-object-srcpkg-campaign22-health-partial-families",
      "pkg-object-srcpkg-campaign22-health-period-scope",
      "pkg-object-srcpkg-campaign22-health-provenance-state",
      "pkg-object-srcpkg-campaign22-health-source-scope",
      "pkg-object-srcpkg-campaign22-health-territory-scope",
      "pkg-object-srcpkg-campaign22-health-topic-inventory",
      "pkg-object-srcpkg-campaign22-health-unsupported-dimensions",
      "pkg-object-srcpkg-campaign22-replication-contract",
      "pkg-object-srcpkg-campaign23-denominator-quality",
      "pkg-object-srcpkg-campaign23-deterministic-transform",
      "pkg-object-srcpkg-campaign23-family-classification-set",
      "pkg-object-srcpkg-campaign23-family-membership-disease_and_immunization_metadata",
      "pkg-object-srcpkg-campaign23-family-membership-health_systems_metadata",
      "pkg-object-srcpkg-campaign23-family-membership-mortality_metadata",
      "pkg-object-srcpkg-campaign23-family-membership-nutrition_metadata",
      "pkg-object-srcpkg-campaign23-family-membership-reproductive_and_child_health_metadata",
      "pkg-object-srcpkg-campaign23-family-temporal-coverage-disease_and_immunization_metadata",
      "pkg-object-srcpkg-campaign23-family-temporal-coverage-health_systems_metadata",
      "pkg-object-srcpkg-campaign23-family-temporal-coverage-mortality_metadata",
      "pkg-object-srcpkg-campaign23-family-temporal-coverage-nutrition_metadata",
      "pkg-object-srcpkg-campaign23-family-temporal-coverage-reproductive_and_child_health_metadata",
      "pkg-object-srcpkg-campaign23-family-territorial-coverage-disease_and_immunization_metadata",
      "pkg-object-srcpkg-campaign23-family-territorial-coverage-health_systems_metadata",
      "pkg-object-srcpkg-campaign23-family-territorial-coverage-mortality_metadata",
      "pkg-object-srcpkg-campaign23-family-territorial-coverage-nutrition_metadata",
      "pkg-object-srcpkg-campaign23-family-territorial-coverage-reproductive_and_child_health_metadata",
      "pkg-object-srcpkg-campaign23-health-family-stable",
      "pkg-object-srcpkg-campaign23-health-not-mature",
      "pkg-object-srcpkg-campaign23-inventory-total",
      "pkg-object-srcpkg-campaign23-maturation-methodology-comparison",
      "pkg-object-srcpkg-campaign23-provenance-state",
      "pkg-object-srcpkg-campaign23-supported-dimensions",
      "pkg-object-srcpkg-campaign23-temporal-matrix-shape",
      "pkg-object-srcpkg-campaign23-temporal-missing-total",
      "pkg-object-srcpkg-campaign23-temporal-observed-total",
      "pkg-object-srcpkg-campaign23-temporal-period-range",
      "pkg-object-srcpkg-campaign23-territorial-bucket-taxonomy",
      "pkg-object-srcpkg-campaign23-territorial-complete-total",
      "pkg-object-srcpkg-campaign23-territorial-high-partial-total",
      "pkg-object-srcpkg-campaign23-territorial-insufficient-total",
      "pkg-object-srcpkg-campaign23-territorial-matrix-shape",
      "pkg-object-srcpkg-campaign23-territorial-moderate-partial-total",
      "pkg-object-srcpkg-campaign23-unsupported-dimensions",
      "pkg-object-srcpkg-campaign23-validation-state",
      "pkg-object-srcpkg-campaign24-architectural-continuity-review",
      "pkg-object-srcpkg-campaign24-artifact-count",
      "pkg-object-srcpkg-campaign24-complete-lineage-count",
      "pkg-object-srcpkg-campaign24-deterministic-lineage-transform",
      "pkg-object-srcpkg-campaign24-health-family-maturity-assessment",
      "pkg-object-srcpkg-campaign24-license-note-coverage",
      "pkg-object-srcpkg-campaign24-lineage-completeness-classification",
      "pkg-object-srcpkg-campaign24-lineage-envelope-coverage",
      "pkg-object-srcpkg-campaign24-missing-lineage-count",
      "pkg-object-srcpkg-campaign24-production-methodology-assessment",
      "pkg-object-srcpkg-campaign24-quality-control-state",
      "pkg-object-srcpkg-campaign24-raw-artifact-hash-coverage",
      "pkg-object-srcpkg-campaign24-raw-artifact-url-coverage",
      "pkg-object-srcpkg-campaign24-release-key-coverage",
      "pkg-object-srcpkg-campaign24-required-lineage-fields",
      "pkg-object-srcpkg-campaign24-source-url-coverage",
      "pkg-object-srcpkg-campaign24-validation-state",
      "pkg-object-srcpkg-campaign25-deterministic-transfer-method",
      "pkg-object-srcpkg-campaign25-education-evidence-quality-state",
      "pkg-object-srcpkg-campaign25-education-family-count",
      "pkg-object-srcpkg-campaign25-education-missing-share",
      "pkg-object-srcpkg-campaign25-education-observed-missing",
      "pkg-object-srcpkg-campaign25-education-observed-share",
      "pkg-object-srcpkg-campaign25-education-partial-families",
      "pkg-object-srcpkg-campaign25-education-period-scope",
      "pkg-object-srcpkg-campaign25-education-provenance-state",
      "pkg-object-srcpkg-campaign25-education-source-scope",
      "pkg-object-srcpkg-campaign25-education-territory-scope",
      "pkg-object-srcpkg-campaign25-education-topic-inventory",
      "pkg-object-srcpkg-campaign25-education-unsupported-dimensions",
      "pkg-object-srcpkg-campaign25-family-completion-and-attainment-metadata",
      "pkg-object-srcpkg-campaign25-family-education-resources-metadata",
      "pkg-object-srcpkg-campaign25-family-enrollment-metadata",
      "pkg-object-srcpkg-campaign25-family-equity-and-gender-parity-metadata",
      "pkg-object-srcpkg-campaign25-family-literacy-and-learning-metadata",
      "pkg-object-srcpkg-campaign25-replication-contract",
      "pkg-object-srcpkg-campaign26-denominator-quality",
      "pkg-object-srcpkg-campaign26-deterministic-transform",
      "pkg-object-srcpkg-campaign26-education-family-stable",
      "pkg-object-srcpkg-campaign26-education-not-mature",
      "pkg-object-srcpkg-campaign26-family-classification-set",
      "pkg-object-srcpkg-campaign26-family-membership-completion_and_attainment_metadata",
      "pkg-object-srcpkg-campaign26-family-membership-education_resources_metadata",
      "pkg-object-srcpkg-campaign26-family-membership-enrollment_metadata",
      "pkg-object-srcpkg-campaign26-family-membership-equity_and_gender_parity_metadata",
      "pkg-object-srcpkg-campaign26-family-membership-literacy_and_learning_metadata",
      "pkg-object-srcpkg-campaign26-family-temporal-coverage-completion_and_attainment_metadata",
      "pkg-object-srcpkg-campaign26-family-temporal-coverage-education_resources_metadata",
      "pkg-object-srcpkg-campaign26-family-temporal-coverage-enrollment_metadata",
      "pkg-object-srcpkg-campaign26-family-temporal-coverage-equity_and_gender_parity_metadata",
      "pkg-object-srcpkg-campaign26-family-temporal-coverage-literacy_and_learning_metadata",
      "pkg-object-srcpkg-campaign26-family-territorial-coverage-completion_and_attainment_metadata",
      "pkg-object-srcpkg-campaign26-family-territorial-coverage-education_resources_metadata",
      "pkg-object-srcpkg-campaign26-family-territorial-coverage-enrollment_metadata",
      "pkg-object-srcpkg-campaign26-family-territorial-coverage-equity_and_gender_parity_metadata",
      "pkg-object-srcpkg-campaign26-family-territorial-coverage-literacy_and_learning_metadata",
      "pkg-object-srcpkg-campaign26-inventory-total",
      "pkg-object-srcpkg-campaign26-maturation-methodology-comparison",
      "pkg-object-srcpkg-campaign26-provenance-state",
      "pkg-object-srcpkg-campaign26-supported-dimensions",
      "pkg-object-srcpkg-campaign26-temporal-matrix-shape",
      "pkg-object-srcpkg-campaign26-temporal-missing-total",
      "pkg-object-srcpkg-campaign26-temporal-observed-total",
      "pkg-object-srcpkg-campaign26-temporal-period-range",
      "pkg-object-srcpkg-campaign26-territorial-bucket-taxonomy",
      "pkg-object-srcpkg-campaign26-territorial-complete-total",
      "pkg-object-srcpkg-campaign26-territorial-high-partial-total",
      "pkg-object-srcpkg-campaign26-territorial-insufficient-total",
      "pkg-object-srcpkg-campaign26-territorial-matrix-shape",
      "pkg-object-srcpkg-campaign26-territorial-moderate-partial-total",
      "pkg-object-srcpkg-campaign26-unsupported-dimensions",
      "pkg-object-srcpkg-campaign26-validation-state",
      "pkg-object-srcpkg-campaign27-architectural-continuity-review",
      "pkg-object-srcpkg-campaign27-artifact-count",
      "pkg-object-srcpkg-campaign27-complete-lineage-count",
      "pkg-object-srcpkg-campaign27-deterministic-lineage-transform",
      "pkg-object-srcpkg-campaign27-education-family-maturity-assessment",
      "pkg-object-srcpkg-campaign27-license-note-coverage",
      "pkg-object-srcpkg-campaign27-lineage-completeness-classification",
      "pkg-object-srcpkg-campaign27-lineage-envelope-coverage",
      "pkg-object-srcpkg-campaign27-missing-lineage-count",
      "pkg-object-srcpkg-campaign27-production-methodology-assessment",
      "pkg-object-srcpkg-campaign27-quality-control-state",
      "pkg-object-srcpkg-campaign27-raw-artifact-hash-coverage",
      "pkg-object-srcpkg-campaign27-raw-artifact-url-coverage",
      "pkg-object-srcpkg-campaign27-release-key-coverage",
      "pkg-object-srcpkg-campaign27-required-lineage-fields",
      "pkg-object-srcpkg-campaign27-source-url-coverage",
      "pkg-object-srcpkg-campaign27-validation-state",
      "pkg-object-srcpkg-campaign28-deterministic-transfer-method",
      "pkg-object-srcpkg-campaign28-family-completion-and-attainment-metadata",
      "pkg-object-srcpkg-campaign28-family-enrollment-metadata",
      "pkg-object-srcpkg-campaign28-family-equity-and-gender-parity-metadata",
      "pkg-object-srcpkg-campaign28-family-literacy-and-learning-metadata",
      "pkg-object-srcpkg-campaign28-family-trade-resources-metadata",
      "pkg-object-srcpkg-campaign28-replication-contract",
      "pkg-object-srcpkg-campaign28-trade-evidence-quality-state",
      "pkg-object-srcpkg-campaign28-trade-family-count",
      "pkg-object-srcpkg-campaign28-trade-missing-share",
      "pkg-object-srcpkg-campaign28-trade-observed-missing",
      "pkg-object-srcpkg-campaign28-trade-observed-share",
      "pkg-object-srcpkg-campaign28-trade-partial-families",
      "pkg-object-srcpkg-campaign28-trade-period-scope",
      "pkg-object-srcpkg-campaign28-trade-provenance-state",
      "pkg-object-srcpkg-campaign28-trade-source-scope",
      "pkg-object-srcpkg-campaign28-trade-territory-scope",
      "pkg-object-srcpkg-campaign28-trade-topic-inventory",
      "pkg-object-srcpkg-campaign28-trade-unsupported-dimensions",
      "pkg-object-srcpkg-campaign29-denominator-quality",
      "pkg-object-srcpkg-campaign29-deterministic-transform",
      "pkg-object-srcpkg-campaign29-family-classification-set",
      "pkg-object-srcpkg-campaign29-family-membership-completion_and_attainment_metadata",
      "pkg-object-srcpkg-campaign29-family-membership-enrollment_metadata",
      "pkg-object-srcpkg-campaign29-family-membership-equity_and_gender_parity_metadata",
      "pkg-object-srcpkg-campaign29-family-membership-literacy_and_learning_metadata",
      "pkg-object-srcpkg-campaign29-family-membership-trade_resources_metadata",
      "pkg-object-srcpkg-campaign29-family-temporal-coverage-completion_and_attainment_metadata",
      "pkg-object-srcpkg-campaign29-family-temporal-coverage-enrollment_metadata",
      "pkg-object-srcpkg-campaign29-family-temporal-coverage-equity_and_gender_parity_metadata",
      "pkg-object-srcpkg-campaign29-family-temporal-coverage-literacy_and_learning_metadata",
      "pkg-object-srcpkg-campaign29-family-temporal-coverage-trade_resources_metadata",
      "pkg-object-srcpkg-campaign29-family-territorial-coverage-completion_and_attainment_metadata",
      "pkg-object-srcpkg-campaign29-family-territorial-coverage-enrollment_metadata",
      "pkg-object-srcpkg-campaign29-family-territorial-coverage-equity_and_gender_parity_metadata",
      "pkg-object-srcpkg-campaign29-family-territorial-coverage-literacy_and_learning_metadata",
      "pkg-object-srcpkg-campaign29-family-territorial-coverage-trade_resources_metadata",
      "pkg-object-srcpkg-campaign29-inventory-total",
      "pkg-object-srcpkg-campaign29-maturation-methodology-comparison",
      "pkg-object-srcpkg-campaign29-provenance-state",
      "pkg-object-srcpkg-campaign29-supported-dimensions",
      "pkg-object-srcpkg-campaign29-temporal-matrix-shape",
      "pkg-object-srcpkg-campaign29-temporal-missing-total",
      "pkg-object-srcpkg-campaign29-temporal-observed-total",
      "pkg-object-srcpkg-campaign29-temporal-period-range",
      "pkg-object-srcpkg-campaign29-territorial-bucket-taxonomy",
      "pkg-object-srcpkg-campaign29-territorial-complete-total",
      "pkg-object-srcpkg-campaign29-territorial-high-partial-total",
      "pkg-object-srcpkg-campaign29-territorial-insufficient-total",
      "pkg-object-srcpkg-campaign29-territorial-matrix-shape",
      "pkg-object-srcpkg-campaign29-territorial-moderate-partial-total",
      "pkg-object-srcpkg-campaign29-trade-family-stable",
      "pkg-object-srcpkg-campaign29-trade-not-mature",
      "pkg-object-srcpkg-campaign29-unsupported-dimensions",
      "pkg-object-srcpkg-campaign29-validation-state",
      "pkg-object-srcpkg-campaign30-architectural-continuity-review",
      "pkg-object-srcpkg-campaign30-artifact-count",
      "pkg-object-srcpkg-campaign30-complete-lineage-count",
      "pkg-object-srcpkg-campaign30-deterministic-lineage-transform",
      "pkg-object-srcpkg-campaign30-license-note-coverage",
      "pkg-object-srcpkg-campaign30-lineage-completeness-classification",
      "pkg-object-srcpkg-campaign30-lineage-envelope-coverage",
      "pkg-object-srcpkg-campaign30-missing-lineage-count",
      "pkg-object-srcpkg-campaign30-production-methodology-assessment",
      "pkg-object-srcpkg-campaign30-quality-control-state",
      "pkg-object-srcpkg-campaign30-raw-artifact-hash-coverage",
      "pkg-object-srcpkg-campaign30-raw-artifact-url-coverage",
      "pkg-object-srcpkg-campaign30-release-key-coverage",
      "pkg-object-srcpkg-campaign30-required-lineage-fields",
      "pkg-object-srcpkg-campaign30-source-url-coverage",
      "pkg-object-srcpkg-campaign30-trade-family-maturity-assessment",
      "pkg-object-srcpkg-campaign30-validation-state",
      "pkg-object-srcpkg-campaign31-deterministic-transfer-method",
      "pkg-object-srcpkg-campaign31-family-completion-and-attainment-metadata",
      "pkg-object-srcpkg-campaign31-family-enrollment-metadata",
      "pkg-object-srcpkg-campaign31-family-equity-and-gender-parity-metadata",
      "pkg-object-srcpkg-campaign31-family-financial-sector-resources-metadata",
      "pkg-object-srcpkg-campaign31-family-literacy-and-learning-metadata",
      "pkg-object-srcpkg-campaign31-financial_sector-evidence-quality-state",
      "pkg-object-srcpkg-campaign31-financial_sector-family-count",
      "pkg-object-srcpkg-campaign31-financial_sector-missing-share",
      "pkg-object-srcpkg-campaign31-financial_sector-observed-missing",
      "pkg-object-srcpkg-campaign31-financial_sector-observed-share",
      "pkg-object-srcpkg-campaign31-financial_sector-partial-families",
      "pkg-object-srcpkg-campaign31-financial_sector-period-scope",
      "pkg-object-srcpkg-campaign31-financial_sector-provenance-state",
      "pkg-object-srcpkg-campaign31-financial_sector-source-scope",
      "pkg-object-srcpkg-campaign31-financial_sector-territory-scope",
      "pkg-object-srcpkg-campaign31-financial_sector-topic-inventory",
      "pkg-object-srcpkg-campaign31-financial_sector-unsupported-dimensions",
      "pkg-object-srcpkg-campaign31-replication-contract",
      "pkg-object-srcpkg-campaign32-denominator-quality",
      "pkg-object-srcpkg-campaign32-deterministic-transform",
      "pkg-object-srcpkg-campaign32-family-classification-set",
      "pkg-object-srcpkg-campaign32-family-membership-completion_and_attainment_metadata",
      "pkg-object-srcpkg-campaign32-family-membership-enrollment_metadata",
      "pkg-object-srcpkg-campaign32-family-membership-equity_and_gender_parity_metadata",
      "pkg-object-srcpkg-campaign32-family-membership-financial_sector_resources_metadata",
      "pkg-object-srcpkg-campaign32-family-membership-literacy_and_learning_metadata",
      "pkg-object-srcpkg-campaign32-family-temporal-coverage-completion_and_attainment_metadata",
      "pkg-object-srcpkg-campaign32-family-temporal-coverage-enrollment_metadata",
      "pkg-object-srcpkg-campaign32-family-temporal-coverage-equity_and_gender_parity_metadata",
      "pkg-object-srcpkg-campaign32-family-temporal-coverage-financial_sector_resources_metadata",
      "pkg-object-srcpkg-campaign32-family-temporal-coverage-literacy_and_learning_metadata",
      "pkg-object-srcpkg-campaign32-family-territorial-coverage-completion_and_attainment_metadata",
      "pkg-object-srcpkg-campaign32-family-territorial-coverage-enrollment_metadata",
      "pkg-object-srcpkg-campaign32-family-territorial-coverage-equity_and_gender_parity_metadata",
      "pkg-object-srcpkg-campaign32-family-territorial-coverage-financial_sector_resources_metadata",
      "pkg-object-srcpkg-campaign32-family-territorial-coverage-literacy_and_learning_metadata",
      "pkg-object-srcpkg-campaign32-financial_sector-family-stable",
      "pkg-object-srcpkg-campaign32-financial_sector-not-mature",
      "pkg-object-srcpkg-campaign32-inventory-total",
      "pkg-object-srcpkg-campaign32-maturation-methodology-comparison",
      "pkg-object-srcpkg-campaign32-provenance-state",
      "pkg-object-srcpkg-campaign32-supported-dimensions",
      "pkg-object-srcpkg-campaign32-temporal-matrix-shape",
      "pkg-object-srcpkg-campaign32-temporal-missing-total",
      "pkg-object-srcpkg-campaign32-temporal-observed-total",
      "pkg-object-srcpkg-campaign32-temporal-period-range",
      "pkg-object-srcpkg-campaign32-territorial-bucket-taxonomy",
      "pkg-object-srcpkg-campaign32-territorial-complete-total",
      "pkg-object-srcpkg-campaign32-territorial-high-partial-total",
      "pkg-object-srcpkg-campaign32-territorial-insufficient-total",
      "pkg-object-srcpkg-campaign32-territorial-matrix-shape",
      "pkg-object-srcpkg-campaign32-territorial-moderate-partial-total",
      "pkg-object-srcpkg-campaign32-unsupported-dimensions",
      "pkg-object-srcpkg-campaign32-validation-state",
      "pkg-object-srcpkg-campaign33-architectural-continuity-review",
      "pkg-object-srcpkg-campaign33-artifact-count",
      "pkg-object-srcpkg-campaign33-complete-lineage-count",
      "pkg-object-srcpkg-campaign33-deterministic-lineage-transform",
      "pkg-object-srcpkg-campaign33-financial_sector-family-maturity-assessment",
      "pkg-object-srcpkg-campaign33-license-note-coverage",
      "pkg-object-srcpkg-campaign33-lineage-completeness-classification",
      "pkg-object-srcpkg-campaign33-lineage-envelope-coverage",
      "pkg-object-srcpkg-campaign33-missing-lineage-count",
      "pkg-object-srcpkg-campaign33-production-methodology-assessment",
      "pkg-object-srcpkg-campaign33-quality-control-state",
      "pkg-object-srcpkg-campaign33-raw-artifact-hash-coverage",
      "pkg-object-srcpkg-campaign33-raw-artifact-url-coverage",
      "pkg-object-srcpkg-campaign33-release-key-coverage",
      "pkg-object-srcpkg-campaign33-required-lineage-fields",
      "pkg-object-srcpkg-campaign33-source-url-coverage",
      "pkg-object-srcpkg-campaign33-validation-state",
      "pkg-object-srcpkg-campaign34-denmark-population-statistical-summary",
      "pkg-object-srcpkg-campaign35-dnk-exports-share-statistical-summary-v2",
      "pkg-object-srcpkg-campaign35-nor-exports-share-statistical-summary-v2",
      "pkg-object-srcpkg-campaign35-swe-exports-share-statistical-summary-v2",
      "pkg-object-srcpkg-campaign36-dnk-exports-imports-share-pearson-correlation-v1",
      "pkg-object-srcpkg-campaign37-nor-exports-imports-share-pearson-correlation-v1",
      "pkg-object-srcpkg-campaign37-swe-exports-imports-share-pearson-correlation-v1",
      "pkg-object-srcpkg-campaign38-dnk-life-expectancy-fertility-pearson-correlation-v1",
      "pkg-object-srcpkg-campaign39-demographic-rates-pearson-correlation-v1",
      "pkg-object-srcpkg-campaign39-health-system-coverage-pearson-correlation-v1",
      "pkg-object-srcpkg-campaign39-infrastructure-digital-access-pearson-correlation-v1",
      "pkg-object-srcpkg-campaign40-agriculture-agricultural-forest-land-dnk-first-difference-pearson-companion-v1",
      "pkg-object-srcpkg-campaign40-agriculture-agricultural-forest-land-dnk-pearson-correlation-v1",
      "pkg-object-srcpkg-campaign40-demographic-birth-death-rates-nor-first-difference-pearson-companion-v1",
      "pkg-object-srcpkg-campaign40-demographic-birth-death-rates-nor-pearson-correlation-v1",
      "pkg-object-srcpkg-campaign40-energy-fossil-nonhydro-renewables-nor-first-difference-pearson-companion-v1",
      "pkg-object-srcpkg-campaign40-energy-fossil-nonhydro-renewables-nor-pearson-correlation-v1",
      "pkg-object-srcpkg-campaign40-finance-credit-broad-money-dnk-first-difference-pearson-companion-v1",
      "pkg-object-srcpkg-campaign40-finance-credit-broad-money-dnk-pearson-correlation-v1",
      "pkg-object-srcpkg-campaign40-health-life-expectancy-under5-mortality-nor-first-difference-pearson-companion-v1",
      "pkg-object-srcpkg-campaign40-health-life-expectancy-under5-mortality-nor-pearson-correlation-v1",
      "pkg-object-srcpkg-campaign40-infrastructure-internet-mobile-swe-first-difference-pearson-companion-v1",
      "pkg-object-srcpkg-campaign40-infrastructure-internet-mobile-swe-pearson-correlation-v1",
      "pkg-object-srcpkg-campaign41-dnk-agricultural-land-broad-money-pearson-correlation-v1",
      "pkg-object-srcpkg-campaign41-dnk-agricultural-land-private-credit-pearson-correlation-v1",
      "pkg-object-srcpkg-campaign41-dnk-forest-area-broad-money-pearson-correlation-v1",
      "pkg-object-srcpkg-campaign41-nor-crude-birth-rate-fossil-electricity-pearson-correlation-v1",
      "pkg-object-srcpkg-campaign41-nor-fossil-electricity-under5-mortality-pearson-correlation-v1",
      "pkg-object-srcpkg-campaign41-nor-nonhydro-renewable-electricity-under5-mortality-pearson-correlation-v1",
      "pkg-object-srcpkg-campaign41-swe-private-credit-internet-users-first-difference-pearson-companion-v1",
      "pkg-object-srcpkg-campaign41-swe-private-credit-internet-users-pearson-correlation-v1",
      "pkg-object-srcpkg-campaign41-swe-private-credit-mobile-cellular-first-difference-pearson-companion-v1",
      "pkg-object-srcpkg-campaign41-swe-private-credit-mobile-cellular-pearson-correlation-v1"
    ],
    "persistence_policy": "persist validated KnowledgeObjectPackage JSON exactly; repository metadata and indexes remain separate",
    "repository_fingerprint": "sha256:82fbbfecf1b9d33bc164d3380ab5d350435e7d5e0ab8a0cdcebfc8fd9f9a0c8b",
    "repository_kind": "KnowledgeForgeKnowledgeRepository",
    "repository_root": "knowledge_repository",
    "schema_version": "1.0"
  }
}