D architecture/architectureharvest/_SUMMARY.md
 D architecture/architectureharvest/adoption_candidates.md
 D architecture/architectureharvest/adoption_outcome.template.yaml
 D architecture/architectureharvest/rejected_candidates.md
 D architecture/architectureharvest/relevance_map.yaml
 D architecture/architectureharvest/review_history.md
 M artifacts/decisions/_SUMMARY.md
 M artifacts/reports/R-20260712-architecture-reality-audit.md
 M artifacts/reports/_SUMMARY.md
 M artifacts/tasks/_SUMMARY.md
 M artifacts/tasks/backlog.md
 M config/_SUMMARY.md
 M context/latest_handoff.md
 M docs/production_campaign_roadmap.md
 M specs/correlation_batches/_SUMMARY.md
 M state/active_goal.md
 M state/project_state.md
 M tests/_SUMMARY.md
?? artifacts/decisions/D-20260712-next-production-readiness-before-campaign43.md
?? artifacts/operational-state-checkpoints/20260712-local-operational-state-gate/files/
?? artifacts/operational-state-checkpoints/_SUMMARY.md
?? artifacts/reports/campaign34-statistical-summary-pilot-evaluation-gate-20260710/final-verification/architecture_audit.log
?? artifacts/reports/campaign34-statistical-summary-pilot-evaluation-gate-20260710/final-verification/coherence.log
?? artifacts/reports/campaign34-statistical-summary-pilot-evaluation-gate-20260710/final-verification/context_health.log
?? artifacts/reports/campaign34-statistical-summary-pilot-evaluation-gate-20260710/final-verification/full_tests.log
?? artifacts/reports/campaign34-statistical-summary-pilot-evaluation-gate-20260710/final-verification/git_diff_check.log
?? artifacts/reports/campaign34-statistical-summary-pilot-evaluation-gate-20260710/final-verification/targeted_adversarial_decimal_tests.log
?? artifacts/reports/campaign34-wdi-denmark-population-statistical-summary-20260710/final-verification/architecture_audit.log
?? artifacts/reports/campaign34-wdi-denmark-population-statistical-summary-20260710/final-verification/coherence.log
?? artifacts/reports/campaign34-wdi-denmark-population-statistical-summary-20260710/final-verification/context_health.log
?? artifacts/reports/campaign34-wdi-denmark-population-statistical-summary-20260710/final-verification/full_tests.log
?? artifacts/reports/campaign34-wdi-denmark-population-statistical-summary-20260710/final-verification/git_diff_check.log
?? artifacts/reports/campaign34-wdi-denmark-population-statistical-summary-20260710/final-verification/targeted_tests.log
?? artifacts/reports/campaign35-wdi-nordic-exports-share-statistical-summary-20260710/final-verification/architecture_audit.log
?? artifacts/reports/campaign35-wdi-nordic-exports-share-statistical-summary-20260710/final-verification/coherence.log
?? artifacts/reports/campaign35-wdi-nordic-exports-share-statistical-summary-20260710/final-verification/context_health.log
?? artifacts/reports/campaign35-wdi-nordic-exports-share-statistical-summary-20260710/final-verification/full_tests.log
?? artifacts/reports/campaign35-wdi-nordic-exports-share-statistical-summary-20260710/final-verification/git_diff_check.log
?? artifacts/reports/campaign35-wdi-nordic-exports-share-statistical-summary-20260710/final-verification/targeted_campaign35_tests.log
?? artifacts/reports/campaign36-dnk-exports-imports-share-pearson-correlation-20260710/final-verification/architecture_audit.log
?? artifacts/reports/campaign36-dnk-exports-imports-share-pearson-correlation-20260710/final-verification/campaign36_rerun.log
?? artifacts/reports/campaign36-dnk-exports-imports-share-pearson-correlation-20260710/final-verification/coherence.log
?? artifacts/reports/campaign36-dnk-exports-imports-share-pearson-correlation-20260710/final-verification/compileall.log
?? artifacts/reports/campaign36-dnk-exports-imports-share-pearson-correlation-20260710/final-verification/context_health.log
?? artifacts/reports/campaign36-dnk-exports-imports-share-pearson-correlation-20260710/final-verification/full_tests.log
?? artifacts/reports/campaign36-dnk-exports-imports-share-pearson-correlation-20260710/final-verification/git_diff_check.log
?? artifacts/reports/campaign36-dnk-exports-imports-share-pearson-correlation-20260710/final-verification/targeted_campaign36_tests.log
?? artifacts/reports/campaign36-dnk-exports-imports-share-pearson-correlation-20260710/final-verification/unit_and_method_tests.log
?? artifacts/reports/campaign37-swe-nor-exports-imports-share-pearson-correlation-20260710/final-verification/architecture_audit.log
?? artifacts/reports/campaign37-swe-nor-exports-imports-share-pearson-correlation-20260710/final-verification/campaign37_no_promote_rerun.log
?? artifacts/reports/campaign37-swe-nor-exports-imports-share-pearson-correlation-20260710/final-verification/coherence.log
?? artifacts/reports/campaign37-swe-nor-exports-imports-share-pearson-correlation-20260710/final-verification/compileall.log
?? artifacts/reports/campaign37-swe-nor-exports-imports-share-pearson-correlation-20260710/final-verification/context_health.log
?? artifacts/reports/campaign37-swe-nor-exports-imports-share-pearson-correlation-20260710/final-verification/full_tests.log
?? artifacts/reports/campaign37-swe-nor-exports-imports-share-pearson-correlation-20260710/final-verification/git_diff_check.log
?? artifacts/reports/campaign37-swe-nor-exports-imports-share-pearson-correlation-20260710/final-verification/targeted_campaign37_tests.log
?? artifacts/reports/campaign37-swe-nor-exports-imports-share-pearson-correlation-20260710/final-verification/unit_and_method_tests.log
?? artifacts/reports/campaign38-semantically-distinct-wdi-pearson-correlation-20260711/final-verification/architecture_audit.log
?? artifacts/reports/campaign38-semantically-distinct-wdi-pearson-correlation-20260711/final-verification/campaign38_no_promote_rerun.log
?? artifacts/reports/campaign38-semantically-distinct-wdi-pearson-correlation-20260711/final-verification/coherence.log
?? artifacts/reports/campaign38-semantically-distinct-wdi-pearson-correlation-20260711/final-verification/compileall.log
?? artifacts/reports/campaign38-semantically-distinct-wdi-pearson-correlation-20260711/final-verification/context_health.log
?? artifacts/reports/campaign38-semantically-distinct-wdi-pearson-correlation-20260711/final-verification/full_tests.log
?? artifacts/reports/campaign38-semantically-distinct-wdi-pearson-correlation-20260711/final-verification/git_diff_check.log
?? artifacts/reports/campaign38-semantically-distinct-wdi-pearson-correlation-20260711/final-verification/targeted_campaign38_tests.log
?? artifacts/reports/campaign38-semantically-distinct-wdi-pearson-correlation-20260711/final-verification/unit_and_method_tests.log
?? artifacts/reports/campaign39-heterogeneous-wdi-pearson-batch-20260711/final-verification/architecture_audit.log
?? artifacts/reports/campaign39-heterogeneous-wdi-pearson-batch-20260711/final-verification/coherence.log
?? artifacts/reports/campaign39-heterogeneous-wdi-pearson-batch-20260711/final-verification/compileall.log
?? artifacts/reports/campaign39-heterogeneous-wdi-pearson-batch-20260711/final-verification/context_health.log
?? artifacts/reports/campaign39-heterogeneous-wdi-pearson-batch-20260711/final-verification/full_tests.log
?? artifacts/reports/campaign39-heterogeneous-wdi-pearson-batch-20260711/final-verification/git_diff_check.log
?? artifacts/reports/campaign39-heterogeneous-wdi-pearson-batch-20260711/final-verification/maturity_source_regression_tests.log
?? artifacts/reports/campaign39-heterogeneous-wdi-pearson-batch-20260711/final-verification/no_promote_rerun.log
?? artifacts/reports/campaign39-heterogeneous-wdi-pearson-batch-20260711/final-verification/targeted_campaign39_tests.log
?? artifacts/reports/campaign40-spec-driven-pearson-production-20260711/final_verification/architecture_reality_audit.log
?? artifacts/reports/campaign40-spec-driven-pearson-production-20260711/final_verification/full_test_suite.log
?? artifacts/reports/campaign40-spec-driven-pearson-production-20260711/final_verification/git_diff_check.log
?? artifacts/reports/campaign40-spec-driven-pearson-production-20260711/final_verification/python_compile.log
?? artifacts/reports/campaign40-spec-driven-pearson-production-20260711/final_verification/targeted_engine_tests.log
?? artifacts/reports/canonical-supersession-immutability-durability-gate-20260711/final-verification/architecture_reality_audit.log
?? artifacts/reports/canonical-supersession-immutability-durability-gate-20260711/final-verification/full_tests.log
?? artifacts/reports/canonical-supersession-immutability-durability-gate-20260711/final-verification/git_diff_check.log
?? artifacts/reports/canonical-supersession-immutability-durability-gate-20260711/final-verification/git_status.log
?? artifacts/reports/canonical-supersession-immutability-durability-gate-20260711/final-verification/insightforge_git_status.log
?? artifacts/reports/canonical-supersession-immutability-durability-gate-20260711/final-verification/macroforge_git_status.log
?? artifacts/reports/canonical-supersession-immutability-durability-gate-20260711/final-verification/python_compile.log
?? artifacts/reports/canonical-supersession-immutability-durability-gate-20260711/final-verification/targeted_tests.log
?? artifacts/reports/canonical-supersession-immutability-durability-gate-20260711/targeted_tests.log
?? artifacts/reports/correlation-method-v1-and-campaign36-design-20260710/final-verification/architecture_audit.log
?? artifacts/reports/correlation-method-v1-and-campaign36-design-20260710/final-verification/coherence.log
?? artifacts/reports/correlation-method-v1-and-campaign36-design-20260710/final-verification/context_health.log
?? artifacts/reports/correlation-method-v1-and-campaign36-design-20260710/final-verification/correlation_synthetic_adversarial_tests.log
?? artifacts/reports/correlation-method-v1-and-campaign36-design-20260710/final-verification/full_tests.log
?? artifacts/reports/correlation-method-v1-and-campaign36-design-20260710/final-verification/git_diff_check.log
?? artifacts/reports/correlation-method-v1-and-campaign36-design-20260710/final-verification/unit_resolution_tests.log
?? artifacts/reports/correlation-production-operationalization-20260711/final-verification/architecture_audit.log
?? artifacts/reports/correlation-production-operationalization-20260711/final-verification/coherence.log
?? artifacts/reports/correlation-production-operationalization-20260711/final-verification/compileall.log
?? artifacts/reports/correlation-production-operationalization-20260711/final-verification/context_health.log
?? artifacts/reports/correlation-production-operationalization-20260711/final-verification/full_tests.log
?? artifacts/reports/correlation-production-operationalization-20260711/final-verification/git_diff_check.log
?? artifacts/reports/correlation-production-operationalization-20260711/final-verification/no_promote_historical_reproduction.log
?? artifacts/reports/correlation-production-operationalization-20260711/final-verification/targeted_correlation_batch_engine_tests.log
?? artifacts/reports/macroforge-neutral-release-knowledgeforge-compatibility-pilot-20260711/final-verification/architecture_reality_audit_final.log
?? artifacts/reports/macroforge-neutral-release-knowledgeforge-compatibility-pilot-20260711/final-verification/full_unittest_discover.log
?? artifacts/reports/macroforge-neutral-release-knowledgeforge-compatibility-pilot-20260711/final-verification/git_diff_check.log
?? artifacts/reports/macroforge-neutral-release-knowledgeforge-compatibility-pilot-20260711/final-verification/git_diff_check_final.log
?? artifacts/reports/macroforge-neutral-release-knowledgeforge-compatibility-pilot-20260711/final-verification/git_diff_check_final2.log
?? artifacts/reports/macroforge-neutral-release-knowledgeforge-compatibility-pilot-20260711/final-verification/git_status_final.log
?? artifacts/reports/macroforge-neutral-release-knowledgeforge-compatibility-pilot-20260711/final-verification/macroforge_git_status_after_knowledgeforge_task.log
?? artifacts/reports/macroforge-neutral-release-knowledgeforge-compatibility-pilot-20260711/final-verification/macroforge_git_status_final.log
?? artifacts/reports/macroforge-neutral-release-knowledgeforge-compatibility-pilot-20260711/final-verification/release_inbox_regression_tests.log
?? artifacts/reports/macroforge-neutral-release-knowledgeforge-compatibility-pilot-20260711/final-verification/targeted_adapter_tests.log
?? artifacts/reports/macroforge-release-driven-automation-alignment-20260711/run_prototype.log
?? artifacts/reports/macroforge-release-driven-automation-alignment-20260711/verification/architecture_reality_audit.log
?? artifacts/reports/macroforge-release-driven-automation-alignment-20260711/verification/full_test_suite.log
?? artifacts/reports/macroforge-release-driven-automation-alignment-20260711/verification/git_diff_check.log
?? artifacts/reports/macroforge-release-driven-automation-alignment-20260711/verification/python_compile.log
?? artifacts/reports/macroforge-release-driven-automation-alignment-20260711/verification/targeted_release_automation_tests.log
?? artifacts/reports/macroforge-release-driven-automation-alignment-20260711/write_specs.log
?? artifacts/reports/next-production-readiness-decision-20260712/
?? artifacts/reports/operational-state-backup-restore-durability-gate-20260712/isolated_restore/
?? artifacts/reports/post-campaign42-production-alignment-git-durability-20260712/commits/05_publication_readiness_check_coherence.log
?? artifacts/reports/post-campaign42-production-alignment-git-durability-20260712/commits/05_publication_readiness_context_health.log
?? artifacts/reports/post-campaign42-production-alignment-git-durability-20260712/commits/05_publication_readiness_diff_check.log
?? artifacts/reports/post-campaign42-production-alignment-git-durability-20260712/commits/05_publication_readiness_result.json
?? artifacts/reports/post-campaign42-production-alignment-git-durability-20260712/commits/05_publication_readiness_staged_name_status.log
?? artifacts/reports/post-campaign42-production-alignment-git-durability-20260712/commits/05_publication_readiness_staged_sensitive_scan.json
?? artifacts/reports/post-campaign42-production-alignment-git-durability-20260712/commits/05_publication_readiness_staged_stat.log
?? artifacts/reports/post-campaign42-production-alignment-git-durability-20260712/final2_ahead_behind.log
?? artifacts/reports/post-campaign42-production-alignment-git-durability-20260712/final2_cached_check.log
?? artifacts/reports/post-campaign42-production-alignment-git-durability-20260712/final2_diff_check.log
?? artifacts/reports/post-campaign42-production-alignment-git-durability-20260712/final2_fetch.log
?? artifacts/reports/post-campaign42-production-alignment-git-durability-20260712/final2_head.log
?? artifacts/reports/post-campaign42-production-alignment-git-durability-20260712/final2_log.log
?? artifacts/reports/post-campaign42-production-alignment-git-durability-20260712/final2_origin.log
?? artifacts/reports/post-campaign42-production-alignment-git-durability-20260712/final2_push_summary.json
?? artifacts/reports/post-campaign42-production-alignment-git-durability-20260712/final_ahead_behind_after_report_push.log
?? artifacts/reports/post-campaign42-production-alignment-git-durability-20260712/final_ahead_behind_before_report_push.log
?? artifacts/reports/post-campaign42-production-alignment-git-durability-20260712/final_fetch_after_report_push.log
?? artifacts/reports/post-campaign42-production-alignment-git-durability-20260712/final_fetch_before_report_push.log
?? artifacts/reports/post-campaign42-production-alignment-git-durability-20260712/final_final_cached_check.log
?? artifacts/reports/post-campaign42-production-alignment-git-durability-20260712/final_final_diff_check.log
?? artifacts/reports/post-campaign42-production-alignment-git-durability-20260712/final_final_status_short.log
?? artifacts/reports/post-campaign42-production-alignment-git-durability-20260712/final_head_after_report_push.log
?? artifacts/reports/post-campaign42-production-alignment-git-durability-20260712/final_origin_after_report_push.log
?? artifacts/reports/post-campaign42-production-alignment-git-durability-20260712/final_push_report.log
?? artifacts/reports/post-campaign42-production-alignment-git-durability-20260712/final_push_summary.json
?? artifacts/reports/post-campaign42-production-alignment-git-durability-20260712/postpush_doc_commit_result.json
?? artifacts/reports/post-campaign42-production-alignment-git-durability-20260712/postpush_doc_diff_check.log
?? artifacts/reports/post-campaign42-production-alignment-git-durability-20260712/postpush_doc_sensitive_scan.json
?? artifacts/reports/post-campaign42-production-alignment-git-durability-20260712/postpush_doc_staged_name_status.log
?? artifacts/reports/post-campaign42-production-alignment-git-durability-20260712/prepush_ahead_behind.log
?? artifacts/reports/post-campaign42-production-alignment-git-durability-20260712/prepush_cached.log
?? artifacts/reports/post-campaign42-production-alignment-git-durability-20260712/prepush_fetch.log
?? artifacts/reports/post-campaign42-production-alignment-git-durability-20260712/prepush_gate_summary.json
?? artifacts/reports/post-campaign42-production-alignment-git-durability-20260712/prepush_head.log
?? artifacts/reports/post-campaign42-production-alignment-git-durability-20260712/prepush_origin.log
?? artifacts/reports/post-campaign42-production-alignment-git-durability-20260712/prepush_status_short.log
?? artifacts/reports/postgresql-acceptance-sequencing-20260710/final-verification/architecture_audit.log
?? artifacts/reports/postgresql-acceptance-sequencing-20260710/final-verification/coherence.log
?? artifacts/reports/postgresql-acceptance-sequencing-20260710/final-verification/context_health.log
?? artifacts/reports/postgresql-acceptance-sequencing-20260710/final-verification/full_tests.log
?? artifacts/reports/provider-neutral-outbox-polling-supersession-postgresql-prototype-20260711/final-verification/architecture_reality_audit.log
?? artifacts/reports/provider-neutral-outbox-polling-supersession-postgresql-prototype-20260711/final-verification/full_tests.log
?? artifacts/reports/provider-neutral-outbox-polling-supersession-postgresql-prototype-20260711/final-verification/git_diff_check.log
?? artifacts/reports/provider-neutral-outbox-polling-supersession-postgresql-prototype-20260711/final-verification/git_diff_check_final.log
?? artifacts/reports/provider-neutral-outbox-polling-supersession-postgresql-prototype-20260711/final-verification/git_status.log
?? artifacts/reports/provider-neutral-outbox-polling-supersession-postgresql-prototype-20260711/final-verification/macroforge_git_status.log
?? artifacts/reports/provider-neutral-outbox-polling-supersession-postgresql-prototype-20260711/final-verification/python_compile.log
?? artifacts/reports/provider-neutral-outbox-polling-supersession-postgresql-prototype-20260711/final-verification/targeted_tests.log
?? artifacts/reports/provider-neutral-release-inbox-real-evidence-impact-pilot-v1-20260711/verification/architecture_reality_audit.log
?? artifacts/reports/provider-neutral-release-inbox-real-evidence-impact-pilot-v1-20260711/verification/final_git_diff_check.log
?? artifacts/reports/provider-neutral-release-inbox-real-evidence-impact-pilot-v1-20260711/verification/full_test_suite.log
?? artifacts/reports/provider-neutral-release-inbox-real-evidence-impact-pilot-v1-20260711/verification/git_diff_check.log
?? artifacts/reports/provider-neutral-release-inbox-real-evidence-impact-pilot-v1-20260711/verification/postgresql_verify_stdout.log
?? artifacts/reports/provider-neutral-release-inbox-real-evidence-impact-pilot-v1-20260711/verification/py_compile.log
?? artifacts/reports/provider-neutral-release-inbox-real-evidence-impact-pilot-v1-20260711/verification/release_inbox_tests.log
?? artifacts/reports/relationship-export-contract-v1-20260711/verification/architecture_reality_audit.log
?? artifacts/reports/relationship-export-contract-v1-20260711/verification/full_test_suite.log
?? artifacts/reports/relationship-export-contract-v1-20260711/verification/git_diff_check.log
?? artifacts/reports/relationship-export-contract-v1-20260711/verification/python_compile.log
?? artifacts/reports/relationship-export-contract-v1-20260711/verification/targeted_export_tests.log
?? artifacts/reports/repository-wide-durability-inventory-supersession-correction-20260711/final_context_verification.log
?? artifacts/reports/repository-wide-durability-inventory-supersession-correction-20260711/final_verification.log
?? artifacts/reports/repository-wide-durability-inventory-supersession-correction-20260711/final_verification_after_closeout.log
?? artifacts/reports/repository-wide-durability-inventory-supersession-correction-20260711/summary_refresh.log
?? artifacts/reports/reviewed-git-durability-publication-20260712/continuation/
?? artifacts/reports/reviewed-git-durability-publication-20260712/final-validation-continuation/
?? artifacts/reports/reviewed-git-durability-publication-20260712/push-and-remote-verification/
?? artifacts/reports/statistical-summary-method-v2-and-campaign35-prep-20260710/final-verification/architecture_audit.log
?? artifacts/reports/statistical-summary-method-v2-and-campaign35-prep-20260710/final-verification/coherence.log
?? artifacts/reports/statistical-summary-method-v2-and-campaign35-prep-20260710/final-verification/context_health.log
?? artifacts/reports/statistical-summary-method-v2-and-campaign35-prep-20260710/final-verification/full_tests.log
?? artifacts/reports/statistical-summary-method-v2-and-campaign35-prep-20260710/final-verification/git_diff_check.log
?? artifacts/reports/statistical-summary-method-v2-and-campaign35-prep-20260710/final-verification/targeted_method_v2_tests.log
?? artifacts/reports/wdi-observation-fixture-statistical-summary-design-gate-20260710/final-verification/architecture_audit.log
?? artifacts/reports/wdi-observation-fixture-statistical-summary-design-gate-20260710/final-verification/coherence.log
?? artifacts/reports/wdi-observation-fixture-statistical-summary-design-gate-20260710/final-verification/context_health.log
?? artifacts/reports/wdi-observation-fixture-statistical-summary-design-gate-20260710/final-verification/full_tests.log
?? artifacts/reports/wdi-observation-fixture-statistical-summary-design-gate-20260710/final-verification/targeted_fixture_tests.log
?? artifacts/tasks/T-20260712-next-production-readiness-decision-before-campaign43.md
