D architecture/architectureharvest/_SUMMARY.md
 D architecture/architectureharvest/adoption_candidates.md
 D architecture/architectureharvest/adoption_outcome.template.yaml
 D architecture/architectureharvest/rejected_candidates.md
 D architecture/architectureharvest/relevance_map.yaml
 D architecture/architectureharvest/review_history.md
 M artifacts/_SUMMARY.md
 M artifacts/decisions/_SUMMARY.md
 M artifacts/tasks/_SUMMARY.md
 M context/latest_handoff.md
 M docs/production_campaign_roadmap.md
 M docs/production_evolution_log.md
 M knowledge_repository/evolution/pkg-object-srcpkg-campaign40-agriculture-agricultural-forest-land-dnk-pearson-correlation-v1.json
 M knowledge_repository/evolution/pkg-object-srcpkg-campaign40-demographic-birth-death-rates-nor-pearson-correlation-v1.json
 M knowledge_repository/evolution/pkg-object-srcpkg-campaign40-energy-fossil-nonhydro-renewables-nor-pearson-correlation-v1.json
 M knowledge_repository/evolution/pkg-object-srcpkg-campaign40-finance-credit-broad-money-dnk-pearson-correlation-v1.json
 M knowledge_repository/evolution/pkg-object-srcpkg-campaign40-health-life-expectancy-under5-mortality-nor-pearson-correlation-v1.json
 M knowledge_repository/evolution/pkg-object-srcpkg-campaign40-infrastructure-internet-mobile-swe-pearson-correlation-v1.json
 M knowledge_repository/indexes/by_evidence_family.json
 M knowledge_repository/indexes/by_knowledge_identity.json
 M knowledge_repository/indexes/by_lifecycle_state.json
 M knowledge_repository/indexes/by_package_id.json
 M knowledge_repository/indexes/by_package_manifest_fingerprint.json
 M knowledge_repository/indexes/by_statement_type.json
 M knowledge_repository/manifest.json
 M specs/correlation_batches/_SUMMARY.md
 M specs/correlation_batches/campaign40_first_end_to_end_spec_driven_pearson_batch.json
 M state/active_goal.md
 M state/project_state.md
 M tests/test_correlation_batch_engine.py
 M tools/_SUMMARY.md
 M tools/correlation_batch_engine.py
?? artifacts/decisions/D-20260712-campaign41-candidate-registry-freeze.md
?? artifacts/decisions/D-20260712-campaign41-generic-correlation-engine-ready.md
?? artifacts/decisions/D-20260712-campaign41-pearson-production-accepted.md
?? artifacts/decisions/D-20260712-campaign41-production-sequencing.md
?? artifacts/decisions/D-20260712-campaign42-coefficient-free-first-difference-pearson-companion-registry.md
?? artifacts/decisions/D-20260712-campaign42-first-difference-pearson-companion-production.md
?? artifacts/decisions/D-20260712-first-difference-pearson-method-contract-validation.md
?? artifacts/decisions/D-20260712-pearson-candidate-policy-v2-consistency-correction.md
?? artifacts/decisions/D-20260712-pearson-candidate-policy-v2-mixed-roadmap.md
?? artifacts/decisions/D-20260712-pearson-path-to-100-mixed-roadmap.md
?? artifacts/operational-state-checkpoints/20260712-local-operational-state-gate/files/
?? artifacts/reports/R-20260712-architecture-reality-audit.md
?? artifacts/reports/campaign34-statistical-summary-pilot-evaluation-gate-20260710/final-verification/architecture_audit.log
?? artifacts/reports/campaign34-statistical-summary-pilot-evaluation-gate-20260710/final-verification/coherence.log
?? artifacts/reports/campaign34-statistical-summary-pilot-evaluation-gate-20260710/final-verification/context_health.log
?? artifacts/reports/campaign34-statistical-summary-pilot-evaluation-gate-20260710/final-verification/full_tests.log
?? artifacts/reports/campaign34-statistical-summary-pilot-evaluation-gate-20260710/final-verification/git_diff_check.log
?? artifacts/reports/campaign34-statistical-summary-pilot-evaluation-gate-20260710/final-verification/targeted_adversarial_decimal_tests.log
?? artifacts/reports/campaign34-wdi-denmark-population-statistical-summary-20260710/final-verification/architecture_audit.log
?? artifacts/reports/campaign34-wdi-denmark-population-statistical-summary-20260710/final-verification/coherence.log
?? artifacts/reports/campaign34-wdi-denmark-population-statistical-summary-20260710/final-verification/context_health.log
?? artifacts/reports/campaign34-wdi-denmark-population-statistical-summary-20260710/final-verification/full_tests.log
?? artifacts/reports/campaign34-wdi-denmark-population-statistical-summary-20260710/final-verification/git_diff_check.log
?? artifacts/reports/campaign34-wdi-denmark-population-statistical-summary-20260710/final-verification/targeted_tests.log
?? artifacts/reports/campaign35-wdi-nordic-exports-share-statistical-summary-20260710/final-verification/architecture_audit.log
?? artifacts/reports/campaign35-wdi-nordic-exports-share-statistical-summary-20260710/final-verification/coherence.log
?? artifacts/reports/campaign35-wdi-nordic-exports-share-statistical-summary-20260710/final-verification/context_health.log
?? artifacts/reports/campaign35-wdi-nordic-exports-share-statistical-summary-20260710/final-verification/full_tests.log
?? artifacts/reports/campaign35-wdi-nordic-exports-share-statistical-summary-20260710/final-verification/git_diff_check.log
?? artifacts/reports/campaign35-wdi-nordic-exports-share-statistical-summary-20260710/final-verification/targeted_campaign35_tests.log
?? artifacts/reports/campaign36-dnk-exports-imports-share-pearson-correlation-20260710/final-verification/architecture_audit.log
?? artifacts/reports/campaign36-dnk-exports-imports-share-pearson-correlation-20260710/final-verification/campaign36_rerun.log
?? artifacts/reports/campaign36-dnk-exports-imports-share-pearson-correlation-20260710/final-verification/coherence.log
?? artifacts/reports/campaign36-dnk-exports-imports-share-pearson-correlation-20260710/final-verification/compileall.log
?? artifacts/reports/campaign36-dnk-exports-imports-share-pearson-correlation-20260710/final-verification/context_health.log
?? artifacts/reports/campaign36-dnk-exports-imports-share-pearson-correlation-20260710/final-verification/full_tests.log
?? artifacts/reports/campaign36-dnk-exports-imports-share-pearson-correlation-20260710/final-verification/git_diff_check.log
?? artifacts/reports/campaign36-dnk-exports-imports-share-pearson-correlation-20260710/final-verification/targeted_campaign36_tests.log
?? artifacts/reports/campaign36-dnk-exports-imports-share-pearson-correlation-20260710/final-verification/unit_and_method_tests.log
?? artifacts/reports/campaign37-swe-nor-exports-imports-share-pearson-correlation-20260710/final-verification/architecture_audit.log
?? artifacts/reports/campaign37-swe-nor-exports-imports-share-pearson-correlation-20260710/final-verification/campaign37_no_promote_rerun.log
?? artifacts/reports/campaign37-swe-nor-exports-imports-share-pearson-correlation-20260710/final-verification/coherence.log
?? artifacts/reports/campaign37-swe-nor-exports-imports-share-pearson-correlation-20260710/final-verification/compileall.log
?? artifacts/reports/campaign37-swe-nor-exports-imports-share-pearson-correlation-20260710/final-verification/context_health.log
?? artifacts/reports/campaign37-swe-nor-exports-imports-share-pearson-correlation-20260710/final-verification/full_tests.log
?? artifacts/reports/campaign37-swe-nor-exports-imports-share-pearson-correlation-20260710/final-verification/git_diff_check.log
?? artifacts/reports/campaign37-swe-nor-exports-imports-share-pearson-correlation-20260710/final-verification/targeted_campaign37_tests.log
?? artifacts/reports/campaign37-swe-nor-exports-imports-share-pearson-correlation-20260710/final-verification/unit_and_method_tests.log
?? artifacts/reports/campaign38-semantically-distinct-wdi-pearson-correlation-20260711/final-verification/architecture_audit.log
?? artifacts/reports/campaign38-semantically-distinct-wdi-pearson-correlation-20260711/final-verification/campaign38_no_promote_rerun.log
?? artifacts/reports/campaign38-semantically-distinct-wdi-pearson-correlation-20260711/final-verification/coherence.log
?? artifacts/reports/campaign38-semantically-distinct-wdi-pearson-correlation-20260711/final-verification/compileall.log
?? artifacts/reports/campaign38-semantically-distinct-wdi-pearson-correlation-20260711/final-verification/context_health.log
?? artifacts/reports/campaign38-semantically-distinct-wdi-pearson-correlation-20260711/final-verification/full_tests.log
?? artifacts/reports/campaign38-semantically-distinct-wdi-pearson-correlation-20260711/final-verification/git_diff_check.log
?? artifacts/reports/campaign38-semantically-distinct-wdi-pearson-correlation-20260711/final-verification/targeted_campaign38_tests.log
?? artifacts/reports/campaign38-semantically-distinct-wdi-pearson-correlation-20260711/final-verification/unit_and_method_tests.log
?? artifacts/reports/campaign39-heterogeneous-wdi-pearson-batch-20260711/final-verification/architecture_audit.log
?? artifacts/reports/campaign39-heterogeneous-wdi-pearson-batch-20260711/final-verification/coherence.log
?? artifacts/reports/campaign39-heterogeneous-wdi-pearson-batch-20260711/final-verification/compileall.log
?? artifacts/reports/campaign39-heterogeneous-wdi-pearson-batch-20260711/final-verification/context_health.log
?? artifacts/reports/campaign39-heterogeneous-wdi-pearson-batch-20260711/final-verification/full_tests.log
?? artifacts/reports/campaign39-heterogeneous-wdi-pearson-batch-20260711/final-verification/git_diff_check.log
?? artifacts/reports/campaign39-heterogeneous-wdi-pearson-batch-20260711/final-verification/maturity_source_regression_tests.log
?? artifacts/reports/campaign39-heterogeneous-wdi-pearson-batch-20260711/final-verification/no_promote_rerun.log
?? artifacts/reports/campaign39-heterogeneous-wdi-pearson-batch-20260711/final-verification/targeted_campaign39_tests.log
?? artifacts/reports/campaign40-spec-driven-pearson-production-20260711/final_verification/architecture_reality_audit.log
?? artifacts/reports/campaign40-spec-driven-pearson-production-20260711/final_verification/full_test_suite.log
?? artifacts/reports/campaign40-spec-driven-pearson-production-20260711/final_verification/git_diff_check.log
?? artifacts/reports/campaign40-spec-driven-pearson-production-20260711/final_verification/python_compile.log
?? artifacts/reports/campaign40-spec-driven-pearson-production-20260711/final_verification/targeted_engine_tests.log
?? artifacts/reports/campaign41-assimilation-pearson-path-to-100-review-20260712/
?? artifacts/reports/campaign41-coefficient-free-pearson-candidate-registry-20260712/
?? artifacts/reports/campaign41-doctrine-preserving-deterministic-knowledge-expansion-20260712/
?? artifacts/reports/campaign41-frozen-pearson-batch-production-20260712/
?? artifacts/reports/campaign41-generic-correlation-engine-provenance-parameterization-20260712/
?? artifacts/reports/campaign42-coefficient-free-first-difference-pearson-companion-registry-20260712/
?? artifacts/reports/campaign42-first-difference-pearson-companion-production-20260712/
?? artifacts/reports/canonical-supersession-immutability-durability-gate-20260711/final-verification/architecture_reality_audit.log
?? artifacts/reports/canonical-supersession-immutability-durability-gate-20260711/final-verification/full_tests.log
?? artifacts/reports/canonical-supersession-immutability-durability-gate-20260711/final-verification/git_diff_check.log
?? artifacts/reports/canonical-supersession-immutability-durability-gate-20260711/final-verification/git_status.log
?? artifacts/reports/canonical-supersession-immutability-durability-gate-20260711/final-verification/insightforge_git_status.log
?? artifacts/reports/canonical-supersession-immutability-durability-gate-20260711/final-verification/macroforge_git_status.log
?? artifacts/reports/canonical-supersession-immutability-durability-gate-20260711/final-verification/python_compile.log
?? artifacts/reports/canonical-supersession-immutability-durability-gate-20260711/final-verification/targeted_tests.log
?? artifacts/reports/canonical-supersession-immutability-durability-gate-20260711/targeted_tests.log
?? artifacts/reports/correlation-method-v1-and-campaign36-design-20260710/final-verification/architecture_audit.log
?? artifacts/reports/correlation-method-v1-and-campaign36-design-20260710/final-verification/coherence.log
?? artifacts/reports/correlation-method-v1-and-campaign36-design-20260710/final-verification/context_health.log
?? artifacts/reports/correlation-method-v1-and-campaign36-design-20260710/final-verification/correlation_synthetic_adversarial_tests.log
?? artifacts/reports/correlation-method-v1-and-campaign36-design-20260710/final-verification/full_tests.log
?? artifacts/reports/correlation-method-v1-and-campaign36-design-20260710/final-verification/git_diff_check.log
?? artifacts/reports/correlation-method-v1-and-campaign36-design-20260710/final-verification/unit_resolution_tests.log
?? artifacts/reports/correlation-production-operationalization-20260711/final-verification/architecture_audit.log
?? artifacts/reports/correlation-production-operationalization-20260711/final-verification/coherence.log
?? artifacts/reports/correlation-production-operationalization-20260711/final-verification/compileall.log
?? artifacts/reports/correlation-production-operationalization-20260711/final-verification/context_health.log
?? artifacts/reports/correlation-production-operationalization-20260711/final-verification/full_tests.log
?? artifacts/reports/correlation-production-operationalization-20260711/final-verification/git_diff_check.log
?? artifacts/reports/correlation-production-operationalization-20260711/final-verification/no_promote_historical_reproduction.log
?? artifacts/reports/correlation-production-operationalization-20260711/final-verification/targeted_correlation_batch_engine_tests.log
?? artifacts/reports/first-difference-pearson-method-contract-validation-20260712/
?? artifacts/reports/macroforge-neutral-release-knowledgeforge-compatibility-pilot-20260711/final-verification/architecture_reality_audit_final.log
?? artifacts/reports/macroforge-neutral-release-knowledgeforge-compatibility-pilot-20260711/final-verification/full_unittest_discover.log
?? artifacts/reports/macroforge-neutral-release-knowledgeforge-compatibility-pilot-20260711/final-verification/git_diff_check.log
?? artifacts/reports/macroforge-neutral-release-knowledgeforge-compatibility-pilot-20260711/final-verification/git_diff_check_final.log
?? artifacts/reports/macroforge-neutral-release-knowledgeforge-compatibility-pilot-20260711/final-verification/git_diff_check_final2.log
?? artifacts/reports/macroforge-neutral-release-knowledgeforge-compatibility-pilot-20260711/final-verification/git_status_final.log
?? artifacts/reports/macroforge-neutral-release-knowledgeforge-compatibility-pilot-20260711/final-verification/macroforge_git_status_after_knowledgeforge_task.log
?? artifacts/reports/macroforge-neutral-release-knowledgeforge-compatibility-pilot-20260711/final-verification/macroforge_git_status_final.log
?? artifacts/reports/macroforge-neutral-release-knowledgeforge-compatibility-pilot-20260711/final-verification/release_inbox_regression_tests.log
?? artifacts/reports/macroforge-neutral-release-knowledgeforge-compatibility-pilot-20260711/final-verification/targeted_adapter_tests.log
?? artifacts/reports/macroforge-release-driven-automation-alignment-20260711/run_prototype.log
?? artifacts/reports/macroforge-release-driven-automation-alignment-20260711/verification/architecture_reality_audit.log
?? artifacts/reports/macroforge-release-driven-automation-alignment-20260711/verification/full_test_suite.log
?? artifacts/reports/macroforge-release-driven-automation-alignment-20260711/verification/git_diff_check.log
?? artifacts/reports/macroforge-release-driven-automation-alignment-20260711/verification/python_compile.log
?? artifacts/reports/macroforge-release-driven-automation-alignment-20260711/verification/targeted_release_automation_tests.log
?? artifacts/reports/macroforge-release-driven-automation-alignment-20260711/write_specs.log
?? artifacts/reports/operational-state-backup-restore-durability-gate-20260712/isolated_restore/
?? artifacts/reports/pearson-candidate-policy-refinement-mixed-roadmap-20260712/
?? artifacts/reports/pearson-candidate-policy-v2-consistency-correction-20260712/
?? artifacts/reports/post-campaign42-production-alignment-git-durability-20260712/
?? artifacts/reports/postgresql-acceptance-sequencing-20260710/final-verification/architecture_audit.log
?? artifacts/reports/postgresql-acceptance-sequencing-20260710/final-verification/coherence.log
?? artifacts/reports/postgresql-acceptance-sequencing-20260710/final-verification/context_health.log
?? artifacts/reports/postgresql-acceptance-sequencing-20260710/final-verification/full_tests.log
?? artifacts/reports/provider-neutral-outbox-polling-supersession-postgresql-prototype-20260711/final-verification/architecture_reality_audit.log
?? artifacts/reports/provider-neutral-outbox-polling-supersession-postgresql-prototype-20260711/final-verification/full_tests.log
?? artifacts/reports/provider-neutral-outbox-polling-supersession-postgresql-prototype-20260711/final-verification/git_diff_check.log
?? artifacts/reports/provider-neutral-outbox-polling-supersession-postgresql-prototype-20260711/final-verification/git_diff_check_final.log
?? artifacts/reports/provider-neutral-outbox-polling-supersession-postgresql-prototype-20260711/final-verification/git_status.log
?? artifacts/reports/provider-neutral-outbox-polling-supersession-postgresql-prototype-20260711/final-verification/macroforge_git_status.log
?? artifacts/reports/provider-neutral-outbox-polling-supersession-postgresql-prototype-20260711/final-verification/python_compile.log
?? artifacts/reports/provider-neutral-outbox-polling-supersession-postgresql-prototype-20260711/final-verification/targeted_tests.log
?? artifacts/reports/provider-neutral-release-inbox-real-evidence-impact-pilot-v1-20260711/verification/architecture_reality_audit.log
?? artifacts/reports/provider-neutral-release-inbox-real-evidence-impact-pilot-v1-20260711/verification/final_git_diff_check.log
?? artifacts/reports/provider-neutral-release-inbox-real-evidence-impact-pilot-v1-20260711/verification/full_test_suite.log
?? artifacts/reports/provider-neutral-release-inbox-real-evidence-impact-pilot-v1-20260711/verification/git_diff_check.log
?? artifacts/reports/provider-neutral-release-inbox-real-evidence-impact-pilot-v1-20260711/verification/postgresql_verify_stdout.log
?? artifacts/reports/provider-neutral-release-inbox-real-evidence-impact-pilot-v1-20260711/verification/py_compile.log
?? artifacts/reports/provider-neutral-release-inbox-real-evidence-impact-pilot-v1-20260711/verification/release_inbox_tests.log
?? artifacts/reports/relationship-export-contract-v1-20260711/verification/architecture_reality_audit.log
?? artifacts/reports/relationship-export-contract-v1-20260711/verification/full_test_suite.log
?? artifacts/reports/relationship-export-contract-v1-20260711/verification/git_diff_check.log
?? artifacts/reports/relationship-export-contract-v1-20260711/verification/python_compile.log
?? artifacts/reports/relationship-export-contract-v1-20260711/verification/targeted_export_tests.log
?? artifacts/reports/repository-wide-durability-inventory-supersession-correction-20260711/final_context_verification.log
?? artifacts/reports/repository-wide-durability-inventory-supersession-correction-20260711/final_verification.log
?? artifacts/reports/repository-wide-durability-inventory-supersession-correction-20260711/final_verification_after_closeout.log
?? artifacts/reports/repository-wide-durability-inventory-supersession-correction-20260711/summary_refresh.log
?? artifacts/reports/reviewed-git-durability-publication-20260712/continuation/
?? artifacts/reports/reviewed-git-durability-publication-20260712/final-validation-continuation/
?? artifacts/reports/reviewed-git-durability-publication-20260712/push-and-remote-verification/
?? artifacts/reports/statistical-summary-method-v2-and-campaign35-prep-20260710/final-verification/architecture_audit.log
?? artifacts/reports/statistical-summary-method-v2-and-campaign35-prep-20260710/final-verification/coherence.log
?? artifacts/reports/statistical-summary-method-v2-and-campaign35-prep-20260710/final-verification/context_health.log
?? artifacts/reports/statistical-summary-method-v2-and-campaign35-prep-20260710/final-verification/full_tests.log
?? artifacts/reports/statistical-summary-method-v2-and-campaign35-prep-20260710/final-verification/git_diff_check.log
?? artifacts/reports/statistical-summary-method-v2-and-campaign35-prep-20260710/final-verification/targeted_method_v2_tests.log
?? artifacts/reports/wdi-observation-fixture-statistical-summary-design-gate-20260710/final-verification/architecture_audit.log
?? artifacts/reports/wdi-observation-fixture-statistical-summary-design-gate-20260710/final-verification/coherence.log
?? artifacts/reports/wdi-observation-fixture-statistical-summary-design-gate-20260710/final-verification/context_health.log
?? artifacts/reports/wdi-observation-fixture-statistical-summary-design-gate-20260710/final-verification/full_tests.log
?? artifacts/reports/wdi-observation-fixture-statistical-summary-design-gate-20260710/final-verification/targeted_fixture_tests.log
?? artifacts/tasks/T-20260712-campaign41-assimilation-pearson-path-to-100-production-utility-review.md
?? artifacts/tasks/T-20260712-campaign41-coefficient-free-pearson-candidate-registry.md
?? artifacts/tasks/T-20260712-campaign41-doctrine-preserving-deterministic-knowledge-expansion.md
?? artifacts/tasks/T-20260712-campaign41-frozen-pearson-batch-production.md
?? artifacts/tasks/T-20260712-campaign41-generic-correlation-engine-provenance-parameterization.md
?? artifacts/tasks/T-20260712-campaign42-coefficient-free-first-difference-pearson-companion-registry.md
?? artifacts/tasks/T-20260712-campaign42-first-difference-pearson-companion-production.md
?? artifacts/tasks/T-20260712-first-difference-pearson-method-contract-validation.md
?? artifacts/tasks/T-20260712-pearson-candidate-policy-refinement-mixed-roadmap.md
?? artifacts/tasks/T-20260712-pearson-candidate-policy-v2-consistency-correction.md
?? knowledge_repository/evolution/pkg-object-srcpkg-campaign40-agriculture-agricultural-forest-land-dnk-first-difference-pearson-companion-v1.json
?? knowledge_repository/evolution/pkg-object-srcpkg-campaign40-demographic-birth-death-rates-nor-first-difference-pearson-companion-v1.json
?? knowledge_repository/evolution/pkg-object-srcpkg-campaign40-energy-fossil-nonhydro-renewables-nor-first-difference-pearson-companion-v1.json
?? knowledge_repository/evolution/pkg-object-srcpkg-campaign40-finance-credit-broad-money-dnk-first-difference-pearson-companion-v1.json
?? knowledge_repository/evolution/pkg-object-srcpkg-campaign40-health-life-expectancy-under5-mortality-nor-first-difference-pearson-companion-v1.json
?? knowledge_repository/evolution/pkg-object-srcpkg-campaign40-infrastructure-internet-mobile-swe-first-difference-pearson-companion-v1.json
?? knowledge_repository/evolution/pkg-object-srcpkg-campaign41-dnk-agricultural-land-broad-money-pearson-correlation-v1.json
?? knowledge_repository/evolution/pkg-object-srcpkg-campaign41-dnk-agricultural-land-private-credit-pearson-correlation-v1.json
?? knowledge_repository/evolution/pkg-object-srcpkg-campaign41-dnk-forest-area-broad-money-pearson-correlation-v1.json
?? knowledge_repository/evolution/pkg-object-srcpkg-campaign41-nor-crude-birth-rate-fossil-electricity-pearson-correlation-v1.json
?? knowledge_repository/evolution/pkg-object-srcpkg-campaign41-nor-fossil-electricity-under5-mortality-pearson-correlation-v1.json
?? knowledge_repository/evolution/pkg-object-srcpkg-campaign41-nor-nonhydro-renewable-electricity-under5-mortality-pearson-correlation-v1.json
?? knowledge_repository/evolution/pkg-object-srcpkg-campaign41-swe-private-credit-internet-users-first-difference-pearson-companion-v1.json
?? knowledge_repository/evolution/pkg-object-srcpkg-campaign41-swe-private-credit-internet-users-pearson-correlation-v1.json
?? knowledge_repository/evolution/pkg-object-srcpkg-campaign41-swe-private-credit-mobile-cellular-first-difference-pearson-companion-v1.json
?? knowledge_repository/evolution/pkg-object-srcpkg-campaign41-swe-private-credit-mobile-cellular-pearson-correlation-v1.json
?? knowledge_repository/objects/pkg-object-srcpkg-campaign40-agriculture-agricultural-forest-land-dnk-first-difference-pearson-companion-v1.json
?? knowledge_repository/objects/pkg-object-srcpkg-campaign40-demographic-birth-death-rates-nor-first-difference-pearson-companion-v1.json
?? knowledge_repository/objects/pkg-object-srcpkg-campaign40-energy-fossil-nonhydro-renewables-nor-first-difference-pearson-companion-v1.json
?? knowledge_repository/objects/pkg-object-srcpkg-campaign40-finance-credit-broad-money-dnk-first-difference-pearson-companion-v1.json
?? knowledge_repository/objects/pkg-object-srcpkg-campaign40-health-life-expectancy-under5-mortality-nor-first-difference-pearson-companion-v1.json
?? knowledge_repository/objects/pkg-object-srcpkg-campaign40-infrastructure-internet-mobile-swe-first-difference-pearson-companion-v1.json
?? knowledge_repository/objects/pkg-object-srcpkg-campaign41-dnk-agricultural-land-broad-money-pearson-correlation-v1.json
?? knowledge_repository/objects/pkg-object-srcpkg-campaign41-dnk-agricultural-land-private-credit-pearson-correlation-v1.json
?? knowledge_repository/objects/pkg-object-srcpkg-campaign41-dnk-forest-area-broad-money-pearson-correlation-v1.json
?? knowledge_repository/objects/pkg-object-srcpkg-campaign41-nor-crude-birth-rate-fossil-electricity-pearson-correlation-v1.json
?? knowledge_repository/objects/pkg-object-srcpkg-campaign41-nor-fossil-electricity-under5-mortality-pearson-correlation-v1.json
?? knowledge_repository/objects/pkg-object-srcpkg-campaign41-nor-nonhydro-renewable-electricity-under5-mortality-pearson-correlation-v1.json
?? knowledge_repository/objects/pkg-object-srcpkg-campaign41-swe-private-credit-internet-users-first-difference-pearson-companion-v1.json
?? knowledge_repository/objects/pkg-object-srcpkg-campaign41-swe-private-credit-internet-users-pearson-correlation-v1.json
?? knowledge_repository/objects/pkg-object-srcpkg-campaign41-swe-private-credit-mobile-cellular-first-difference-pearson-companion-v1.json
?? knowledge_repository/objects/pkg-object-srcpkg-campaign41-swe-private-credit-mobile-cellular-pearson-correlation-v1.json
?? specs/correlation_batches/campaign41_coefficient_free_pearson_batch_spec.json
?? specs/correlation_batches/campaign41_ready_pearson_batch_spec.json
?? specs/correlation_batches/campaign42_coefficient_free_first_difference_pearson_companion_registry.json
?? specs/correlation_batches/campaign42_first_difference_pearson_companion_production_specification.json
?? specs/correlation_batches/first_difference_pearson_method_contract_20260712.json
?? specs/correlation_batches/first_difference_pearson_transformation_contract_20260712.json
?? specs/correlation_batches/first_difference_pearson_validation_registry_20260712.json
?? specs/correlation_batches/pearson_candidate_policy_v2_mixed_roadmap.md
?? specs/correlation_batches/wdi_annual_scalar_first_difference_pearson_v1_method_contract.md
?? tests/test_campaign42_first_difference_companion_production.py
?? tests/test_campaign42_first_difference_companion_registry.py
?? tests/test_coefficient_free_pearson_candidate_registry.py
?? tests/test_correlation_engine_provenance_parameterization.py
?? tests/test_first_difference_pearson_method.py
?? tools/campaign42_first_difference_companion_production.py
?? tools/campaign42_first_difference_companion_registry.py
?? tools/coefficient_free_pearson_candidate_registry.py
?? tools/first_difference_pearson_method_v1.py
!! .pytest_cache/
!! context/active_context.md
!! logs/agents/_SUMMARY.md
!! logs/derived/_SUMMARY.md
!! logs/raw/_SUMMARY.md
!! question_queue/answered/_SUMMARY.md
!! question_queue/archive/_SUMMARY.md
!! question_queue/pending/_SUMMARY.md
!! tests/__pycache__/
!! tools/__pycache__/
!! workspace_config.yaml