{
  "campaign41_paths": [
    "artifacts/decisions/D-20260712-campaign41-production-sequencing.md",
    "artifacts/tasks/T-20260712-campaign41-doctrine-preserving-deterministic-knowledge-expansion.md",
    "artifacts/reports/campaign41-doctrine-preserving-deterministic-knowledge-expansion-20260712/production_sequencing_decision.json",
    "artifacts/reports/campaign41-doctrine-preserving-deterministic-knowledge-expansion-20260712/production_sequencing_decision.md",
    "artifacts/reports/macroforge-neutral-release-knowledgeforge-compatibility-pilot-20260711/final-verification/campaign41_absence_final.json",
    "artifacts/reports/macroforge-neutral-release-knowledgeforge-compatibility-pilot-20260711/final-verification/campaign41_absence.json",
    "artifacts/reports/campaign41-doctrine-preserving-deterministic-knowledge-expansion-20260712/preflight/git_state.txt",
    "artifacts/reports/campaign41-doctrine-preserving-deterministic-knowledge-expansion-20260712/preflight/cached_diff_name_status.txt",
    "artifacts/reports/campaign41-doctrine-preserving-deterministic-knowledge-expansion-20260712/preflight/git_fetch.stderr",
    "artifacts/reports/campaign41-doctrine-preserving-deterministic-knowledge-expansion-20260712/preflight/git_status_ignored_short.txt",
    "artifacts/reports/campaign41-doctrine-preserving-deterministic-knowledge-expansion-20260712/preflight/git_fetch.stdout",
    "artifacts/reports/campaign41-doctrine-preserving-deterministic-knowledge-expansion-20260712/preflight/architectureharvest_status.txt",
    "artifacts/reports/campaign41-doctrine-preserving-deterministic-knowledge-expansion-20260712/final-verification/canonical_repository_validation.stderr",
    "artifacts/reports/campaign41-doctrine-preserving-deterministic-knowledge-expansion-20260712/final-verification/existing_package_immutability.stderr",
    "artifacts/reports/campaign41-doctrine-preserving-deterministic-knowledge-expansion-20260712/final-verification/campaign41_absence.stdout",
    "artifacts/reports/campaign41-doctrine-preserving-deterministic-knowledge-expansion-20260712/final-verification/campaign41_absence.stderr",
    "artifacts/reports/campaign41-doctrine-preserving-deterministic-knowledge-expansion-20260712/final-verification/canonical_repository_validation.status.json",
    "artifacts/reports/campaign41-doctrine-preserving-deterministic-knowledge-expansion-20260712/final-verification/full_test_suite.stdout",
    "artifacts/reports/campaign41-doctrine-preserving-deterministic-knowledge-expansion-20260712/final-verification/full_test_suite.stderr",
    "artifacts/reports/campaign41-doctrine-preserving-deterministic-knowledge-expansion-20260712/final-verification/canonical_repository_validation.stdout",
    "artifacts/reports/campaign41-doctrine-preserving-deterministic-knowledge-expansion-20260712/final-verification/existing_package_immutability.stdout",
    "artifacts/reports/campaign41-doctrine-preserving-deterministic-knowledge-expansion-20260712/final-verification/python_compile.status.json",
    "artifacts/reports/campaign41-doctrine-preserving-deterministic-knowledge-expansion-20260712/final-verification/python_compile.stdout",
    "artifacts/reports/campaign41-doctrine-preserving-deterministic-knowledge-expansion-20260712/final-verification/full_test_suite.status.json",
    "artifacts/reports/campaign41-doctrine-preserving-deterministic-knowledge-expansion-20260712/final-verification/existing_package_immutability.status.json",
    "artifacts/reports/campaign41-doctrine-preserving-deterministic-knowledge-expansion-20260712/final-verification/python_compile.stderr",
    "artifacts/reports/canonical-supersession-immutability-durability-gate-20260711/final-verification/campaign41_artifact_absence.json",
    "artifacts/reports/provider-neutral-outbox-polling-supersession-postgresql-prototype-20260711/final-verification/campaign41_absence_corrected.json",
    "artifacts/reports/provider-neutral-outbox-polling-supersession-postgresql-prototype-20260711/final-verification/campaign41_absence.json",
    "artifacts/reports/provider-neutral-outbox-polling-supersession-postgresql-prototype-20260711/final-verification/campaign41_artifact_absence.json"
  ],
  "unexpected_campaign41_production_paths": [
    "artifacts/reports/macroforge-neutral-release-knowledgeforge-compatibility-pilot-20260711/final-verification/campaign41_absence_final.json",
    "artifacts/reports/macroforge-neutral-release-knowledgeforge-compatibility-pilot-20260711/final-verification/campaign41_absence.json",
    "artifacts/reports/canonical-supersession-immutability-durability-gate-20260711/final-verification/campaign41_artifact_absence.json",
    "artifacts/reports/provider-neutral-outbox-polling-supersession-postgresql-prototype-20260711/final-verification/campaign41_absence_corrected.json",
    "artifacts/reports/provider-neutral-outbox-polling-supersession-postgresql-prototype-20260711/final-verification/campaign41_absence.json",
    "artifacts/reports/provider-neutral-outbox-polling-supersession-postgresql-prototype-20260711/final-verification/campaign41_artifact_absence.json"
  ],
  "valid": false
}
