A	artifacts/decisions/D-20260712-campaign41-candidate-registry-freeze.md
A	artifacts/decisions/D-20260712-campaign41-generic-correlation-engine-ready.md
A	artifacts/decisions/D-20260712-campaign41-production-sequencing.md
A	artifacts/decisions/D-20260712-pearson-candidate-policy-v2-consistency-correction.md
A	artifacts/decisions/D-20260712-pearson-candidate-policy-v2-mixed-roadmap.md
A	artifacts/decisions/D-20260712-pearson-path-to-100-mixed-roadmap.md
A	artifacts/reports/campaign41-assimilation-pearson-path-to-100-review-20260712/all_pearson_relationship_export.json
A	artifacts/reports/campaign41-assimilation-pearson-path-to-100-review-20260712/all_pearson_relationship_export_verify.json
A	artifacts/reports/campaign41-assimilation-pearson-path-to-100-review-20260712/campaign41_assimilation_closeout.md
A	artifacts/reports/campaign41-assimilation-pearson-path-to-100-review-20260712/candidate_construction_policy_assessment.md
A	artifacts/reports/campaign41-assimilation-pearson-path-to-100-review-20260712/final-verification/architecture_reality_audit.json
A	artifacts/reports/campaign41-assimilation-pearson-path-to-100-review-20260712/final-verification/architecture_reality_audit.stderr
A	artifacts/reports/campaign41-assimilation-pearson-path-to-100-review-20260712/final-verification/canonical_repository_validation.json
A	artifacts/reports/campaign41-assimilation-pearson-path-to-100-review-20260712/final-verification/check_coherence.json
A	artifacts/reports/campaign41-assimilation-pearson-path-to-100-review-20260712/final-verification/check_coherence.stderr
A	artifacts/reports/campaign41-assimilation-pearson-path-to-100-review-20260712/final-verification/check_coherence_final.json
A	artifacts/reports/campaign41-assimilation-pearson-path-to-100-review-20260712/final-verification/check_coherence_final.stderr
A	artifacts/reports/campaign41-assimilation-pearson-path-to-100-review-20260712/final-verification/context_health.json
A	artifacts/reports/campaign41-assimilation-pearson-path-to-100-review-20260712/final-verification/context_health.stderr
A	artifacts/reports/campaign41-assimilation-pearson-path-to-100-review-20260712/final-verification/context_health_final.json
A	artifacts/reports/campaign41-assimilation-pearson-path-to-100-review-20260712/final-verification/context_health_final.stderr
A	artifacts/reports/campaign41-assimilation-pearson-path-to-100-review-20260712/final-verification/final_verification_summary.json
A	artifacts/reports/campaign41-assimilation-pearson-path-to-100-review-20260712/final-verification/full_test_suite.stderr
A	artifacts/reports/campaign41-assimilation-pearson-path-to-100-review-20260712/final-verification/full_test_suite.stdout
A	artifacts/reports/campaign41-assimilation-pearson-path-to-100-review-20260712/final-verification/git_diff_check.stderr
A	artifacts/reports/campaign41-assimilation-pearson-path-to-100-review-20260712/final-verification/git_diff_check.stdout
A	artifacts/reports/campaign41-assimilation-pearson-path-to-100-review-20260712/final-verification/git_diff_check_after_final_report.stderr
A	artifacts/reports/campaign41-assimilation-pearson-path-to-100-review-20260712/final-verification/git_diff_check_after_final_report.stdout
A	artifacts/reports/campaign41-assimilation-pearson-path-to-100-review-20260712/final-verification/git_diff_check_final.stderr
A	artifacts/reports/campaign41-assimilation-pearson-path-to-100-review-20260712/final-verification/git_diff_check_final.stdout
A	artifacts/reports/campaign41-assimilation-pearson-path-to-100-review-20260712/final-verification/python_compile.stderr
A	artifacts/reports/campaign41-assimilation-pearson-path-to-100-review-20260712/final-verification/python_compile.stdout
A	artifacts/reports/campaign41-assimilation-pearson-path-to-100-review-20260712/final-verification/repository_wide_durability_validator.stderr
A	artifacts/reports/campaign41-assimilation-pearson-path-to-100-review-20260712/final-verification/repository_wide_durability_validator.stdout
A	artifacts/reports/campaign41-assimilation-pearson-path-to-100-review-20260712/final-verification/repository_wide_durability_validator_report.json/artifact_class_policy.json
A	artifacts/reports/campaign41-assimilation-pearson-path-to-100-review-20260712/final-verification/repository_wide_durability_validator_report.json/artifact_policy.json
A	artifacts/reports/campaign41-assimilation-pearson-path-to-100-review-20260712/final-verification/repository_wide_durability_validator_report.json/commit_plan.json
A	artifacts/reports/campaign41-assimilation-pearson-path-to-100-review-20260712/final-verification/repository_wide_durability_validator_report.json/consolidated_machine_readable_summary.json
A	artifacts/reports/campaign41-assimilation-pearson-path-to-100-review-20260712/final-verification/repository_wide_durability_validator_report.json/inventory.json
A	artifacts/reports/campaign41-assimilation-pearson-path-to-100-review-20260712/final-verification/repository_wide_durability_validator_report.json/machine_loss_recovery.json
A	artifacts/reports/campaign41-assimilation-pearson-path-to-100-review-20260712/final-verification/repository_wide_durability_validator_report.json/package_counts.json
A	artifacts/reports/campaign41-assimilation-pearson-path-to-100-review-20260712/final-verification/repository_wide_durability_validator_report.json/repository_wide_validator.json
A	artifacts/reports/campaign41-assimilation-pearson-path-to-100-review-20260712/final-verification/repository_wide_durability_validator_report.json/sensitive_scan.json
A	artifacts/reports/campaign41-assimilation-pearson-path-to-100-review-20260712/final-verification/repository_wide_durability_validator_report.json/size_storage_assessment.json
A	artifacts/reports/campaign41-assimilation-pearson-path-to-100-review-20260712/final-verification/repository_wide_durability_validator_report.json/temporary_db_cleanup_assessment.json
A	artifacts/reports/campaign41-assimilation-pearson-path-to-100-review-20260712/final_report.md
A	artifacts/reports/campaign41-assimilation-pearson-path-to-100-review-20260712/pearson_production_utility_review.md
A	artifacts/reports/campaign41-assimilation-pearson-path-to-100-review-20260712/pearson_utility_inventory.csv
A	artifacts/reports/campaign41-assimilation-pearson-path-to-100-review-20260712/pearson_utility_inventory.json
A	artifacts/reports/campaign41-assimilation-pearson-path-to-100-review-20260712/postgresql_read_only_retrieval_review.json
A	artifacts/reports/campaign41-assimilation-pearson-path-to-100-review-20260712/preflight/git_status_short.txt
A	artifacts/reports/campaign41-assimilation-pearson-path-to-100-review-20260712/preflight/postgresql_object_count.txt
A	artifacts/reports/campaign41-assimilation-pearson-path-to-100-review-20260712/preflight/postgresql_projected_count.txt
A	artifacts/reports/campaign41-assimilation-pearson-path-to-100-review-20260712/preflight/repository_baseline.json
A	artifacts/reports/campaign41-assimilation-pearson-path-to-100-review-20260712/query_all_pearson.json
A	artifacts/reports/campaign41-assimilation-pearson-path-to-100-review-20260712/roadmap_sequencing_decision_report.md
A	artifacts/reports/campaign41-coefficient-free-pearson-candidate-registry-20260712/existing_design_review.json
A	artifacts/reports/campaign41-coefficient-free-pearson-candidate-registry-20260712/final-verification/architecture_reality_audit.stderr
A	artifacts/reports/campaign41-coefficient-free-pearson-candidate-registry-20260712/final-verification/architecture_reality_audit.stdout
A	artifacts/reports/campaign41-coefficient-free-pearson-candidate-registry-20260712/final-verification/artifact_validation_summary.json
A	artifacts/reports/campaign41-coefficient-free-pearson-candidate-registry-20260712/final-verification/check_coherence.json
A	artifacts/reports/campaign41-coefficient-free-pearson-candidate-registry-20260712/final-verification/context_health.json
A	artifacts/reports/campaign41-coefficient-free-pearson-candidate-registry-20260712/final-verification/final_verification_summary.json
A	artifacts/reports/campaign41-coefficient-free-pearson-candidate-registry-20260712/final-verification/repository_wide_durability_validator.json/artifact_class_policy.json
A	artifacts/reports/campaign41-coefficient-free-pearson-candidate-registry-20260712/final-verification/repository_wide_durability_validator.json/artifact_policy.json
A	artifacts/reports/campaign41-coefficient-free-pearson-candidate-registry-20260712/final-verification/repository_wide_durability_validator.json/commit_plan.json
A	artifacts/reports/campaign41-coefficient-free-pearson-candidate-registry-20260712/final-verification/repository_wide_durability_validator.json/consolidated_machine_readable_summary.json
A	artifacts/reports/campaign41-coefficient-free-pearson-candidate-registry-20260712/final-verification/repository_wide_durability_validator.json/inventory.json
A	artifacts/reports/campaign41-coefficient-free-pearson-candidate-registry-20260712/final-verification/repository_wide_durability_validator.json/machine_loss_recovery.json
A	artifacts/reports/campaign41-coefficient-free-pearson-candidate-registry-20260712/final-verification/repository_wide_durability_validator.json/package_counts.json
A	artifacts/reports/campaign41-coefficient-free-pearson-candidate-registry-20260712/final-verification/repository_wide_durability_validator.json/repository_wide_validator.json
A	artifacts/reports/campaign41-coefficient-free-pearson-candidate-registry-20260712/final-verification/repository_wide_durability_validator.json/sensitive_scan.json
A	artifacts/reports/campaign41-coefficient-free-pearson-candidate-registry-20260712/final-verification/repository_wide_durability_validator.json/size_storage_assessment.json
A	artifacts/reports/campaign41-coefficient-free-pearson-candidate-registry-20260712/final-verification/repository_wide_durability_validator.json/temporary_db_cleanup_assessment.json
A	artifacts/reports/campaign41-coefficient-free-pearson-candidate-registry-20260712/final_report.md
A	artifacts/reports/campaign41-coefficient-free-pearson-candidate-registry-20260712/helper_write_summary.json
A	artifacts/reports/campaign41-coefficient-free-pearson-candidate-registry-20260712/preflight/architectureharvest_status.txt
A	artifacts/reports/campaign41-coefficient-free-pearson-candidate-registry-20260712/preflight/cached_diff_name_status.txt
A	artifacts/reports/campaign41-coefficient-free-pearson-candidate-registry-20260712/preflight/git_fetch.stderr
A	artifacts/reports/campaign41-coefficient-free-pearson-candidate-registry-20260712/preflight/git_fetch.stdout
A	artifacts/reports/campaign41-coefficient-free-pearson-candidate-registry-20260712/preflight/git_state.txt
A	artifacts/reports/campaign41-coefficient-free-pearson-candidate-registry-20260712/preflight/git_status_ignored_short.txt
A	artifacts/reports/campaign41-coefficient-free-pearson-candidate-registry-20260712/selection/candidate_compatibility_report.json
A	artifacts/reports/campaign41-coefficient-free-pearson-candidate-registry-20260712/selection/candidate_registry.json
A	artifacts/reports/campaign41-coefficient-free-pearson-candidate-registry-20260712/selection/coefficient_free_validation_result.json
A	artifacts/reports/campaign41-coefficient-free-pearson-candidate-registry-20260712/selection/deterministic_regeneration_result.json
A	artifacts/reports/campaign41-coefficient-free-pearson-candidate-registry-20260712/selection/expected_package_id_manifest.json
A	artifacts/reports/campaign41-doctrine-preserving-deterministic-knowledge-expansion-20260712/final-verification/architecture_reality_audit.status.json
A	artifacts/reports/campaign41-doctrine-preserving-deterministic-knowledge-expansion-20260712/final-verification/architecture_reality_audit.stderr
A	artifacts/reports/campaign41-doctrine-preserving-deterministic-knowledge-expansion-20260712/final-verification/architecture_reality_audit.stdout
A	artifacts/reports/campaign41-doctrine-preserving-deterministic-knowledge-expansion-20260712/final-verification/cached_diff_check.status.json
A	artifacts/reports/campaign41-doctrine-preserving-deterministic-knowledge-expansion-20260712/final-verification/cached_diff_check.stderr
A	artifacts/reports/campaign41-doctrine-preserving-deterministic-knowledge-expansion-20260712/final-verification/cached_diff_check.stdout
A	artifacts/reports/campaign41-doctrine-preserving-deterministic-knowledge-expansion-20260712/final-verification/campaign41_absence.status.json
A	artifacts/reports/campaign41-doctrine-preserving-deterministic-knowledge-expansion-20260712/final-verification/campaign41_absence.stderr
A	artifacts/reports/campaign41-doctrine-preserving-deterministic-knowledge-expansion-20260712/final-verification/campaign41_absence.stdout
A	artifacts/reports/campaign41-doctrine-preserving-deterministic-knowledge-expansion-20260712/final-verification/campaign41_production_absence.status.json
A	artifacts/reports/campaign41-doctrine-preserving-deterministic-knowledge-expansion-20260712/final-verification/campaign41_production_absence.stderr
A	artifacts/reports/campaign41-doctrine-preserving-deterministic-knowledge-expansion-20260712/final-verification/campaign41_production_absence.stdout
A	artifacts/reports/campaign41-doctrine-preserving-deterministic-knowledge-expansion-20260712/final-verification/canonical_repository_validation.status.json
A	artifacts/reports/campaign41-doctrine-preserving-deterministic-knowledge-expansion-20260712/final-verification/canonical_repository_validation.stderr
A	artifacts/reports/campaign41-doctrine-preserving-deterministic-knowledge-expansion-20260712/final-verification/canonical_repository_validation.stdout
A	artifacts/reports/campaign41-doctrine-preserving-deterministic-knowledge-expansion-20260712/final-verification/coherence.status.json
A	artifacts/reports/campaign41-doctrine-preserving-deterministic-knowledge-expansion-20260712/final-verification/coherence.stderr
A	artifacts/reports/campaign41-doctrine-preserving-deterministic-knowledge-expansion-20260712/final-verification/coherence.stdout
A	artifacts/reports/campaign41-doctrine-preserving-deterministic-knowledge-expansion-20260712/final-verification/context_health.status.json
A	artifacts/reports/campaign41-doctrine-preserving-deterministic-knowledge-expansion-20260712/final-verification/context_health.stderr
A	artifacts/reports/campaign41-doctrine-preserving-deterministic-knowledge-expansion-20260712/final-verification/context_health.stdout
A	artifacts/reports/campaign41-doctrine-preserving-deterministic-knowledge-expansion-20260712/final-verification/existing_package_immutability.status.json
A	artifacts/reports/campaign41-doctrine-preserving-deterministic-knowledge-expansion-20260712/final-verification/existing_package_immutability.stderr
A	artifacts/reports/campaign41-doctrine-preserving-deterministic-knowledge-expansion-20260712/final-verification/existing_package_immutability.stdout
A	artifacts/reports/campaign41-doctrine-preserving-deterministic-knowledge-expansion-20260712/final-verification/final_git_status.status.json
A	artifacts/reports/campaign41-doctrine-preserving-deterministic-knowledge-expansion-20260712/final-verification/final_git_status.stderr
A	artifacts/reports/campaign41-doctrine-preserving-deterministic-knowledge-expansion-20260712/final-verification/final_git_status.stdout
A	artifacts/reports/campaign41-doctrine-preserving-deterministic-knowledge-expansion-20260712/final-verification/full_test_suite.status.json
A	artifacts/reports/campaign41-doctrine-preserving-deterministic-knowledge-expansion-20260712/final-verification/full_test_suite.stderr
A	artifacts/reports/campaign41-doctrine-preserving-deterministic-knowledge-expansion-20260712/final-verification/full_test_suite.stdout
A	artifacts/reports/campaign41-doctrine-preserving-deterministic-knowledge-expansion-20260712/final-verification/git_diff_check.status.json
A	artifacts/reports/campaign41-doctrine-preserving-deterministic-knowledge-expansion-20260712/final-verification/git_diff_check.stderr
A	artifacts/reports/campaign41-doctrine-preserving-deterministic-knowledge-expansion-20260712/final-verification/git_diff_check.stdout
A	artifacts/reports/campaign41-doctrine-preserving-deterministic-knowledge-expansion-20260712/final-verification/python_compile.status.json
A	artifacts/reports/campaign41-doctrine-preserving-deterministic-knowledge-expansion-20260712/final-verification/python_compile.stderr
A	artifacts/reports/campaign41-doctrine-preserving-deterministic-knowledge-expansion-20260712/final-verification/python_compile.stdout
A	artifacts/reports/campaign41-doctrine-preserving-deterministic-knowledge-expansion-20260712/final-verification/sensitive-and-durability/artifact_class_policy.json
A	artifacts/reports/campaign41-doctrine-preserving-deterministic-knowledge-expansion-20260712/final-verification/sensitive-and-durability/artifact_policy.json
A	artifacts/reports/campaign41-doctrine-preserving-deterministic-knowledge-expansion-20260712/final-verification/sensitive-and-durability/commit_plan.json
A	artifacts/reports/campaign41-doctrine-preserving-deterministic-knowledge-expansion-20260712/final-verification/sensitive-and-durability/consolidated_machine_readable_summary.json
A	artifacts/reports/campaign41-doctrine-preserving-deterministic-knowledge-expansion-20260712/final-verification/sensitive-and-durability/inventory.json
A	artifacts/reports/campaign41-doctrine-preserving-deterministic-knowledge-expansion-20260712/final-verification/sensitive-and-durability/machine_loss_recovery.json
A	artifacts/reports/campaign41-doctrine-preserving-deterministic-knowledge-expansion-20260712/final-verification/sensitive-and-durability/package_counts.json
A	artifacts/reports/campaign41-doctrine-preserving-deterministic-knowledge-expansion-20260712/final-verification/sensitive-and-durability/repository_wide_validator.json
A	artifacts/reports/campaign41-doctrine-preserving-deterministic-knowledge-expansion-20260712/final-verification/sensitive-and-durability/sensitive_scan.json
A	artifacts/reports/campaign41-doctrine-preserving-deterministic-knowledge-expansion-20260712/final-verification/sensitive-and-durability/size_storage_assessment.json
A	artifacts/reports/campaign41-doctrine-preserving-deterministic-knowledge-expansion-20260712/final-verification/sensitive-and-durability/temporary_db_cleanup_assessment.json
A	artifacts/reports/campaign41-doctrine-preserving-deterministic-knowledge-expansion-20260712/final-verification/sensitive_material_scan.status.json
A	artifacts/reports/campaign41-doctrine-preserving-deterministic-knowledge-expansion-20260712/final-verification/sensitive_material_scan.stderr
A	artifacts/reports/campaign41-doctrine-preserving-deterministic-knowledge-expansion-20260712/final-verification/sensitive_material_scan.stdout
A	artifacts/reports/campaign41-doctrine-preserving-deterministic-knowledge-expansion-20260712/final-verification/summary.json
A	artifacts/reports/campaign41-doctrine-preserving-deterministic-knowledge-expansion-20260712/preflight/architectureharvest_status.txt
A	artifacts/reports/campaign41-doctrine-preserving-deterministic-knowledge-expansion-20260712/preflight/cached_diff_name_status.txt
A	artifacts/reports/campaign41-doctrine-preserving-deterministic-knowledge-expansion-20260712/preflight/git_fetch.stderr
A	artifacts/reports/campaign41-doctrine-preserving-deterministic-knowledge-expansion-20260712/preflight/git_fetch.stdout
A	artifacts/reports/campaign41-doctrine-preserving-deterministic-knowledge-expansion-20260712/preflight/git_state.txt
A	artifacts/reports/campaign41-doctrine-preserving-deterministic-knowledge-expansion-20260712/preflight/git_status_ignored_short.txt
A	artifacts/reports/campaign41-doctrine-preserving-deterministic-knowledge-expansion-20260712/production_sequencing_decision.json
A	artifacts/reports/campaign41-doctrine-preserving-deterministic-knowledge-expansion-20260712/production_sequencing_decision.md
A	artifacts/reports/campaign41-generic-correlation-engine-provenance-parameterization-20260712/campaign40_compatibility_no_publish/accepted_packages/pkg-object-srcpkg-campaign40-agriculture-agricultural-forest-land-dnk-pearson-correlation-v1.json
A	artifacts/reports/campaign41-generic-correlation-engine-provenance-parameterization-20260712/campaign40_compatibility_no_publish/accepted_packages/pkg-object-srcpkg-campaign40-demographic-birth-death-rates-nor-pearson-correlation-v1.json
A	artifacts/reports/campaign41-generic-correlation-engine-provenance-parameterization-20260712/campaign40_compatibility_no_publish/accepted_packages/pkg-object-srcpkg-campaign40-energy-fossil-nonhydro-renewables-nor-pearson-correlation-v1.json
A	artifacts/reports/campaign41-generic-correlation-engine-provenance-parameterization-20260712/campaign40_compatibility_no_publish/accepted_packages/pkg-object-srcpkg-campaign40-finance-credit-broad-money-dnk-pearson-correlation-v1.json
A	artifacts/reports/campaign41-generic-correlation-engine-provenance-parameterization-20260712/campaign40_compatibility_no_publish/accepted_packages/pkg-object-srcpkg-campaign40-health-life-expectancy-under5-mortality-nor-pearson-correlation-v1.json
A	artifacts/reports/campaign41-generic-correlation-engine-provenance-parameterization-20260712/campaign40_compatibility_no_publish/accepted_packages/pkg-object-srcpkg-campaign40-infrastructure-internet-mobile-swe-pearson-correlation-v1.json
A	artifacts/reports/campaign41-generic-correlation-engine-provenance-parameterization-20260712/campaign40_compatibility_no_publish/agriculture_agricultural_forest_land_dnk_calculation.json
A	artifacts/reports/campaign41-generic-correlation-engine-provenance-parameterization-20260712/campaign40_compatibility_no_publish/candidate_judgments.json
A	artifacts/reports/campaign41-generic-correlation-engine-provenance-parameterization-20260712/campaign40_compatibility_no_publish/consolidated_machine_readable_report.json
A	artifacts/reports/campaign41-generic-correlation-engine-provenance-parameterization-20260712/campaign40_compatibility_no_publish/demographic_birth_death_rates_nor_calculation.json
A	artifacts/reports/campaign41-generic-correlation-engine-provenance-parameterization-20260712/campaign40_compatibility_no_publish/energy_fossil_nonhydro_renewables_nor_calculation.json
A	artifacts/reports/campaign41-generic-correlation-engine-provenance-parameterization-20260712/campaign40_compatibility_no_publish/finance_credit_broad_money_dnk_calculation.json
A	artifacts/reports/campaign41-generic-correlation-engine-provenance-parameterization-20260712/campaign40_compatibility_no_publish/health_life_expectancy_under5_mortality_nor_calculation.json
A	artifacts/reports/campaign41-generic-correlation-engine-provenance-parameterization-20260712/campaign40_compatibility_no_publish/infrastructure_internet_mobile_swe_calculation.json
A	artifacts/reports/campaign41-generic-correlation-engine-provenance-parameterization-20260712/campaign41_original_frozen_spec_preserved.json
A	artifacts/reports/campaign41-generic-correlation-engine-provenance-parameterization-20260712/final-verification/architecture_reality_audit.stderr
A	artifacts/reports/campaign41-generic-correlation-engine-provenance-parameterization-20260712/final-verification/architecture_reality_audit.stdout
A	artifacts/reports/campaign41-generic-correlation-engine-provenance-parameterization-20260712/final-verification/campaign40_exact_compatibility.json
A	artifacts/reports/campaign41-generic-correlation-engine-provenance-parameterization-20260712/final-verification/campaign41_readiness_and_immutability.json
A	artifacts/reports/campaign41-generic-correlation-engine-provenance-parameterization-20260712/final-verification/check_coherence.json
A	artifacts/reports/campaign41-generic-correlation-engine-provenance-parameterization-20260712/final-verification/check_coherence_after_closeout.json
A	artifacts/reports/campaign41-generic-correlation-engine-provenance-parameterization-20260712/final-verification/context_health.json
A	artifacts/reports/campaign41-generic-correlation-engine-provenance-parameterization-20260712/final-verification/context_health_after_closeout.json
A	artifacts/reports/campaign41-generic-correlation-engine-provenance-parameterization-20260712/final-verification/final_verification_summary.json
A	artifacts/reports/campaign41-generic-correlation-engine-provenance-parameterization-20260712/final-verification/repository_wide_durability_validator.json/artifact_class_policy.json
A	artifacts/reports/campaign41-generic-correlation-engine-provenance-parameterization-20260712/final-verification/repository_wide_durability_validator.json/artifact_policy.json
A	artifacts/reports/campaign41-generic-correlation-engine-provenance-parameterization-20260712/final-verification/repository_wide_durability_validator.json/commit_plan.json
A	artifacts/reports/campaign41-generic-correlation-engine-provenance-parameterization-20260712/final-verification/repository_wide_durability_validator.json/consolidated_machine_readable_summary.json
A	artifacts/reports/campaign41-generic-correlation-engine-provenance-parameterization-20260712/final-verification/repository_wide_durability_validator.json/inventory.json
A	artifacts/reports/campaign41-generic-correlation-engine-provenance-parameterization-20260712/final-verification/repository_wide_durability_validator.json/machine_loss_recovery.json
A	artifacts/reports/campaign41-generic-correlation-engine-provenance-parameterization-20260712/final-verification/repository_wide_durability_validator.json/package_counts.json
A	artifacts/reports/campaign41-generic-correlation-engine-provenance-parameterization-20260712/final-verification/repository_wide_durability_validator.json/repository_wide_validator.json
A	artifacts/reports/campaign41-generic-correlation-engine-provenance-parameterization-20260712/final-verification/repository_wide_durability_validator.json/sensitive_scan.json
A	artifacts/reports/campaign41-generic-correlation-engine-provenance-parameterization-20260712/final-verification/repository_wide_durability_validator.json/size_storage_assessment.json
A	artifacts/reports/campaign41-generic-correlation-engine-provenance-parameterization-20260712/final-verification/repository_wide_durability_validator.json/temporary_db_cleanup_assessment.json
A	artifacts/reports/campaign41-generic-correlation-engine-provenance-parameterization-20260712/final-verification/time_index_and_runtime_literal_scan.json
A	artifacts/reports/campaign41-generic-correlation-engine-provenance-parameterization-20260712/final_report.md
A	artifacts/reports/campaign41-generic-correlation-engine-provenance-parameterization-20260712/preflight/cached_diff_name_status.txt
A	artifacts/reports/campaign41-generic-correlation-engine-provenance-parameterization-20260712/preflight/diff_name_status.txt
A	artifacts/reports/campaign41-generic-correlation-engine-provenance-parameterization-20260712/preflight/git_fetch.stderr
A	artifacts/reports/campaign41-generic-correlation-engine-provenance-parameterization-20260712/preflight/git_fetch.stdout
A	artifacts/reports/campaign41-generic-correlation-engine-provenance-parameterization-20260712/preflight/git_state.txt
A	artifacts/reports/pearson-candidate-policy-refinement-mixed-roadmap-20260712/dry-run/campaign41_vs_successor_policy_comparison.json
A	artifacts/reports/pearson-candidate-policy-refinement-mixed-roadmap-20260712/dry-run/policy_validation_summary.json
A	artifacts/reports/pearson-candidate-policy-refinement-mixed-roadmap-20260712/dry-run/successor_policy_dry_run.json
A	artifacts/reports/pearson-candidate-policy-refinement-mixed-roadmap-20260712/final-verification/architecture_reality_audit.json
A	artifacts/reports/pearson-candidate-policy-refinement-mixed-roadmap-20260712/final-verification/architecture_reality_audit.stderr
A	artifacts/reports/pearson-candidate-policy-refinement-mixed-roadmap-20260712/final-verification/check_coherence.json
A	artifacts/reports/pearson-candidate-policy-refinement-mixed-roadmap-20260712/final-verification/check_coherence.stderr
A	artifacts/reports/pearson-candidate-policy-refinement-mixed-roadmap-20260712/final-verification/check_coherence_final.json
A	artifacts/reports/pearson-candidate-policy-refinement-mixed-roadmap-20260712/final-verification/check_coherence_final.stderr
A	artifacts/reports/pearson-candidate-policy-refinement-mixed-roadmap-20260712/final-verification/context_health.json
A	artifacts/reports/pearson-candidate-policy-refinement-mixed-roadmap-20260712/final-verification/context_health.stderr
A	artifacts/reports/pearson-candidate-policy-refinement-mixed-roadmap-20260712/final-verification/context_health_final.json
A	artifacts/reports/pearson-candidate-policy-refinement-mixed-roadmap-20260712/final-verification/context_health_final.stderr
A	artifacts/reports/pearson-candidate-policy-refinement-mixed-roadmap-20260712/final-verification/final_verification_summary.json
A	artifacts/reports/pearson-candidate-policy-refinement-mixed-roadmap-20260712/final-verification/full_test_suite.stderr
A	artifacts/reports/pearson-candidate-policy-refinement-mixed-roadmap-20260712/final-verification/full_test_suite.stdout
A	artifacts/reports/pearson-candidate-policy-refinement-mixed-roadmap-20260712/final-verification/git_diff_check.stderr
A	artifacts/reports/pearson-candidate-policy-refinement-mixed-roadmap-20260712/final-verification/git_diff_check.stdout
A	artifacts/reports/pearson-candidate-policy-refinement-mixed-roadmap-20260712/final-verification/git_diff_check_after_final_report.stderr
A	artifacts/reports/pearson-candidate-policy-refinement-mixed-roadmap-20260712/final-verification/git_diff_check_after_final_report.stdout
A	artifacts/reports/pearson-candidate-policy-refinement-mixed-roadmap-20260712/final-verification/git_diff_check_final.stderr
A	artifacts/reports/pearson-candidate-policy-refinement-mixed-roadmap-20260712/final-verification/git_diff_check_final.stdout
A	artifacts/reports/pearson-candidate-policy-refinement-mixed-roadmap-20260712/final-verification/git_status_short.txt
A	artifacts/reports/pearson-candidate-policy-refinement-mixed-roadmap-20260712/final-verification/policy_validation.json
A	artifacts/reports/pearson-candidate-policy-refinement-mixed-roadmap-20260712/final-verification/python_compile.stderr
A	artifacts/reports/pearson-candidate-policy-refinement-mixed-roadmap-20260712/final-verification/python_compile.stdout
A	artifacts/reports/pearson-candidate-policy-refinement-mixed-roadmap-20260712/final-verification/repository_wide_durability_validator.stderr
A	artifacts/reports/pearson-candidate-policy-refinement-mixed-roadmap-20260712/final-verification/repository_wide_durability_validator.stdout
A	artifacts/reports/pearson-candidate-policy-refinement-mixed-roadmap-20260712/final-verification/repository_wide_durability_validator_report.json/artifact_class_policy.json
A	artifacts/reports/pearson-candidate-policy-refinement-mixed-roadmap-20260712/final-verification/repository_wide_durability_validator_report.json/artifact_policy.json
A	artifacts/reports/pearson-candidate-policy-refinement-mixed-roadmap-20260712/final-verification/repository_wide_durability_validator_report.json/commit_plan.json
A	artifacts/reports/pearson-candidate-policy-refinement-mixed-roadmap-20260712/final-verification/repository_wide_durability_validator_report.json/consolidated_machine_readable_summary.json
A	artifacts/reports/pearson-candidate-policy-refinement-mixed-roadmap-20260712/final-verification/repository_wide_durability_validator_report.json/inventory.json
A	artifacts/reports/pearson-candidate-policy-refinement-mixed-roadmap-20260712/final-verification/repository_wide_durability_validator_report.json/machine_loss_recovery.json
A	artifacts/reports/pearson-candidate-policy-refinement-mixed-roadmap-20260712/final-verification/repository_wide_durability_validator_report.json/package_counts.json
A	artifacts/reports/pearson-candidate-policy-refinement-mixed-roadmap-20260712/final-verification/repository_wide_durability_validator_report.json/repository_wide_validator.json
A	artifacts/reports/pearson-candidate-policy-refinement-mixed-roadmap-20260712/final-verification/repository_wide_durability_validator_report.json/sensitive_scan.json
A	artifacts/reports/pearson-candidate-policy-refinement-mixed-roadmap-20260712/final-verification/repository_wide_durability_validator_report.json/size_storage_assessment.json
A	artifacts/reports/pearson-candidate-policy-refinement-mixed-roadmap-20260712/final-verification/repository_wide_durability_validator_report.json/temporary_db_cleanup_assessment.json
A	artifacts/reports/pearson-candidate-policy-refinement-mixed-roadmap-20260712/final-verification/targeted_policy_tests.stderr
A	artifacts/reports/pearson-candidate-policy-refinement-mixed-roadmap-20260712/final-verification/targeted_policy_tests.stdout
A	artifacts/reports/pearson-candidate-policy-refinement-mixed-roadmap-20260712/final_report.md
A	artifacts/reports/pearson-candidate-policy-v2-consistency-correction-20260712/batch_composition_arithmetic_proof.json
A	artifacts/reports/pearson-candidate-policy-v2-consistency-correction-20260712/dry-run/future_production_eligibility_excluding_canonical.json
A	artifacts/reports/pearson-candidate-policy-v2-consistency-correction-20260712/dry-run/historical_comparison_not_candidate_batch.json
A	artifacts/reports/pearson-candidate-policy-v2-consistency-correction-20260712/final-verification/architecture_reality_audit.json
A	artifacts/reports/pearson-candidate-policy-v2-consistency-correction-20260712/final-verification/architecture_reality_audit.stderr
A	artifacts/reports/pearson-candidate-policy-v2-consistency-correction-20260712/final-verification/check_coherence.json
A	artifacts/reports/pearson-candidate-policy-v2-consistency-correction-20260712/final-verification/check_coherence.stderr
A	artifacts/reports/pearson-candidate-policy-v2-consistency-correction-20260712/final-verification/check_coherence_after_final_report.json
A	artifacts/reports/pearson-candidate-policy-v2-consistency-correction-20260712/final-verification/check_coherence_after_final_report.stderr
A	artifacts/reports/pearson-candidate-policy-v2-consistency-correction-20260712/final-verification/context_health.json
A	artifacts/reports/pearson-candidate-policy-v2-consistency-correction-20260712/final-verification/context_health.stderr
A	artifacts/reports/pearson-candidate-policy-v2-consistency-correction-20260712/final-verification/context_health_after_final_report.json
A	artifacts/reports/pearson-candidate-policy-v2-consistency-correction-20260712/final-verification/context_health_after_final_report.stderr
A	artifacts/reports/pearson-candidate-policy-v2-consistency-correction-20260712/final-verification/full_test_suite.stderr
A	artifacts/reports/pearson-candidate-policy-v2-consistency-correction-20260712/final-verification/full_test_suite.stdout
A	artifacts/reports/pearson-candidate-policy-v2-consistency-correction-20260712/final-verification/git_diff_check.stderr
A	artifacts/reports/pearson-candidate-policy-v2-consistency-correction-20260712/final-verification/git_diff_check.stdout
A	artifacts/reports/pearson-candidate-policy-v2-consistency-correction-20260712/final-verification/git_diff_check_after_final_report.stderr
A	artifacts/reports/pearson-candidate-policy-v2-consistency-correction-20260712/final-verification/git_diff_check_after_final_report.stdout
A	artifacts/reports/pearson-candidate-policy-v2-consistency-correction-20260712/final-verification/git_status_short.txt
A	artifacts/reports/pearson-candidate-policy-v2-consistency-correction-20260712/final-verification/policy_consistency_validation.json
A	artifacts/reports/pearson-candidate-policy-v2-consistency-correction-20260712/final-verification/python_compile.stderr
A	artifacts/reports/pearson-candidate-policy-v2-consistency-correction-20260712/final-verification/python_compile.stdout
A	artifacts/reports/pearson-candidate-policy-v2-consistency-correction-20260712/final-verification/repository_wide_durability_validator.stderr
A	artifacts/reports/pearson-candidate-policy-v2-consistency-correction-20260712/final-verification/repository_wide_durability_validator.stdout
A	artifacts/reports/pearson-candidate-policy-v2-consistency-correction-20260712/final-verification/repository_wide_durability_validator_report.json/artifact_class_policy.json
A	artifacts/reports/pearson-candidate-policy-v2-consistency-correction-20260712/final-verification/repository_wide_durability_validator_report.json/artifact_policy.json
A	artifacts/reports/pearson-candidate-policy-v2-consistency-correction-20260712/final-verification/repository_wide_durability_validator_report.json/commit_plan.json
A	artifacts/reports/pearson-candidate-policy-v2-consistency-correction-20260712/final-verification/repository_wide_durability_validator_report.json/consolidated_machine_readable_summary.json
A	artifacts/reports/pearson-candidate-policy-v2-consistency-correction-20260712/final-verification/repository_wide_durability_validator_report.json/inventory.json
A	artifacts/reports/pearson-candidate-policy-v2-consistency-correction-20260712/final-verification/repository_wide_durability_validator_report.json/machine_loss_recovery.json
A	artifacts/reports/pearson-candidate-policy-v2-consistency-correction-20260712/final-verification/repository_wide_durability_validator_report.json/package_counts.json
A	artifacts/reports/pearson-candidate-policy-v2-consistency-correction-20260712/final-verification/repository_wide_durability_validator_report.json/repository_wide_validator.json
A	artifacts/reports/pearson-candidate-policy-v2-consistency-correction-20260712/final-verification/repository_wide_durability_validator_report.json/sensitive_scan.json
A	artifacts/reports/pearson-candidate-policy-v2-consistency-correction-20260712/final-verification/repository_wide_durability_validator_report.json/size_storage_assessment.json
A	artifacts/reports/pearson-candidate-policy-v2-consistency-correction-20260712/final-verification/repository_wide_durability_validator_report.json/temporary_db_cleanup_assessment.json
A	artifacts/reports/pearson-candidate-policy-v2-consistency-correction-20260712/final-verification/targeted_policy_tests.stderr
A	artifacts/reports/pearson-candidate-policy-v2-consistency-correction-20260712/final-verification/targeted_policy_tests.stdout
A	artifacts/reports/pearson-candidate-policy-v2-consistency-correction-20260712/final_report.md
A	artifacts/reports/pearson-candidate-policy-v2-consistency-correction-20260712/inconsistency_trace.json
A	artifacts/tasks/T-20260712-campaign41-assimilation-pearson-path-to-100-production-utility-review.md
A	artifacts/tasks/T-20260712-campaign41-coefficient-free-pearson-candidate-registry.md
A	artifacts/tasks/T-20260712-campaign41-doctrine-preserving-deterministic-knowledge-expansion.md
A	artifacts/tasks/T-20260712-campaign41-generic-correlation-engine-provenance-parameterization.md
A	artifacts/tasks/T-20260712-pearson-candidate-policy-refinement-mixed-roadmap.md
A	artifacts/tasks/T-20260712-pearson-candidate-policy-v2-consistency-correction.md
A	specs/correlation_batches/campaign41_coefficient_free_pearson_batch_spec.json
A	specs/correlation_batches/campaign41_ready_pearson_batch_spec.json
A	specs/correlation_batches/pearson_candidate_policy_v2_mixed_roadmap.md
A	tests/test_coefficient_free_pearson_candidate_registry.py
M	tests/test_correlation_batch_engine.py
A	tests/test_correlation_engine_provenance_parameterization.py
A	tools/coefficient_free_pearson_candidate_registry.py
M	tools/correlation_batch_engine.py
