A	artifacts/decisions/D-20260712-first-difference-pearson-method-contract-validation.md
A	artifacts/reports/first-difference-pearson-method-contract-validation-20260712/determinism_and_fingerprint_sensitivity.json
A	artifacts/reports/first-difference-pearson-method-contract-validation-20260712/diagnostic_reconciliation.json
A	artifacts/reports/first-difference-pearson-method-contract-validation-20260712/final-verification/architecture_reality_audit.json
A	artifacts/reports/first-difference-pearson-method-contract-validation-20260712/final-verification/architecture_reality_audit.stderr
A	artifacts/reports/first-difference-pearson-method-contract-validation-20260712/final-verification/check_coherence.json
A	artifacts/reports/first-difference-pearson-method-contract-validation-20260712/final-verification/check_coherence.stderr
A	artifacts/reports/first-difference-pearson-method-contract-validation-20260712/final-verification/check_coherence_after_final_report.json
A	artifacts/reports/first-difference-pearson-method-contract-validation-20260712/final-verification/check_coherence_after_final_report.stderr
A	artifacts/reports/first-difference-pearson-method-contract-validation-20260712/final-verification/context_health.json
A	artifacts/reports/first-difference-pearson-method-contract-validation-20260712/final-verification/context_health.stderr
A	artifacts/reports/first-difference-pearson-method-contract-validation-20260712/final-verification/context_health_after_final_report.json
A	artifacts/reports/first-difference-pearson-method-contract-validation-20260712/final-verification/context_health_after_final_report.stderr
A	artifacts/reports/first-difference-pearson-method-contract-validation-20260712/final-verification/full_test_suite.stderr
A	artifacts/reports/first-difference-pearson-method-contract-validation-20260712/final-verification/full_test_suite.stdout
A	artifacts/reports/first-difference-pearson-method-contract-validation-20260712/final-verification/git_diff_check.stderr
A	artifacts/reports/first-difference-pearson-method-contract-validation-20260712/final-verification/git_diff_check.stdout
A	artifacts/reports/first-difference-pearson-method-contract-validation-20260712/final-verification/git_diff_check_after_final_report.stderr
A	artifacts/reports/first-difference-pearson-method-contract-validation-20260712/final-verification/git_diff_check_after_final_report.stdout
A	artifacts/reports/first-difference-pearson-method-contract-validation-20260712/final-verification/git_status_short.txt
A	artifacts/reports/first-difference-pearson-method-contract-validation-20260712/final-verification/method_validation_assertions.json
A	artifacts/reports/first-difference-pearson-method-contract-validation-20260712/final-verification/python_compileall.stderr
A	artifacts/reports/first-difference-pearson-method-contract-validation-20260712/final-verification/python_compileall.stdout
A	artifacts/reports/first-difference-pearson-method-contract-validation-20260712/final-verification/recompute_artifacts.stderr
A	artifacts/reports/first-difference-pearson-method-contract-validation-20260712/final-verification/recompute_artifacts.stdout
A	artifacts/reports/first-difference-pearson-method-contract-validation-20260712/final-verification/sensitive_material_scan.json
A	artifacts/reports/first-difference-pearson-method-contract-validation-20260712/final-verification/targeted_first_difference_tests.stderr
A	artifacts/reports/first-difference-pearson-method-contract-validation-20260712/final-verification/targeted_first_difference_tests.stdout
A	artifacts/reports/first-difference-pearson-method-contract-validation-20260712/final_report.md
A	artifacts/reports/first-difference-pearson-method-contract-validation-20260712/method_contract.json
A	artifacts/reports/first-difference-pearson-method-contract-validation-20260712/negative_case_evidence.json
A	artifacts/reports/first-difference-pearson-method-contract-validation-20260712/recomputed-verification/diagnostic_reconciliation.json
A	artifacts/reports/first-difference-pearson-method-contract-validation-20260712/recomputed-verification/method_contract.json
A	artifacts/reports/first-difference-pearson-method-contract-validation-20260712/recomputed-verification/representation_compatibility_proof.json
A	artifacts/reports/first-difference-pearson-method-contract-validation-20260712/recomputed-verification/transformation_contract.json
A	artifacts/reports/first-difference-pearson-method-contract-validation-20260712/recomputed-verification/validation_registry.json
A	artifacts/reports/first-difference-pearson-method-contract-validation-20260712/recomputed-verification/validation_results.json
A	artifacts/reports/first-difference-pearson-method-contract-validation-20260712/representation_compatibility_proof.json
A	artifacts/reports/first-difference-pearson-method-contract-validation-20260712/transformation_contract.json
A	artifacts/reports/first-difference-pearson-method-contract-validation-20260712/validation_registry.json
A	artifacts/reports/first-difference-pearson-method-contract-validation-20260712/validation_results.json
A	artifacts/tasks/T-20260712-first-difference-pearson-method-contract-validation.md
A	specs/correlation_batches/first_difference_pearson_method_contract_20260712.json
A	specs/correlation_batches/first_difference_pearson_transformation_contract_20260712.json
A	specs/correlation_batches/first_difference_pearson_validation_registry_20260712.json
A	specs/correlation_batches/wdi_annual_scalar_first_difference_pearson_v1_method_contract.md
A	tests/test_first_difference_pearson_method.py
A	tools/first_difference_pearson_method_v1.py
