A	artifacts/decisions/D-20260712-campaign41-pearson-production-accepted.md
A	artifacts/decisions/D-20260712-campaign42-coefficient-free-first-difference-pearson-companion-registry.md
A	artifacts/decisions/D-20260712-campaign42-first-difference-pearson-companion-production.md
A	artifacts/reports/campaign41-frozen-pearson-batch-production-20260712/final-verification/architecture_reality_audit.stderr
A	artifacts/reports/campaign41-frozen-pearson-batch-production-20260712/final-verification/architecture_reality_audit.stdout
A	artifacts/reports/campaign41-frozen-pearson-batch-production-20260712/final-verification/campaign_literal_scan.json
A	artifacts/reports/campaign41-frozen-pearson-batch-production-20260712/final-verification/check_coherence.json
A	artifacts/reports/campaign41-frozen-pearson-batch-production-20260712/final-verification/check_coherence_after_closeout.json
A	artifacts/reports/campaign41-frozen-pearson-batch-production-20260712/final-verification/context_health.json
A	artifacts/reports/campaign41-frozen-pearson-batch-production-20260712/final-verification/context_health_after_closeout.json
A	artifacts/reports/campaign41-frozen-pearson-batch-production-20260712/final-verification/context_health_final.json
A	artifacts/reports/campaign41-frozen-pearson-batch-production-20260712/final-verification/final_verification_summary.json
A	artifacts/reports/campaign41-frozen-pearson-batch-production-20260712/final-verification/full_tests.stderr
A	artifacts/reports/campaign41-frozen-pearson-batch-production-20260712/final-verification/full_tests.stdout
A	artifacts/reports/campaign41-frozen-pearson-batch-production-20260712/final-verification/git_diff_cached_check.stderr
A	artifacts/reports/campaign41-frozen-pearson-batch-production-20260712/final-verification/git_diff_cached_check.stdout
A	artifacts/reports/campaign41-frozen-pearson-batch-production-20260712/final-verification/git_diff_check.stderr
A	artifacts/reports/campaign41-frozen-pearson-batch-production-20260712/final-verification/git_diff_check.stdout
A	artifacts/reports/campaign41-frozen-pearson-batch-production-20260712/final-verification/git_diff_check_after_closeout.stderr
A	artifacts/reports/campaign41-frozen-pearson-batch-production-20260712/final-verification/git_diff_check_after_closeout.stdout
A	artifacts/reports/campaign41-frozen-pearson-batch-production-20260712/final-verification/git_diff_check_final.stderr
A	artifacts/reports/campaign41-frozen-pearson-batch-production-20260712/final-verification/git_diff_check_final.stdout
A	artifacts/reports/campaign41-frozen-pearson-batch-production-20260712/final-verification/python_compile.stderr
A	artifacts/reports/campaign41-frozen-pearson-batch-production-20260712/final-verification/python_compile.stdout
A	artifacts/reports/campaign41-frozen-pearson-batch-production-20260712/final-verification/repository_wide_durability_validator.stderr
A	artifacts/reports/campaign41-frozen-pearson-batch-production-20260712/final-verification/repository_wide_durability_validator.stdout
A	artifacts/reports/campaign41-frozen-pearson-batch-production-20260712/final-verification/repository_wide_durability_validator/artifact_class_policy.json
A	artifacts/reports/campaign41-frozen-pearson-batch-production-20260712/final-verification/repository_wide_durability_validator/artifact_policy.json
A	artifacts/reports/campaign41-frozen-pearson-batch-production-20260712/final-verification/repository_wide_durability_validator/commit_plan.json
A	artifacts/reports/campaign41-frozen-pearson-batch-production-20260712/final-verification/repository_wide_durability_validator/consolidated_machine_readable_summary.json
A	artifacts/reports/campaign41-frozen-pearson-batch-production-20260712/final-verification/repository_wide_durability_validator/inventory.json
A	artifacts/reports/campaign41-frozen-pearson-batch-production-20260712/final-verification/repository_wide_durability_validator/machine_loss_recovery.json
A	artifacts/reports/campaign41-frozen-pearson-batch-production-20260712/final-verification/repository_wide_durability_validator/package_counts.json
A	artifacts/reports/campaign41-frozen-pearson-batch-production-20260712/final-verification/repository_wide_durability_validator/repository_wide_validator.json
A	artifacts/reports/campaign41-frozen-pearson-batch-production-20260712/final-verification/repository_wide_durability_validator/sensitive_scan.json
A	artifacts/reports/campaign41-frozen-pearson-batch-production-20260712/final-verification/repository_wide_durability_validator/size_storage_assessment.json
A	artifacts/reports/campaign41-frozen-pearson-batch-production-20260712/final-verification/repository_wide_durability_validator/temporary_db_cleanup_assessment.json
A	artifacts/reports/campaign41-frozen-pearson-batch-production-20260712/final-verification/targeted_tests.stderr
A	artifacts/reports/campaign41-frozen-pearson-batch-production-20260712/final-verification/targeted_tests.stdout
A	artifacts/reports/campaign41-frozen-pearson-batch-production-20260712/final_report.md
A	artifacts/reports/campaign41-frozen-pearson-batch-production-20260712/preflight/frozen_input_identity_validation.json
A	artifacts/reports/campaign41-frozen-pearson-batch-production-20260712/production/accepted_packages/pkg-object-srcpkg-campaign41-dnk-agricultural-land-broad-money-pearson-correlation-v1.json
A	artifacts/reports/campaign41-frozen-pearson-batch-production-20260712/production/accepted_packages/pkg-object-srcpkg-campaign41-dnk-agricultural-land-private-credit-pearson-correlation-v1.json
A	artifacts/reports/campaign41-frozen-pearson-batch-production-20260712/production/accepted_packages/pkg-object-srcpkg-campaign41-dnk-forest-area-broad-money-pearson-correlation-v1.json
A	artifacts/reports/campaign41-frozen-pearson-batch-production-20260712/production/accepted_packages/pkg-object-srcpkg-campaign41-nor-crude-birth-rate-fossil-electricity-pearson-correlation-v1.json
A	artifacts/reports/campaign41-frozen-pearson-batch-production-20260712/production/accepted_packages/pkg-object-srcpkg-campaign41-nor-fossil-electricity-under5-mortality-pearson-correlation-v1.json
A	artifacts/reports/campaign41-frozen-pearson-batch-production-20260712/production/accepted_packages/pkg-object-srcpkg-campaign41-nor-nonhydro-renewable-electricity-under5-mortality-pearson-correlation-v1.json
A	artifacts/reports/campaign41-frozen-pearson-batch-production-20260712/production/accepted_packages/pkg-object-srcpkg-campaign41-swe-private-credit-internet-users-pearson-correlation-v1.json
A	artifacts/reports/campaign41-frozen-pearson-batch-production-20260712/production/accepted_packages/pkg-object-srcpkg-campaign41-swe-private-credit-mobile-cellular-pearson-correlation-v1.json
A	artifacts/reports/campaign41-frozen-pearson-batch-production-20260712/production/candidate_judgments.json
A	artifacts/reports/campaign41-frozen-pearson-batch-production-20260712/production/consolidated_machine_readable_report.json
A	artifacts/reports/campaign41-frozen-pearson-batch-production-20260712/production/dnk_agricultural_land_broad_money_calculation.json
A	artifacts/reports/campaign41-frozen-pearson-batch-production-20260712/production/dnk_agricultural_land_private_credit_calculation.json
A	artifacts/reports/campaign41-frozen-pearson-batch-production-20260712/production/dnk_forest_area_broad_money_calculation.json
A	artifacts/reports/campaign41-frozen-pearson-batch-production-20260712/production/nor_crude_birth_rate_fossil_electricity_calculation.json
A	artifacts/reports/campaign41-frozen-pearson-batch-production-20260712/production/nor_fossil_electricity_under5_mortality_calculation.json
A	artifacts/reports/campaign41-frozen-pearson-batch-production-20260712/production/nor_nonhydro_renewable_electricity_under5_mortality_calculation.json
A	artifacts/reports/campaign41-frozen-pearson-batch-production-20260712/production/publication_plan.json
A	artifacts/reports/campaign41-frozen-pearson-batch-production-20260712/production/stdout.json
A	artifacts/reports/campaign41-frozen-pearson-batch-production-20260712/production/swe_private_credit_internet_users_calculation.json
A	artifacts/reports/campaign41-frozen-pearson-batch-production-20260712/production/swe_private_credit_mobile_cellular_calculation.json
A	artifacts/reports/campaign41-frozen-pearson-batch-production-20260712/relationship_export/all_campaign41_consumer.json
A	artifacts/reports/campaign41-frozen-pearson-batch-production-20260712/relationship_export/all_campaign41_consumer.stderr
A	artifacts/reports/campaign41-frozen-pearson-batch-production-20260712/relationship_export/all_campaign41_consumer.stdout
A	artifacts/reports/campaign41-frozen-pearson-batch-production-20260712/relationship_export/all_campaign41_export.json
A	artifacts/reports/campaign41-frozen-pearson-batch-production-20260712/relationship_export/all_campaign41_export.stderr
A	artifacts/reports/campaign41-frozen-pearson-batch-production-20260712/relationship_export/all_campaign41_export.stdout
A	artifacts/reports/campaign41-frozen-pearson-batch-production-20260712/relationship_export/all_campaign41_query.json
A	artifacts/reports/campaign41-frozen-pearson-batch-production-20260712/relationship_export/all_campaign41_verify.stderr
A	artifacts/reports/campaign41-frozen-pearson-batch-production-20260712/relationship_export/all_campaign41_verify.stdout
A	artifacts/reports/campaign41-frozen-pearson-batch-production-20260712/relationship_export/either_indicator_private_credit_campaign41_only_consumer.json
A	artifacts/reports/campaign41-frozen-pearson-batch-production-20260712/relationship_export/either_indicator_private_credit_campaign41_only_consumer.stderr
A	artifacts/reports/campaign41-frozen-pearson-batch-production-20260712/relationship_export/either_indicator_private_credit_campaign41_only_consumer.stdout
A	artifacts/reports/campaign41-frozen-pearson-batch-production-20260712/relationship_export/either_indicator_private_credit_campaign41_only_export.json
A	artifacts/reports/campaign41-frozen-pearson-batch-production-20260712/relationship_export/either_indicator_private_credit_campaign41_only_export.stderr
A	artifacts/reports/campaign41-frozen-pearson-batch-production-20260712/relationship_export/either_indicator_private_credit_campaign41_only_export.stdout
A	artifacts/reports/campaign41-frozen-pearson-batch-production-20260712/relationship_export/either_indicator_private_credit_campaign41_only_query.json
A	artifacts/reports/campaign41-frozen-pearson-batch-production-20260712/relationship_export/either_indicator_private_credit_campaign41_only_verify.stderr
A	artifacts/reports/campaign41-frozen-pearson-batch-production-20260712/relationship_export/either_indicator_private_credit_campaign41_only_verify.stdout
A	artifacts/reports/campaign41-frozen-pearson-batch-production-20260712/relationship_export/either_indicator_private_credit_consumer.json
A	artifacts/reports/campaign41-frozen-pearson-batch-production-20260712/relationship_export/either_indicator_private_credit_consumer.stderr
A	artifacts/reports/campaign41-frozen-pearson-batch-production-20260712/relationship_export/either_indicator_private_credit_consumer.stdout
A	artifacts/reports/campaign41-frozen-pearson-batch-production-20260712/relationship_export/either_indicator_private_credit_export.json
A	artifacts/reports/campaign41-frozen-pearson-batch-production-20260712/relationship_export/either_indicator_private_credit_export.stderr
A	artifacts/reports/campaign41-frozen-pearson-batch-production-20260712/relationship_export/either_indicator_private_credit_export.stdout
A	artifacts/reports/campaign41-frozen-pearson-batch-production-20260712/relationship_export/either_indicator_private_credit_query.json
A	artifacts/reports/campaign41-frozen-pearson-batch-production-20260712/relationship_export/either_indicator_private_credit_verify.stderr
A	artifacts/reports/campaign41-frozen-pearson-batch-production-20260712/relationship_export/either_indicator_private_credit_verify.stdout
A	artifacts/reports/campaign41-frozen-pearson-batch-production-20260712/relationship_export/entity_nor_campaign41_only_consumer.json
A	artifacts/reports/campaign41-frozen-pearson-batch-production-20260712/relationship_export/entity_nor_campaign41_only_consumer.stderr
A	artifacts/reports/campaign41-frozen-pearson-batch-production-20260712/relationship_export/entity_nor_campaign41_only_consumer.stdout
A	artifacts/reports/campaign41-frozen-pearson-batch-production-20260712/relationship_export/entity_nor_campaign41_only_export.json
A	artifacts/reports/campaign41-frozen-pearson-batch-production-20260712/relationship_export/entity_nor_campaign41_only_export.stderr
A	artifacts/reports/campaign41-frozen-pearson-batch-production-20260712/relationship_export/entity_nor_campaign41_only_export.stdout
A	artifacts/reports/campaign41-frozen-pearson-batch-production-20260712/relationship_export/entity_nor_campaign41_only_query.json
A	artifacts/reports/campaign41-frozen-pearson-batch-production-20260712/relationship_export/entity_nor_campaign41_only_verify.stderr
A	artifacts/reports/campaign41-frozen-pearson-batch-production-20260712/relationship_export/entity_nor_campaign41_only_verify.stdout
A	artifacts/reports/campaign41-frozen-pearson-batch-production-20260712/relationship_export/entity_nor_consumer.json
A	artifacts/reports/campaign41-frozen-pearson-batch-production-20260712/relationship_export/entity_nor_consumer.stderr
A	artifacts/reports/campaign41-frozen-pearson-batch-production-20260712/relationship_export/entity_nor_consumer.stdout
A	artifacts/reports/campaign41-frozen-pearson-batch-production-20260712/relationship_export/entity_nor_export.json
A	artifacts/reports/campaign41-frozen-pearson-batch-production-20260712/relationship_export/entity_nor_export.stderr
A	artifacts/reports/campaign41-frozen-pearson-batch-production-20260712/relationship_export/entity_nor_export.stdout
A	artifacts/reports/campaign41-frozen-pearson-batch-production-20260712/relationship_export/entity_nor_query.json
A	artifacts/reports/campaign41-frozen-pearson-batch-production-20260712/relationship_export/entity_nor_verify.stderr
A	artifacts/reports/campaign41-frozen-pearson-batch-production-20260712/relationship_export/entity_nor_verify.stdout
A	artifacts/reports/campaign41-frozen-pearson-batch-production-20260712/relationship_export/individual_first_consumer.json
A	artifacts/reports/campaign41-frozen-pearson-batch-production-20260712/relationship_export/individual_first_consumer.stderr
A	artifacts/reports/campaign41-frozen-pearson-batch-production-20260712/relationship_export/individual_first_consumer.stdout
A	artifacts/reports/campaign41-frozen-pearson-batch-production-20260712/relationship_export/individual_first_export.json
A	artifacts/reports/campaign41-frozen-pearson-batch-production-20260712/relationship_export/individual_first_export.stderr
A	artifacts/reports/campaign41-frozen-pearson-batch-production-20260712/relationship_export/individual_first_export.stdout
A	artifacts/reports/campaign41-frozen-pearson-batch-production-20260712/relationship_export/individual_first_query.json
A	artifacts/reports/campaign41-frozen-pearson-batch-production-20260712/relationship_export/individual_first_verify.stderr
A	artifacts/reports/campaign41-frozen-pearson-batch-production-20260712/relationship_export/individual_first_verify.stdout
A	artifacts/reports/campaign41-frozen-pearson-batch-production-20260712/relationship_export/method_pearson_v1_consumer.json
A	artifacts/reports/campaign41-frozen-pearson-batch-production-20260712/relationship_export/method_pearson_v1_consumer.stderr
A	artifacts/reports/campaign41-frozen-pearson-batch-production-20260712/relationship_export/method_pearson_v1_consumer.stdout
A	artifacts/reports/campaign41-frozen-pearson-batch-production-20260712/relationship_export/method_pearson_v1_export.json
A	artifacts/reports/campaign41-frozen-pearson-batch-production-20260712/relationship_export/method_pearson_v1_export.stderr
A	artifacts/reports/campaign41-frozen-pearson-batch-production-20260712/relationship_export/method_pearson_v1_export.stdout
A	artifacts/reports/campaign41-frozen-pearson-batch-production-20260712/relationship_export/method_pearson_v1_query.json
A	artifacts/reports/campaign41-frozen-pearson-batch-production-20260712/relationship_export/method_pearson_v1_verify.stderr
A	artifacts/reports/campaign41-frozen-pearson-batch-production-20260712/relationship_export/method_pearson_v1_verify.stdout
A	artifacts/reports/campaign41-frozen-pearson-batch-production-20260712/relationship_export/raw_transformation_consumer.json
A	artifacts/reports/campaign41-frozen-pearson-batch-production-20260712/relationship_export/raw_transformation_consumer.stderr
A	artifacts/reports/campaign41-frozen-pearson-batch-production-20260712/relationship_export/raw_transformation_consumer.stdout
A	artifacts/reports/campaign41-frozen-pearson-batch-production-20260712/relationship_export/raw_transformation_export.json
A	artifacts/reports/campaign41-frozen-pearson-batch-production-20260712/relationship_export/raw_transformation_export.stderr
A	artifacts/reports/campaign41-frozen-pearson-batch-production-20260712/relationship_export/raw_transformation_export.stdout
A	artifacts/reports/campaign41-frozen-pearson-batch-production-20260712/relationship_export/raw_transformation_query.json
A	artifacts/reports/campaign41-frozen-pearson-batch-production-20260712/relationship_export/raw_transformation_verify.stderr
A	artifacts/reports/campaign41-frozen-pearson-batch-production-20260712/relationship_export/raw_transformation_verify.stdout
A	artifacts/reports/campaign41-frozen-pearson-batch-production-20260712/relationship_export/relationship_export_and_consumer_summary.json
A	artifacts/reports/campaign41-frozen-pearson-batch-production-20260712/relationship_export/zero_result_consumer.json
A	artifacts/reports/campaign41-frozen-pearson-batch-production-20260712/relationship_export/zero_result_consumer.stderr
A	artifacts/reports/campaign41-frozen-pearson-batch-production-20260712/relationship_export/zero_result_consumer.stdout
A	artifacts/reports/campaign41-frozen-pearson-batch-production-20260712/relationship_export/zero_result_export.json
A	artifacts/reports/campaign41-frozen-pearson-batch-production-20260712/relationship_export/zero_result_export.stderr
A	artifacts/reports/campaign41-frozen-pearson-batch-production-20260712/relationship_export/zero_result_export.stdout
A	artifacts/reports/campaign41-frozen-pearson-batch-production-20260712/relationship_export/zero_result_query.json
A	artifacts/reports/campaign41-frozen-pearson-batch-production-20260712/relationship_export/zero_result_verify.stderr
A	artifacts/reports/campaign41-frozen-pearson-batch-production-20260712/relationship_export/zero_result_verify.stdout
A	artifacts/reports/campaign41-frozen-pearson-batch-production-20260712/verification/idempotent_no_publish_rerun.stderr
A	artifacts/reports/campaign41-frozen-pearson-batch-production-20260712/verification/idempotent_no_publish_rerun.stdout
A	artifacts/reports/campaign41-frozen-pearson-batch-production-20260712/verification/idempotent_no_publish_rerun/accepted_packages/pkg-object-srcpkg-campaign41-dnk-agricultural-land-broad-money-pearson-correlation-v1.json
A	artifacts/reports/campaign41-frozen-pearson-batch-production-20260712/verification/idempotent_no_publish_rerun/accepted_packages/pkg-object-srcpkg-campaign41-dnk-agricultural-land-private-credit-pearson-correlation-v1.json
A	artifacts/reports/campaign41-frozen-pearson-batch-production-20260712/verification/idempotent_no_publish_rerun/accepted_packages/pkg-object-srcpkg-campaign41-dnk-forest-area-broad-money-pearson-correlation-v1.json
A	artifacts/reports/campaign41-frozen-pearson-batch-production-20260712/verification/idempotent_no_publish_rerun/accepted_packages/pkg-object-srcpkg-campaign41-nor-crude-birth-rate-fossil-electricity-pearson-correlation-v1.json
A	artifacts/reports/campaign41-frozen-pearson-batch-production-20260712/verification/idempotent_no_publish_rerun/accepted_packages/pkg-object-srcpkg-campaign41-nor-fossil-electricity-under5-mortality-pearson-correlation-v1.json
A	artifacts/reports/campaign41-frozen-pearson-batch-production-20260712/verification/idempotent_no_publish_rerun/accepted_packages/pkg-object-srcpkg-campaign41-nor-nonhydro-renewable-electricity-under5-mortality-pearson-correlation-v1.json
A	artifacts/reports/campaign41-frozen-pearson-batch-production-20260712/verification/idempotent_no_publish_rerun/accepted_packages/pkg-object-srcpkg-campaign41-swe-private-credit-internet-users-pearson-correlation-v1.json
A	artifacts/reports/campaign41-frozen-pearson-batch-production-20260712/verification/idempotent_no_publish_rerun/accepted_packages/pkg-object-srcpkg-campaign41-swe-private-credit-mobile-cellular-pearson-correlation-v1.json
A	artifacts/reports/campaign41-frozen-pearson-batch-production-20260712/verification/idempotent_no_publish_rerun/candidate_judgments.json
A	artifacts/reports/campaign41-frozen-pearson-batch-production-20260712/verification/idempotent_no_publish_rerun/consolidated_machine_readable_report.json
A	artifacts/reports/campaign41-frozen-pearson-batch-production-20260712/verification/idempotent_no_publish_rerun/dnk_agricultural_land_broad_money_calculation.json
A	artifacts/reports/campaign41-frozen-pearson-batch-production-20260712/verification/idempotent_no_publish_rerun/dnk_agricultural_land_private_credit_calculation.json
A	artifacts/reports/campaign41-frozen-pearson-batch-production-20260712/verification/idempotent_no_publish_rerun/dnk_forest_area_broad_money_calculation.json
A	artifacts/reports/campaign41-frozen-pearson-batch-production-20260712/verification/idempotent_no_publish_rerun/nor_crude_birth_rate_fossil_electricity_calculation.json
A	artifacts/reports/campaign41-frozen-pearson-batch-production-20260712/verification/idempotent_no_publish_rerun/nor_fossil_electricity_under5_mortality_calculation.json
A	artifacts/reports/campaign41-frozen-pearson-batch-production-20260712/verification/idempotent_no_publish_rerun/nor_nonhydro_renewable_electricity_under5_mortality_calculation.json
A	artifacts/reports/campaign41-frozen-pearson-batch-production-20260712/verification/idempotent_no_publish_rerun/swe_private_credit_internet_users_calculation.json
A	artifacts/reports/campaign41-frozen-pearson-batch-production-20260712/verification/idempotent_no_publish_rerun/swe_private_credit_mobile_cellular_calculation.json
A	artifacts/reports/campaign41-frozen-pearson-batch-production-20260712/verification/postgresql_idempotent_rebuild.stderr
A	artifacts/reports/campaign41-frozen-pearson-batch-production-20260712/verification/postgresql_idempotent_rebuild.stdout
A	artifacts/reports/campaign41-frozen-pearson-batch-production-20260712/verification/postgresql_verify.stderr
A	artifacts/reports/campaign41-frozen-pearson-batch-production-20260712/verification/postgresql_verify.stdout
A	artifacts/reports/campaign41-frozen-pearson-batch-production-20260712/verification/postgresql_verify_after_idempotent_rebuild.stderr
A	artifacts/reports/campaign41-frozen-pearson-batch-production-20260712/verification/postgresql_verify_after_idempotent_rebuild.stdout
A	artifacts/reports/campaign41-frozen-pearson-batch-production-20260712/verification/production_verification.json
A	artifacts/reports/campaign41-frozen-pearson-batch-production-20260712/verification/safe_publish_collision_rerun.stderr
A	artifacts/reports/campaign41-frozen-pearson-batch-production-20260712/verification/safe_publish_collision_rerun.stdout
A	artifacts/reports/campaign41-frozen-pearson-batch-production-20260712/verification/safe_publish_collision_rerun/accepted_packages/pkg-object-srcpkg-campaign41-dnk-agricultural-land-broad-money-pearson-correlation-v1.json
A	artifacts/reports/campaign41-frozen-pearson-batch-production-20260712/verification/safe_publish_collision_rerun/accepted_packages/pkg-object-srcpkg-campaign41-dnk-agricultural-land-private-credit-pearson-correlation-v1.json
A	artifacts/reports/campaign41-frozen-pearson-batch-production-20260712/verification/safe_publish_collision_rerun/accepted_packages/pkg-object-srcpkg-campaign41-dnk-forest-area-broad-money-pearson-correlation-v1.json
A	artifacts/reports/campaign41-frozen-pearson-batch-production-20260712/verification/safe_publish_collision_rerun/accepted_packages/pkg-object-srcpkg-campaign41-nor-crude-birth-rate-fossil-electricity-pearson-correlation-v1.json
A	artifacts/reports/campaign41-frozen-pearson-batch-production-20260712/verification/safe_publish_collision_rerun/accepted_packages/pkg-object-srcpkg-campaign41-nor-fossil-electricity-under5-mortality-pearson-correlation-v1.json
A	artifacts/reports/campaign41-frozen-pearson-batch-production-20260712/verification/safe_publish_collision_rerun/accepted_packages/pkg-object-srcpkg-campaign41-nor-nonhydro-renewable-electricity-under5-mortality-pearson-correlation-v1.json
A	artifacts/reports/campaign41-frozen-pearson-batch-production-20260712/verification/safe_publish_collision_rerun/accepted_packages/pkg-object-srcpkg-campaign41-swe-private-credit-internet-users-pearson-correlation-v1.json
A	artifacts/reports/campaign41-frozen-pearson-batch-production-20260712/verification/safe_publish_collision_rerun/accepted_packages/pkg-object-srcpkg-campaign41-swe-private-credit-mobile-cellular-pearson-correlation-v1.json
A	artifacts/reports/campaign41-frozen-pearson-batch-production-20260712/verification/safe_publish_collision_rerun/dnk_agricultural_land_broad_money_calculation.json
A	artifacts/reports/campaign41-frozen-pearson-batch-production-20260712/verification/safe_publish_collision_rerun/dnk_agricultural_land_private_credit_calculation.json
A	artifacts/reports/campaign41-frozen-pearson-batch-production-20260712/verification/safe_publish_collision_rerun/dnk_forest_area_broad_money_calculation.json
A	artifacts/reports/campaign41-frozen-pearson-batch-production-20260712/verification/safe_publish_collision_rerun/nor_crude_birth_rate_fossil_electricity_calculation.json
A	artifacts/reports/campaign41-frozen-pearson-batch-production-20260712/verification/safe_publish_collision_rerun/nor_fossil_electricity_under5_mortality_calculation.json
A	artifacts/reports/campaign41-frozen-pearson-batch-production-20260712/verification/safe_publish_collision_rerun/nor_nonhydro_renewable_electricity_under5_mortality_calculation.json
A	artifacts/reports/campaign41-frozen-pearson-batch-production-20260712/verification/safe_publish_collision_rerun/publication_plan.json
A	artifacts/reports/campaign41-frozen-pearson-batch-production-20260712/verification/safe_publish_collision_rerun/swe_private_credit_internet_users_calculation.json
A	artifacts/reports/campaign41-frozen-pearson-batch-production-20260712/verification/safe_publish_collision_rerun/swe_private_credit_mobile_cellular_calculation.json
A	artifacts/reports/campaign42-coefficient-free-first-difference-pearson-companion-registry-20260712/campaign42_coefficient_free_companion_registry.json
A	artifacts/reports/campaign42-coefficient-free-first-difference-pearson-companion-registry-20260712/campaign42_declarative_companion_production_specification.json
A	artifacts/reports/campaign42-coefficient-free-first-difference-pearson-companion-registry-20260712/coefficient_independence_proof.json
A	artifacts/reports/campaign42-coefficient-free-first-difference-pearson-companion-registry-20260712/complete_21_package_eligibility_inventory.json
A	artifacts/reports/campaign42-coefficient-free-first-difference-pearson-companion-registry-20260712/deterministic_regeneration_proof.json
A	artifacts/reports/campaign42-coefficient-free-first-difference-pearson-companion-registry-20260712/evidence_method_compatibility_report.json
A	artifacts/reports/campaign42-coefficient-free-first-difference-pearson-companion-registry-20260712/expected_package_id_manifest.json
A	artifacts/reports/campaign42-coefficient-free-first-difference-pearson-companion-registry-20260712/final-verification/architecture_reality_audit.json
A	artifacts/reports/campaign42-coefficient-free-first-difference-pearson-companion-registry-20260712/final-verification/campaign42_validation_assertions.json
A	artifacts/reports/campaign42-coefficient-free-first-difference-pearson-companion-registry-20260712/final-verification/check_coherence.json
A	artifacts/reports/campaign42-coefficient-free-first-difference-pearson-companion-registry-20260712/final-verification/check_coherence_after_final_report.json
A	artifacts/reports/campaign42-coefficient-free-first-difference-pearson-companion-registry-20260712/final-verification/context_health.json
A	artifacts/reports/campaign42-coefficient-free-first-difference-pearson-companion-registry-20260712/final-verification/context_health_after_final_report.json
A	artifacts/reports/campaign42-coefficient-free-first-difference-pearson-companion-registry-20260712/final-verification/full_test_suite.stdout
A	artifacts/reports/campaign42-coefficient-free-first-difference-pearson-companion-registry-20260712/final-verification/git_diff_check.stderr
A	artifacts/reports/campaign42-coefficient-free-first-difference-pearson-companion-registry-20260712/final-verification/git_diff_check.stdout
A	artifacts/reports/campaign42-coefficient-free-first-difference-pearson-companion-registry-20260712/final-verification/git_diff_check_after_final_report.stderr
A	artifacts/reports/campaign42-coefficient-free-first-difference-pearson-companion-registry-20260712/final-verification/git_diff_check_after_final_report.stdout
A	artifacts/reports/campaign42-coefficient-free-first-difference-pearson-companion-registry-20260712/final-verification/git_status_short.txt
A	artifacts/reports/campaign42-coefficient-free-first-difference-pearson-companion-registry-20260712/final-verification/python_compileall.stderr
A	artifacts/reports/campaign42-coefficient-free-first-difference-pearson-companion-registry-20260712/final-verification/python_compileall.stdout
A	artifacts/reports/campaign42-coefficient-free-first-difference-pearson-companion-registry-20260712/final-verification/regeneration_stdout.json
A	artifacts/reports/campaign42-coefficient-free-first-difference-pearson-companion-registry-20260712/final-verification/sensitive_material_scan.json
A	artifacts/reports/campaign42-coefficient-free-first-difference-pearson-companion-registry-20260712/final-verification/targeted_campaign42_registry_tests.stdout
A	artifacts/reports/campaign42-coefficient-free-first-difference-pearson-companion-registry-20260712/final_report.md
A	artifacts/reports/campaign42-coefficient-free-first-difference-pearson-companion-registry-20260712/post_freeze_diagnostic_honesty_audit.json
A	artifacts/reports/campaign42-coefficient-free-first-difference-pearson-companion-registry-20260712/raw_to_companion_link_manifest.json
A	artifacts/reports/campaign42-first-difference-pearson-companion-production-20260712/accepted_packages.json
A	artifacts/reports/campaign42-first-difference-pearson-companion-production-20260712/accepted_packages/pkg-object-srcpkg-campaign40-agriculture-agricultural-forest-land-dnk-first-difference-pearson-companion-v1.json
A	artifacts/reports/campaign42-first-difference-pearson-companion-production-20260712/accepted_packages/pkg-object-srcpkg-campaign40-demographic-birth-death-rates-nor-first-difference-pearson-companion-v1.json
A	artifacts/reports/campaign42-first-difference-pearson-companion-production-20260712/accepted_packages/pkg-object-srcpkg-campaign40-energy-fossil-nonhydro-renewables-nor-first-difference-pearson-companion-v1.json
A	artifacts/reports/campaign42-first-difference-pearson-companion-production-20260712/accepted_packages/pkg-object-srcpkg-campaign40-finance-credit-broad-money-dnk-first-difference-pearson-companion-v1.json
A	artifacts/reports/campaign42-first-difference-pearson-companion-production-20260712/accepted_packages/pkg-object-srcpkg-campaign40-health-life-expectancy-under5-mortality-nor-first-difference-pearson-companion-v1.json
A	artifacts/reports/campaign42-first-difference-pearson-companion-production-20260712/accepted_packages/pkg-object-srcpkg-campaign40-infrastructure-internet-mobile-swe-first-difference-pearson-companion-v1.json
A	artifacts/reports/campaign42-first-difference-pearson-companion-production-20260712/accepted_packages/pkg-object-srcpkg-campaign41-swe-private-credit-internet-users-first-difference-pearson-companion-v1.json
A	artifacts/reports/campaign42-first-difference-pearson-companion-production-20260712/accepted_packages/pkg-object-srcpkg-campaign41-swe-private-credit-mobile-cellular-first-difference-pearson-companion-v1.json
A	artifacts/reports/campaign42-first-difference-pearson-companion-production-20260712/campaign42_production_summary.json
A	artifacts/reports/campaign42-first-difference-pearson-companion-production-20260712/candidate_results.json
A	artifacts/reports/campaign42-first-difference-pearson-companion-production-20260712/consumer_simulation/all_campaign42_companions.json
A	artifacts/reports/campaign42-first-difference-pearson-companion-production-20260712/consumer_simulation/entity_swe.json
A	artifacts/reports/campaign42-first-difference-pearson-companion-production-20260712/consumer_simulation/first_difference_transformation.json
A	artifacts/reports/campaign42-first-difference-pearson-companion-production-20260712/consumer_simulation/indicator_private_credit.json
A	artifacts/reports/campaign42-first-difference-pearson-companion-production-20260712/consumer_simulation/method_first_difference.json
A	artifacts/reports/campaign42-first-difference-pearson-companion-production-20260712/consumer_simulation/one_exact_companion.json
A	artifacts/reports/campaign42-first-difference-pearson-companion-production-20260712/consumer_simulation/raw_only_method.json
A	artifacts/reports/campaign42-first-difference-pearson-companion-production-20260712/consumer_simulation/zero_result.json
A	artifacts/reports/campaign42-first-difference-pearson-companion-production-20260712/final_report.md
A	artifacts/reports/campaign42-first-difference-pearson-companion-production-20260712/final_verification/architecture_reality_audit.log
A	artifacts/reports/campaign42-first-difference-pearson-companion-production-20260712/final_verification/check_coherence.log
A	artifacts/reports/campaign42-first-difference-pearson-companion-production-20260712/final_verification/check_coherence_after_closeout.log
A	artifacts/reports/campaign42-first-difference-pearson-companion-production-20260712/final_verification/context_health.log
A	artifacts/reports/campaign42-first-difference-pearson-companion-production-20260712/final_verification/context_health_after_closeout.log
A	artifacts/reports/campaign42-first-difference-pearson-companion-production-20260712/final_verification/context_health_final.log
A	artifacts/reports/campaign42-first-difference-pearson-companion-production-20260712/final_verification/full_pytest.log
A	artifacts/reports/campaign42-first-difference-pearson-companion-production-20260712/final_verification/git_diff_check.log
A	artifacts/reports/campaign42-first-difference-pearson-companion-production-20260712/final_verification/git_diff_check_after_closeout.log
A	artifacts/reports/campaign42-first-difference-pearson-companion-production-20260712/final_verification/git_diff_check_final.log
A	artifacts/reports/campaign42-first-difference-pearson-companion-production-20260712/final_verification/git_status_short.log
A	artifacts/reports/campaign42-first-difference-pearson-companion-production-20260712/final_verification/git_status_short_after_closeout.log
A	artifacts/reports/campaign42-first-difference-pearson-companion-production-20260712/final_verification/python_compileall.log
A	artifacts/reports/campaign42-first-difference-pearson-companion-production-20260712/final_verification/repository_wide_durability_validator.log
A	artifacts/reports/campaign42-first-difference-pearson-companion-production-20260712/final_verification/repository_wide_durability_validator/artifact_class_policy.json
A	artifacts/reports/campaign42-first-difference-pearson-companion-production-20260712/final_verification/repository_wide_durability_validator/artifact_policy.json
A	artifacts/reports/campaign42-first-difference-pearson-companion-production-20260712/final_verification/repository_wide_durability_validator/commit_plan.json
A	artifacts/reports/campaign42-first-difference-pearson-companion-production-20260712/final_verification/repository_wide_durability_validator/consolidated_machine_readable_summary.json
A	artifacts/reports/campaign42-first-difference-pearson-companion-production-20260712/final_verification/repository_wide_durability_validator/inventory.json
A	artifacts/reports/campaign42-first-difference-pearson-companion-production-20260712/final_verification/repository_wide_durability_validator/machine_loss_recovery.json
A	artifacts/reports/campaign42-first-difference-pearson-companion-production-20260712/final_verification/repository_wide_durability_validator/package_counts.json
A	artifacts/reports/campaign42-first-difference-pearson-companion-production-20260712/final_verification/repository_wide_durability_validator/repository_wide_validator.json
A	artifacts/reports/campaign42-first-difference-pearson-companion-production-20260712/final_verification/repository_wide_durability_validator/sensitive_scan.json
A	artifacts/reports/campaign42-first-difference-pearson-companion-production-20260712/final_verification/repository_wide_durability_validator/size_storage_assessment.json
A	artifacts/reports/campaign42-first-difference-pearson-companion-production-20260712/final_verification/repository_wide_durability_validator/temporary_db_cleanup_assessment.json
A	artifacts/reports/campaign42-first-difference-pearson-companion-production-20260712/final_verification/summary_refresh_after_closeout.log
A	artifacts/reports/campaign42-first-difference-pearson-companion-production-20260712/final_verification/targeted_campaign42_tests.log
A	artifacts/reports/campaign42-first-difference-pearson-companion-production-20260712/postgresql_projection_validation.json
A	artifacts/reports/campaign42-first-difference-pearson-companion-production-20260712/postgresql_rebuild.json
A	artifacts/reports/campaign42-first-difference-pearson-companion-production-20260712/postgresql_rebuild_reverse.json
A	artifacts/reports/campaign42-first-difference-pearson-companion-production-20260712/postgresql_rebuild_sorted_after_reverse.json
A	artifacts/reports/campaign42-first-difference-pearson-companion-production-20260712/pre_execution_gate.json
A	artifacts/reports/campaign42-first-difference-pearson-companion-production-20260712/production_stdout.json
A	artifacts/reports/campaign42-first-difference-pearson-companion-production-20260712/relationship_export_and_consumer_validation.json
A	artifacts/reports/campaign42-first-difference-pearson-companion-production-20260712/relationship_export_queries/all_campaign42_companions.json
A	artifacts/reports/campaign42-first-difference-pearson-companion-production-20260712/relationship_export_queries/entity_swe.json
A	artifacts/reports/campaign42-first-difference-pearson-companion-production-20260712/relationship_export_queries/first_difference_transformation.json
A	artifacts/reports/campaign42-first-difference-pearson-companion-production-20260712/relationship_export_queries/indicator_private_credit.json
A	artifacts/reports/campaign42-first-difference-pearson-companion-production-20260712/relationship_export_queries/method_first_difference.json
A	artifacts/reports/campaign42-first-difference-pearson-companion-production-20260712/relationship_export_queries/one_exact_companion.json
A	artifacts/reports/campaign42-first-difference-pearson-companion-production-20260712/relationship_export_queries/raw_only_method.json
A	artifacts/reports/campaign42-first-difference-pearson-companion-production-20260712/relationship_export_queries/zero_result.json
A	artifacts/reports/campaign42-first-difference-pearson-companion-production-20260712/relationship_exports/all_campaign42_companions.json
A	artifacts/reports/campaign42-first-difference-pearson-companion-production-20260712/relationship_exports/entity_swe.json
A	artifacts/reports/campaign42-first-difference-pearson-companion-production-20260712/relationship_exports/first_difference_transformation.json
A	artifacts/reports/campaign42-first-difference-pearson-companion-production-20260712/relationship_exports/indicator_private_credit.json
A	artifacts/reports/campaign42-first-difference-pearson-companion-production-20260712/relationship_exports/method_first_difference.json
A	artifacts/reports/campaign42-first-difference-pearson-companion-production-20260712/relationship_exports/one_exact_companion.json
A	artifacts/reports/campaign42-first-difference-pearson-companion-production-20260712/relationship_exports/raw_only_method.json
A	artifacts/reports/campaign42-first-difference-pearson-companion-production-20260712/relationship_exports/zero_result.json
A	artifacts/tasks/T-20260712-campaign41-frozen-pearson-batch-production.md
A	artifacts/tasks/T-20260712-campaign42-coefficient-free-first-difference-pearson-companion-registry.md
A	artifacts/tasks/T-20260712-campaign42-first-difference-pearson-companion-production.md
A	knowledge_repository/evolution/pkg-object-srcpkg-campaign40-agriculture-agricultural-forest-land-dnk-first-difference-pearson-companion-v1.json
M	knowledge_repository/evolution/pkg-object-srcpkg-campaign40-agriculture-agricultural-forest-land-dnk-pearson-correlation-v1.json
A	knowledge_repository/evolution/pkg-object-srcpkg-campaign40-demographic-birth-death-rates-nor-first-difference-pearson-companion-v1.json
M	knowledge_repository/evolution/pkg-object-srcpkg-campaign40-demographic-birth-death-rates-nor-pearson-correlation-v1.json
A	knowledge_repository/evolution/pkg-object-srcpkg-campaign40-energy-fossil-nonhydro-renewables-nor-first-difference-pearson-companion-v1.json
M	knowledge_repository/evolution/pkg-object-srcpkg-campaign40-energy-fossil-nonhydro-renewables-nor-pearson-correlation-v1.json
A	knowledge_repository/evolution/pkg-object-srcpkg-campaign40-finance-credit-broad-money-dnk-first-difference-pearson-companion-v1.json
M	knowledge_repository/evolution/pkg-object-srcpkg-campaign40-finance-credit-broad-money-dnk-pearson-correlation-v1.json
A	knowledge_repository/evolution/pkg-object-srcpkg-campaign40-health-life-expectancy-under5-mortality-nor-first-difference-pearson-companion-v1.json
M	knowledge_repository/evolution/pkg-object-srcpkg-campaign40-health-life-expectancy-under5-mortality-nor-pearson-correlation-v1.json
A	knowledge_repository/evolution/pkg-object-srcpkg-campaign40-infrastructure-internet-mobile-swe-first-difference-pearson-companion-v1.json
M	knowledge_repository/evolution/pkg-object-srcpkg-campaign40-infrastructure-internet-mobile-swe-pearson-correlation-v1.json
A	knowledge_repository/evolution/pkg-object-srcpkg-campaign41-dnk-agricultural-land-broad-money-pearson-correlation-v1.json
A	knowledge_repository/evolution/pkg-object-srcpkg-campaign41-dnk-agricultural-land-private-credit-pearson-correlation-v1.json
A	knowledge_repository/evolution/pkg-object-srcpkg-campaign41-dnk-forest-area-broad-money-pearson-correlation-v1.json
A	knowledge_repository/evolution/pkg-object-srcpkg-campaign41-nor-crude-birth-rate-fossil-electricity-pearson-correlation-v1.json
A	knowledge_repository/evolution/pkg-object-srcpkg-campaign41-nor-fossil-electricity-under5-mortality-pearson-correlation-v1.json
A	knowledge_repository/evolution/pkg-object-srcpkg-campaign41-nor-nonhydro-renewable-electricity-under5-mortality-pearson-correlation-v1.json
A	knowledge_repository/evolution/pkg-object-srcpkg-campaign41-swe-private-credit-internet-users-first-difference-pearson-companion-v1.json
A	knowledge_repository/evolution/pkg-object-srcpkg-campaign41-swe-private-credit-internet-users-pearson-correlation-v1.json
A	knowledge_repository/evolution/pkg-object-srcpkg-campaign41-swe-private-credit-mobile-cellular-first-difference-pearson-companion-v1.json
A	knowledge_repository/evolution/pkg-object-srcpkg-campaign41-swe-private-credit-mobile-cellular-pearson-correlation-v1.json
M	knowledge_repository/indexes/by_evidence_family.json
M	knowledge_repository/indexes/by_knowledge_identity.json
M	knowledge_repository/indexes/by_lifecycle_state.json
M	knowledge_repository/indexes/by_package_id.json
M	knowledge_repository/indexes/by_package_manifest_fingerprint.json
M	knowledge_repository/indexes/by_statement_type.json
M	knowledge_repository/manifest.json
A	knowledge_repository/objects/pkg-object-srcpkg-campaign40-agriculture-agricultural-forest-land-dnk-first-difference-pearson-companion-v1.json
A	knowledge_repository/objects/pkg-object-srcpkg-campaign40-demographic-birth-death-rates-nor-first-difference-pearson-companion-v1.json
A	knowledge_repository/objects/pkg-object-srcpkg-campaign40-energy-fossil-nonhydro-renewables-nor-first-difference-pearson-companion-v1.json
A	knowledge_repository/objects/pkg-object-srcpkg-campaign40-finance-credit-broad-money-dnk-first-difference-pearson-companion-v1.json
A	knowledge_repository/objects/pkg-object-srcpkg-campaign40-health-life-expectancy-under5-mortality-nor-first-difference-pearson-companion-v1.json
A	knowledge_repository/objects/pkg-object-srcpkg-campaign40-infrastructure-internet-mobile-swe-first-difference-pearson-companion-v1.json
A	knowledge_repository/objects/pkg-object-srcpkg-campaign41-dnk-agricultural-land-broad-money-pearson-correlation-v1.json
A	knowledge_repository/objects/pkg-object-srcpkg-campaign41-dnk-agricultural-land-private-credit-pearson-correlation-v1.json
A	knowledge_repository/objects/pkg-object-srcpkg-campaign41-dnk-forest-area-broad-money-pearson-correlation-v1.json
A	knowledge_repository/objects/pkg-object-srcpkg-campaign41-nor-crude-birth-rate-fossil-electricity-pearson-correlation-v1.json
A	knowledge_repository/objects/pkg-object-srcpkg-campaign41-nor-fossil-electricity-under5-mortality-pearson-correlation-v1.json
A	knowledge_repository/objects/pkg-object-srcpkg-campaign41-nor-nonhydro-renewable-electricity-under5-mortality-pearson-correlation-v1.json
A	knowledge_repository/objects/pkg-object-srcpkg-campaign41-swe-private-credit-internet-users-first-difference-pearson-companion-v1.json
A	knowledge_repository/objects/pkg-object-srcpkg-campaign41-swe-private-credit-internet-users-pearson-correlation-v1.json
A	knowledge_repository/objects/pkg-object-srcpkg-campaign41-swe-private-credit-mobile-cellular-first-difference-pearson-companion-v1.json
A	knowledge_repository/objects/pkg-object-srcpkg-campaign41-swe-private-credit-mobile-cellular-pearson-correlation-v1.json
A	specs/correlation_batches/campaign42_coefficient_free_first_difference_pearson_companion_registry.json
A	specs/correlation_batches/campaign42_first_difference_pearson_companion_production_specification.json
A	tests/test_campaign42_first_difference_companion_production.py
A	tests/test_campaign42_first_difference_companion_registry.py
A	tools/campaign42_first_difference_companion_production.py
A	tools/campaign42_first_difference_companion_registry.py
