 artifacts/_SUMMARY.md                              |     1 +
 artifacts/decisions/_SUMMARY.md                    |    11 +
 .../R-20260712-architecture-reality-audit.md       |    48 +
 .../01_pearson_policy_engine_diff_check.log        |     0
 .../commits/01_pearson_policy_engine_result.json   |    20 +
 ...01_pearson_policy_engine_staged_name_status.log |   284 +
 ...earson_policy_engine_staged_sensitive_scan.json |     4 +
 .../01_pearson_policy_engine_staged_stat.log       |   285 +
 .../commits/01_pearson_policy_engine_test_1.log    |     2 +
 .../commits/01_pearson_policy_engine_tests.json    |     7 +
 .../02_first_difference_method_diff_check.log      |     0
 .../commits/02_first_difference_method_result.json |    20 +
 ..._first_difference_method_staged_name_status.log |    48 +
 ...st_difference_method_staged_sensitive_scan.json |     4 +
 .../02_first_difference_method_staged_stat.log     |    49 +
 .../commits/02_first_difference_method_test_1.log  |     2 +
 .../commits/02_first_difference_method_tests.json  |     7 +
 .../03_campaign41_42_repository_diff_check.log     |     0
 .../03_campaign41_42_repository_result.json        |    20 +
 ...campaign41_42_repository_staged_name_status.log |   340 +
 ...aign41_42_repository_staged_sensitive_scan.json |     4 +
 .../03_campaign41_42_repository_staged_stat.log    |   341 +
 .../commits/03_campaign41_42_repository_test_1.log |     2 +
 .../commits/03_campaign41_42_repository_tests.json |     7 +
 .../commits/commit_summary.json                    |    59 +
 .../final_report.md                                |   101 +
 .../preflight/ahead_behind.log                     |     1 +
 .../preflight/branch.log                           |     1 +
 .../artifact_class_policy.json                     |    19 +
 .../durability_validator/artifact_policy.json      |    40 +
 .../durability_validator/commit_plan.json          |  2884 +
 .../consolidated_machine_readable_summary.json     |   142 +
 .../preflight/durability_validator/inventory.json  | 90258 +++++++++++++++++++
 .../machine_loss_recovery.json                     |   672 +
 .../durability_validator/package_counts.json       |    57 +
 .../repository_wide_validator.json                 |   158 +
 .../durability_validator/sensitive_scan.json       |  3119 +
 .../size_storage_assessment.json                   |    44 +
 .../temporary_db_cleanup_assessment.json           |    13 +
 .../preflight/durability_validator_preflight.log   |   142 +
 .../preflight/fetch_origin.log                     |     0
 .../preflight/head.log                             |     1 +
 .../preflight/merge_base.log                       |     1 +
 .../preflight/origin_main.log                      |     1 +
 .../preflight/pwd.log                              |     1 +
 .../preflight/remote_url.log                       |     1 +
 .../preflight/repository_counts_fingerprint.log    |     8 +
 .../preflight/staged_state.log                     |     0
 .../preflight/status_short.log                     |   269 +
 .../review/campaign42_no_publish_identity.log      |  1038 +
 .../accepted_packages.json                         |  2034 +
 ...-dnk-first-difference-pearson-companion-v1.json |   254 +
 ...-nor-first-difference-pearson-companion-v1.json |   254 +
 ...-nor-first-difference-pearson-companion-v1.json |   254 +
 ...-dnk-first-difference-pearson-companion-v1.json |   254 +
 ...-nor-first-difference-pearson-companion-v1.json |   254 +
 ...-swe-first-difference-pearson-companion-v1.json |   254 +
 ...sers-first-difference-pearson-companion-v1.json |   254 +
 ...ular-first-difference-pearson-companion-v1.json |   254 +
 .../campaign42_production_summary.json             |  2150 +
 .../candidate_results.json                         |   614 +
 .../review/campaign42_production_tests.log         |     2 +
 .../review/campaign42_registry_tests.log           |     2 +
 .../review/correlation_batch_engine_tests.log      |     2 +
 .../review/first_difference_method_tests.log       |     2 +
 ...difference_companion_registry.py.line_count.txt |     1 +
 ...test_correlation_batch_engine.py.line_count.txt |     1 +
 ...fference_companion_production.py.line_count.txt |     1 +
 ..._difference_pearson_method_v1.py.line_count.txt |     1 +
 artifacts/tasks/_SUMMARY.md                        |    19 +
 context/latest_handoff.md                          |    41 +-
 docs/production_campaign_roadmap.md                |    61 +
 docs/production_evolution_log.md                   |    39 +
 specs/correlation_batches/_SUMMARY.md              |     3 +
 state/active_goal.md                               |    22 +-
 state/project_state.md                             |    40 +-
 tools/_SUMMARY.md                                  |     5 +
 77 files changed, 107554 insertions(+), 54 deletions(-)
