M	artifacts/_SUMMARY.md
M	artifacts/decisions/_SUMMARY.md
A	artifacts/reports/R-20260712-architecture-reality-audit.md
A	artifacts/reports/post-campaign42-production-alignment-git-durability-20260712/commits/01_pearson_policy_engine_diff_check.log
A	artifacts/reports/post-campaign42-production-alignment-git-durability-20260712/commits/01_pearson_policy_engine_result.json
A	artifacts/reports/post-campaign42-production-alignment-git-durability-20260712/commits/01_pearson_policy_engine_staged_name_status.log
A	artifacts/reports/post-campaign42-production-alignment-git-durability-20260712/commits/01_pearson_policy_engine_staged_sensitive_scan.json
A	artifacts/reports/post-campaign42-production-alignment-git-durability-20260712/commits/01_pearson_policy_engine_staged_stat.log
A	artifacts/reports/post-campaign42-production-alignment-git-durability-20260712/commits/01_pearson_policy_engine_test_1.log
A	artifacts/reports/post-campaign42-production-alignment-git-durability-20260712/commits/01_pearson_policy_engine_tests.json
A	artifacts/reports/post-campaign42-production-alignment-git-durability-20260712/commits/02_first_difference_method_diff_check.log
A	artifacts/reports/post-campaign42-production-alignment-git-durability-20260712/commits/02_first_difference_method_result.json
A	artifacts/reports/post-campaign42-production-alignment-git-durability-20260712/commits/02_first_difference_method_staged_name_status.log
A	artifacts/reports/post-campaign42-production-alignment-git-durability-20260712/commits/02_first_difference_method_staged_sensitive_scan.json
A	artifacts/reports/post-campaign42-production-alignment-git-durability-20260712/commits/02_first_difference_method_staged_stat.log
A	artifacts/reports/post-campaign42-production-alignment-git-durability-20260712/commits/02_first_difference_method_test_1.log
A	artifacts/reports/post-campaign42-production-alignment-git-durability-20260712/commits/02_first_difference_method_tests.json
A	artifacts/reports/post-campaign42-production-alignment-git-durability-20260712/commits/03_campaign41_42_repository_diff_check.log
A	artifacts/reports/post-campaign42-production-alignment-git-durability-20260712/commits/03_campaign41_42_repository_result.json
A	artifacts/reports/post-campaign42-production-alignment-git-durability-20260712/commits/03_campaign41_42_repository_staged_name_status.log
A	artifacts/reports/post-campaign42-production-alignment-git-durability-20260712/commits/03_campaign41_42_repository_staged_sensitive_scan.json
A	artifacts/reports/post-campaign42-production-alignment-git-durability-20260712/commits/03_campaign41_42_repository_staged_stat.log
A	artifacts/reports/post-campaign42-production-alignment-git-durability-20260712/commits/03_campaign41_42_repository_test_1.log
A	artifacts/reports/post-campaign42-production-alignment-git-durability-20260712/commits/03_campaign41_42_repository_tests.json
A	artifacts/reports/post-campaign42-production-alignment-git-durability-20260712/commits/commit_summary.json
A	artifacts/reports/post-campaign42-production-alignment-git-durability-20260712/final_report.md
A	artifacts/reports/post-campaign42-production-alignment-git-durability-20260712/preflight/ahead_behind.log
A	artifacts/reports/post-campaign42-production-alignment-git-durability-20260712/preflight/branch.log
A	artifacts/reports/post-campaign42-production-alignment-git-durability-20260712/preflight/durability_validator/artifact_class_policy.json
A	artifacts/reports/post-campaign42-production-alignment-git-durability-20260712/preflight/durability_validator/artifact_policy.json
A	artifacts/reports/post-campaign42-production-alignment-git-durability-20260712/preflight/durability_validator/commit_plan.json
A	artifacts/reports/post-campaign42-production-alignment-git-durability-20260712/preflight/durability_validator/consolidated_machine_readable_summary.json
A	artifacts/reports/post-campaign42-production-alignment-git-durability-20260712/preflight/durability_validator/inventory.json
A	artifacts/reports/post-campaign42-production-alignment-git-durability-20260712/preflight/durability_validator/machine_loss_recovery.json
A	artifacts/reports/post-campaign42-production-alignment-git-durability-20260712/preflight/durability_validator/package_counts.json
A	artifacts/reports/post-campaign42-production-alignment-git-durability-20260712/preflight/durability_validator/repository_wide_validator.json
A	artifacts/reports/post-campaign42-production-alignment-git-durability-20260712/preflight/durability_validator/sensitive_scan.json
A	artifacts/reports/post-campaign42-production-alignment-git-durability-20260712/preflight/durability_validator/size_storage_assessment.json
A	artifacts/reports/post-campaign42-production-alignment-git-durability-20260712/preflight/durability_validator/temporary_db_cleanup_assessment.json
A	artifacts/reports/post-campaign42-production-alignment-git-durability-20260712/preflight/durability_validator_preflight.log
A	artifacts/reports/post-campaign42-production-alignment-git-durability-20260712/preflight/fetch_origin.log
A	artifacts/reports/post-campaign42-production-alignment-git-durability-20260712/preflight/head.log
A	artifacts/reports/post-campaign42-production-alignment-git-durability-20260712/preflight/merge_base.log
A	artifacts/reports/post-campaign42-production-alignment-git-durability-20260712/preflight/origin_main.log
A	artifacts/reports/post-campaign42-production-alignment-git-durability-20260712/preflight/pwd.log
A	artifacts/reports/post-campaign42-production-alignment-git-durability-20260712/preflight/remote_url.log
A	artifacts/reports/post-campaign42-production-alignment-git-durability-20260712/preflight/repository_counts_fingerprint.log
A	artifacts/reports/post-campaign42-production-alignment-git-durability-20260712/preflight/staged_state.log
A	artifacts/reports/post-campaign42-production-alignment-git-durability-20260712/preflight/status_short.log
A	artifacts/reports/post-campaign42-production-alignment-git-durability-20260712/review/campaign42_no_publish_identity.log
A	artifacts/reports/post-campaign42-production-alignment-git-durability-20260712/review/campaign42_no_publish_identity/accepted_packages.json
A	artifacts/reports/post-campaign42-production-alignment-git-durability-20260712/review/campaign42_no_publish_identity/accepted_packages/pkg-object-srcpkg-campaign40-agriculture-agricultural-forest-land-dnk-first-difference-pearson-companion-v1.json
A	artifacts/reports/post-campaign42-production-alignment-git-durability-20260712/review/campaign42_no_publish_identity/accepted_packages/pkg-object-srcpkg-campaign40-demographic-birth-death-rates-nor-first-difference-pearson-companion-v1.json
A	artifacts/reports/post-campaign42-production-alignment-git-durability-20260712/review/campaign42_no_publish_identity/accepted_packages/pkg-object-srcpkg-campaign40-energy-fossil-nonhydro-renewables-nor-first-difference-pearson-companion-v1.json
A	artifacts/reports/post-campaign42-production-alignment-git-durability-20260712/review/campaign42_no_publish_identity/accepted_packages/pkg-object-srcpkg-campaign40-finance-credit-broad-money-dnk-first-difference-pearson-companion-v1.json
A	artifacts/reports/post-campaign42-production-alignment-git-durability-20260712/review/campaign42_no_publish_identity/accepted_packages/pkg-object-srcpkg-campaign40-health-life-expectancy-under5-mortality-nor-first-difference-pearson-companion-v1.json
A	artifacts/reports/post-campaign42-production-alignment-git-durability-20260712/review/campaign42_no_publish_identity/accepted_packages/pkg-object-srcpkg-campaign40-infrastructure-internet-mobile-swe-first-difference-pearson-companion-v1.json
A	artifacts/reports/post-campaign42-production-alignment-git-durability-20260712/review/campaign42_no_publish_identity/accepted_packages/pkg-object-srcpkg-campaign41-swe-private-credit-internet-users-first-difference-pearson-companion-v1.json
A	artifacts/reports/post-campaign42-production-alignment-git-durability-20260712/review/campaign42_no_publish_identity/accepted_packages/pkg-object-srcpkg-campaign41-swe-private-credit-mobile-cellular-first-difference-pearson-companion-v1.json
A	artifacts/reports/post-campaign42-production-alignment-git-durability-20260712/review/campaign42_no_publish_identity/campaign42_production_summary.json
A	artifacts/reports/post-campaign42-production-alignment-git-durability-20260712/review/campaign42_no_publish_identity/candidate_results.json
A	artifacts/reports/post-campaign42-production-alignment-git-durability-20260712/review/campaign42_production_tests.log
A	artifacts/reports/post-campaign42-production-alignment-git-durability-20260712/review/campaign42_registry_tests.log
A	artifacts/reports/post-campaign42-production-alignment-git-durability-20260712/review/correlation_batch_engine_tests.log
A	artifacts/reports/post-campaign42-production-alignment-git-durability-20260712/review/first_difference_method_tests.log
A	artifacts/reports/post-campaign42-production-alignment-git-durability-20260712/review/tests__test_campaign42_first_difference_companion_registry.py.line_count.txt
A	artifacts/reports/post-campaign42-production-alignment-git-durability-20260712/review/tests__test_correlation_batch_engine.py.line_count.txt
A	artifacts/reports/post-campaign42-production-alignment-git-durability-20260712/review/tools__campaign42_first_difference_companion_production.py.line_count.txt
A	artifacts/reports/post-campaign42-production-alignment-git-durability-20260712/review/tools__first_difference_pearson_method_v1.py.line_count.txt
M	artifacts/tasks/_SUMMARY.md
M	context/latest_handoff.md
M	docs/production_campaign_roadmap.md
M	docs/production_evolution_log.md
M	specs/correlation_batches/_SUMMARY.md
M	state/active_goal.md
M	state/project_state.md
M	tools/_SUMMARY.md
