{
  "consumer_local_index": {
    "entity_index": {
      "DNK": [
        "pkg-object-srcpkg-campaign41-dnk-agricultural-land-broad-money-pearson-correlation-v1",
        "pkg-object-srcpkg-campaign41-dnk-agricultural-land-private-credit-pearson-correlation-v1",
        "pkg-object-srcpkg-campaign41-dnk-forest-area-broad-money-pearson-correlation-v1"
      ],
      "NOR": [
        "pkg-object-srcpkg-campaign41-nor-crude-birth-rate-fossil-electricity-pearson-correlation-v1",
        "pkg-object-srcpkg-campaign41-nor-fossil-electricity-under5-mortality-pearson-correlation-v1",
        "pkg-object-srcpkg-campaign41-nor-nonhydro-renewable-electricity-under5-mortality-pearson-correlation-v1"
      ],
      "SWE": [
        "pkg-object-srcpkg-campaign41-swe-private-credit-internet-users-pearson-correlation-v1",
        "pkg-object-srcpkg-campaign41-swe-private-credit-mobile-cellular-pearson-correlation-v1"
      ]
    },
    "mechanical_answers": {
      "absolute_coefficient_at_least_0_8": [
        "pkg-object-srcpkg-campaign41-swe-private-credit-internet-users-pearson-correlation-v1",
        "pkg-object-srcpkg-campaign41-swe-private-credit-mobile-cellular-pearson-correlation-v1"
      ],
      "methods": [
        "wdi_annual_scalar_pearson_correlation_v1@1.0"
      ]
    },
    "method_index": {
      "wdi_annual_scalar_pearson_correlation_v1@1.0": [
        "pkg-object-srcpkg-campaign41-dnk-agricultural-land-broad-money-pearson-correlation-v1",
        "pkg-object-srcpkg-campaign41-dnk-agricultural-land-private-credit-pearson-correlation-v1",
        "pkg-object-srcpkg-campaign41-dnk-forest-area-broad-money-pearson-correlation-v1",
        "pkg-object-srcpkg-campaign41-nor-crude-birth-rate-fossil-electricity-pearson-correlation-v1",
        "pkg-object-srcpkg-campaign41-nor-fossil-electricity-under5-mortality-pearson-correlation-v1",
        "pkg-object-srcpkg-campaign41-nor-nonhydro-renewable-electricity-under5-mortality-pearson-correlation-v1",
        "pkg-object-srcpkg-campaign41-swe-private-credit-internet-users-pearson-correlation-v1",
        "pkg-object-srcpkg-campaign41-swe-private-credit-mobile-cellular-pearson-correlation-v1"
      ]
    },
    "series_index": {
      "AG.LND.AGRI.ZS": [
        "pkg-object-srcpkg-campaign41-dnk-agricultural-land-broad-money-pearson-correlation-v1",
        "pkg-object-srcpkg-campaign41-dnk-agricultural-land-private-credit-pearson-correlation-v1"
      ],
      "AG.LND.FRST.ZS": [
        "pkg-object-srcpkg-campaign41-dnk-forest-area-broad-money-pearson-correlation-v1"
      ],
      "EG.ELC.FOSL.ZS": [
        "pkg-object-srcpkg-campaign41-nor-crude-birth-rate-fossil-electricity-pearson-correlation-v1",
        "pkg-object-srcpkg-campaign41-nor-fossil-electricity-under5-mortality-pearson-correlation-v1"
      ],
      "EG.ELC.RNWX.ZS": [
        "pkg-object-srcpkg-campaign41-nor-nonhydro-renewable-electricity-under5-mortality-pearson-correlation-v1"
      ],
      "FM.LBL.BMNY.GD.ZS": [
        "pkg-object-srcpkg-campaign41-dnk-agricultural-land-broad-money-pearson-correlation-v1",
        "pkg-object-srcpkg-campaign41-dnk-forest-area-broad-money-pearson-correlation-v1"
      ],
      "FS.AST.PRVT.GD.ZS": [
        "pkg-object-srcpkg-campaign41-dnk-agricultural-land-private-credit-pearson-correlation-v1",
        "pkg-object-srcpkg-campaign41-swe-private-credit-internet-users-pearson-correlation-v1",
        "pkg-object-srcpkg-campaign41-swe-private-credit-mobile-cellular-pearson-correlation-v1"
      ],
      "IT.CEL.SETS.P2": [
        "pkg-object-srcpkg-campaign41-swe-private-credit-mobile-cellular-pearson-correlation-v1"
      ],
      "IT.NET.USER.ZS": [
        "pkg-object-srcpkg-campaign41-swe-private-credit-internet-users-pearson-correlation-v1"
      ],
      "SH.DYN.MORT": [
        "pkg-object-srcpkg-campaign41-nor-fossil-electricity-under5-mortality-pearson-correlation-v1",
        "pkg-object-srcpkg-campaign41-nor-nonhydro-renewable-electricity-under5-mortality-pearson-correlation-v1"
      ],
      "SP.DYN.CBRT.IN": [
        "pkg-object-srcpkg-campaign41-nor-crude-birth-rate-fossil-electricity-pearson-correlation-v1"
      ]
    }
  },
  "contract": "knowledgeforge_relationship_export_v1@1.0",
  "independence": {
    "imported_knowledgeforge_runtime": false,
    "mutated_knowledgeforge": false,
    "read_canonical_repository": false,
    "used_postgresql": false
  },
  "query_fingerprint": "sha256:196ec8052b29e423781185d73438a5b2a42cb43e77bc15e450ad00817464914d",
  "repository_fingerprint": "sha256:c89c25ede69ec88a12f4791dba94b6199f2927721d0028420a65a74dd6ee735c",
  "result_count": 8,
  "result_set_fingerprint": "sha256:65d2e6e39cc21a1427fbc1d4d78f0dee7b13a2a89050bb4b1bbd865eaa760fd1",
  "stable_order": [
    "pkg-object-srcpkg-campaign41-dnk-agricultural-land-broad-money-pearson-correlation-v1",
    "pkg-object-srcpkg-campaign41-dnk-agricultural-land-private-credit-pearson-correlation-v1",
    "pkg-object-srcpkg-campaign41-dnk-forest-area-broad-money-pearson-correlation-v1",
    "pkg-object-srcpkg-campaign41-nor-crude-birth-rate-fossil-electricity-pearson-correlation-v1",
    "pkg-object-srcpkg-campaign41-nor-fossil-electricity-under5-mortality-pearson-correlation-v1",
    "pkg-object-srcpkg-campaign41-nor-nonhydro-renewable-electricity-under5-mortality-pearson-correlation-v1",
    "pkg-object-srcpkg-campaign41-swe-private-credit-internet-users-pearson-correlation-v1",
    "pkg-object-srcpkg-campaign41-swe-private-credit-mobile-cellular-pearson-correlation-v1"
  ],
  "valid": true
}
