{
  "consumer_local_index": {
    "entity_index": {
      "DNK": [
        "pkg-object-srcpkg-campaign41-dnk-agricultural-land-private-credit-pearson-correlation-v1"
      ],
      "SWE": [
        "pkg-object-srcpkg-campaign41-swe-private-credit-internet-users-pearson-correlation-v1",
        "pkg-object-srcpkg-campaign41-swe-private-credit-mobile-cellular-pearson-correlation-v1"
      ]
    },
    "mechanical_answers": {
      "absolute_coefficient_at_least_0_8": [
        "pkg-object-srcpkg-campaign41-swe-private-credit-internet-users-pearson-correlation-v1",
        "pkg-object-srcpkg-campaign41-swe-private-credit-mobile-cellular-pearson-correlation-v1"
      ],
      "methods": [
        "wdi_annual_scalar_pearson_correlation_v1@1.0"
      ]
    },
    "method_index": {
      "wdi_annual_scalar_pearson_correlation_v1@1.0": [
        "pkg-object-srcpkg-campaign41-dnk-agricultural-land-private-credit-pearson-correlation-v1",
        "pkg-object-srcpkg-campaign41-swe-private-credit-internet-users-pearson-correlation-v1",
        "pkg-object-srcpkg-campaign41-swe-private-credit-mobile-cellular-pearson-correlation-v1"
      ]
    },
    "series_index": {
      "AG.LND.AGRI.ZS": [
        "pkg-object-srcpkg-campaign41-dnk-agricultural-land-private-credit-pearson-correlation-v1"
      ],
      "FS.AST.PRVT.GD.ZS": [
        "pkg-object-srcpkg-campaign41-dnk-agricultural-land-private-credit-pearson-correlation-v1",
        "pkg-object-srcpkg-campaign41-swe-private-credit-internet-users-pearson-correlation-v1",
        "pkg-object-srcpkg-campaign41-swe-private-credit-mobile-cellular-pearson-correlation-v1"
      ],
      "IT.CEL.SETS.P2": [
        "pkg-object-srcpkg-campaign41-swe-private-credit-mobile-cellular-pearson-correlation-v1"
      ],
      "IT.NET.USER.ZS": [
        "pkg-object-srcpkg-campaign41-swe-private-credit-internet-users-pearson-correlation-v1"
      ]
    }
  },
  "contract": "knowledgeforge_relationship_export_v1@1.0",
  "independence": {
    "imported_knowledgeforge_runtime": false,
    "mutated_knowledgeforge": false,
    "read_canonical_repository": false,
    "used_postgresql": false
  },
  "query_fingerprint": "sha256:79b7b6519ce67ca087bce8d5f0f2e66776dc532d8d21a85a008a12bf489ea017",
  "repository_fingerprint": "sha256:c89c25ede69ec88a12f4791dba94b6199f2927721d0028420a65a74dd6ee735c",
  "result_count": 3,
  "result_set_fingerprint": "sha256:3aaacb82a528ca5a846039c2d7c057d3c1667e629ee049098e0334d590cfcbaa",
  "stable_order": [
    "pkg-object-srcpkg-campaign41-dnk-agricultural-land-private-credit-pearson-correlation-v1",
    "pkg-object-srcpkg-campaign41-swe-private-credit-internet-users-pearson-correlation-v1",
    "pkg-object-srcpkg-campaign41-swe-private-credit-mobile-cellular-pearson-correlation-v1"
  ],
  "valid": true
}
