{
  "consumer_local_index": {
    "entity_index": {
      "NOR": [
        "pkg-object-srcpkg-campaign35-nor-exports-share-statistical-summary-v2",
        "pkg-object-srcpkg-campaign37-nor-exports-imports-share-pearson-correlation-v1",
        "pkg-object-srcpkg-campaign39-infrastructure-digital-access-pearson-correlation-v1",
        "pkg-object-srcpkg-campaign40-demographic-birth-death-rates-nor-pearson-correlation-v1",
        "pkg-object-srcpkg-campaign40-energy-fossil-nonhydro-renewables-nor-pearson-correlation-v1",
        "pkg-object-srcpkg-campaign40-health-life-expectancy-under5-mortality-nor-pearson-correlation-v1",
        "pkg-object-srcpkg-campaign41-nor-crude-birth-rate-fossil-electricity-pearson-correlation-v1",
        "pkg-object-srcpkg-campaign41-nor-fossil-electricity-under5-mortality-pearson-correlation-v1",
        "pkg-object-srcpkg-campaign41-nor-nonhydro-renewable-electricity-under5-mortality-pearson-correlation-v1"
      ]
    },
    "mechanical_answers": {
      "absolute_coefficient_at_least_0_8": [
        "pkg-object-srcpkg-campaign39-infrastructure-digital-access-pearson-correlation-v1",
        "pkg-object-srcpkg-campaign40-demographic-birth-death-rates-nor-pearson-correlation-v1",
        "pkg-object-srcpkg-campaign40-health-life-expectancy-under5-mortality-nor-pearson-correlation-v1"
      ],
      "methods": [
        "wdi_annual_scalar_pearson_correlation_v1@1.0",
        "wdi_annual_scalar_statistical_summary_v2@2.0"
      ]
    },
    "method_index": {
      "wdi_annual_scalar_pearson_correlation_v1@1.0": [
        "pkg-object-srcpkg-campaign37-nor-exports-imports-share-pearson-correlation-v1",
        "pkg-object-srcpkg-campaign39-infrastructure-digital-access-pearson-correlation-v1",
        "pkg-object-srcpkg-campaign40-demographic-birth-death-rates-nor-pearson-correlation-v1",
        "pkg-object-srcpkg-campaign40-energy-fossil-nonhydro-renewables-nor-pearson-correlation-v1",
        "pkg-object-srcpkg-campaign40-health-life-expectancy-under5-mortality-nor-pearson-correlation-v1",
        "pkg-object-srcpkg-campaign41-nor-crude-birth-rate-fossil-electricity-pearson-correlation-v1",
        "pkg-object-srcpkg-campaign41-nor-fossil-electricity-under5-mortality-pearson-correlation-v1",
        "pkg-object-srcpkg-campaign41-nor-nonhydro-renewable-electricity-under5-mortality-pearson-correlation-v1"
      ],
      "wdi_annual_scalar_statistical_summary_v2@2.0": [
        "pkg-object-srcpkg-campaign35-nor-exports-share-statistical-summary-v2"
      ]
    },
    "series_index": {
      "EG.ELC.FOSL.ZS": [
        "pkg-object-srcpkg-campaign40-energy-fossil-nonhydro-renewables-nor-pearson-correlation-v1",
        "pkg-object-srcpkg-campaign41-nor-crude-birth-rate-fossil-electricity-pearson-correlation-v1",
        "pkg-object-srcpkg-campaign41-nor-fossil-electricity-under5-mortality-pearson-correlation-v1"
      ],
      "EG.ELC.RNWX.ZS": [
        "pkg-object-srcpkg-campaign40-energy-fossil-nonhydro-renewables-nor-pearson-correlation-v1",
        "pkg-object-srcpkg-campaign41-nor-nonhydro-renewable-electricity-under5-mortality-pearson-correlation-v1"
      ],
      "IT.CEL.SETS.P2": [
        "pkg-object-srcpkg-campaign39-infrastructure-digital-access-pearson-correlation-v1"
      ],
      "IT.NET.USER.ZS": [
        "pkg-object-srcpkg-campaign39-infrastructure-digital-access-pearson-correlation-v1"
      ],
      "NE.EXP.GNFS.ZS": [
        "pkg-object-srcpkg-campaign37-nor-exports-imports-share-pearson-correlation-v1"
      ],
      "NE.IMP.GNFS.ZS": [
        "pkg-object-srcpkg-campaign37-nor-exports-imports-share-pearson-correlation-v1"
      ],
      "SH.DYN.MORT": [
        "pkg-object-srcpkg-campaign40-health-life-expectancy-under5-mortality-nor-pearson-correlation-v1",
        "pkg-object-srcpkg-campaign41-nor-fossil-electricity-under5-mortality-pearson-correlation-v1",
        "pkg-object-srcpkg-campaign41-nor-nonhydro-renewable-electricity-under5-mortality-pearson-correlation-v1"
      ],
      "SP.DYN.CBRT.IN": [
        "pkg-object-srcpkg-campaign40-demographic-birth-death-rates-nor-pearson-correlation-v1",
        "pkg-object-srcpkg-campaign41-nor-crude-birth-rate-fossil-electricity-pearson-correlation-v1"
      ],
      "SP.DYN.CDRT.IN": [
        "pkg-object-srcpkg-campaign40-demographic-birth-death-rates-nor-pearson-correlation-v1"
      ],
      "SP.DYN.LE00.IN": [
        "pkg-object-srcpkg-campaign40-health-life-expectancy-under5-mortality-nor-pearson-correlation-v1"
      ]
    }
  },
  "contract": "knowledgeforge_relationship_export_v1@1.0",
  "independence": {
    "imported_knowledgeforge_runtime": false,
    "mutated_knowledgeforge": false,
    "read_canonical_repository": false,
    "used_postgresql": false
  },
  "query_fingerprint": "sha256:f7add6ddf3bc1e957e1963b949f97db20907ad8990a43085208621d51a3bb529",
  "repository_fingerprint": "sha256:c89c25ede69ec88a12f4791dba94b6199f2927721d0028420a65a74dd6ee735c",
  "result_count": 9,
  "result_set_fingerprint": "sha256:18c1531fa6caa975cc3c1417cb815ca58fd74db83a347a310f42b0bb1cc8cb90",
  "stable_order": [
    "pkg-object-srcpkg-campaign35-nor-exports-share-statistical-summary-v2",
    "pkg-object-srcpkg-campaign37-nor-exports-imports-share-pearson-correlation-v1",
    "pkg-object-srcpkg-campaign39-infrastructure-digital-access-pearson-correlation-v1",
    "pkg-object-srcpkg-campaign40-demographic-birth-death-rates-nor-pearson-correlation-v1",
    "pkg-object-srcpkg-campaign40-energy-fossil-nonhydro-renewables-nor-pearson-correlation-v1",
    "pkg-object-srcpkg-campaign40-health-life-expectancy-under5-mortality-nor-pearson-correlation-v1",
    "pkg-object-srcpkg-campaign41-nor-crude-birth-rate-fossil-electricity-pearson-correlation-v1",
    "pkg-object-srcpkg-campaign41-nor-fossil-electricity-under5-mortality-pearson-correlation-v1",
    "pkg-object-srcpkg-campaign41-nor-nonhydro-renewable-electricity-under5-mortality-pearson-correlation-v1"
  ],
  "valid": true
}
