{
  "consumer_local_index": {
    "entity_index": {
      "NOR": [
        "pkg-object-srcpkg-campaign41-nor-crude-birth-rate-fossil-electricity-pearson-correlation-v1",
        "pkg-object-srcpkg-campaign41-nor-fossil-electricity-under5-mortality-pearson-correlation-v1",
        "pkg-object-srcpkg-campaign41-nor-nonhydro-renewable-electricity-under5-mortality-pearson-correlation-v1"
      ]
    },
    "mechanical_answers": {
      "absolute_coefficient_at_least_0_8": [],
      "methods": [
        "wdi_annual_scalar_pearson_correlation_v1@1.0"
      ]
    },
    "method_index": {
      "wdi_annual_scalar_pearson_correlation_v1@1.0": [
        "pkg-object-srcpkg-campaign41-nor-crude-birth-rate-fossil-electricity-pearson-correlation-v1",
        "pkg-object-srcpkg-campaign41-nor-fossil-electricity-under5-mortality-pearson-correlation-v1",
        "pkg-object-srcpkg-campaign41-nor-nonhydro-renewable-electricity-under5-mortality-pearson-correlation-v1"
      ]
    },
    "series_index": {
      "EG.ELC.FOSL.ZS": [
        "pkg-object-srcpkg-campaign41-nor-crude-birth-rate-fossil-electricity-pearson-correlation-v1",
        "pkg-object-srcpkg-campaign41-nor-fossil-electricity-under5-mortality-pearson-correlation-v1"
      ],
      "EG.ELC.RNWX.ZS": [
        "pkg-object-srcpkg-campaign41-nor-nonhydro-renewable-electricity-under5-mortality-pearson-correlation-v1"
      ],
      "SH.DYN.MORT": [
        "pkg-object-srcpkg-campaign41-nor-fossil-electricity-under5-mortality-pearson-correlation-v1",
        "pkg-object-srcpkg-campaign41-nor-nonhydro-renewable-electricity-under5-mortality-pearson-correlation-v1"
      ],
      "SP.DYN.CBRT.IN": [
        "pkg-object-srcpkg-campaign41-nor-crude-birth-rate-fossil-electricity-pearson-correlation-v1"
      ]
    }
  },
  "contract": "knowledgeforge_relationship_export_v1@1.0",
  "independence": {
    "imported_knowledgeforge_runtime": false,
    "mutated_knowledgeforge": false,
    "read_canonical_repository": false,
    "used_postgresql": false
  },
  "query_fingerprint": "sha256:c794425949fbf85facf24e1b8cff42fc94ffbcf0ce99f34c1e6378686683e389",
  "repository_fingerprint": "sha256:c89c25ede69ec88a12f4791dba94b6199f2927721d0028420a65a74dd6ee735c",
  "result_count": 3,
  "result_set_fingerprint": "sha256:89e6d4120767ed3a717d0d88de1cec539757d7e1d7f39200fcdf3004847953f2",
  "stable_order": [
    "pkg-object-srcpkg-campaign41-nor-crude-birth-rate-fossil-electricity-pearson-correlation-v1",
    "pkg-object-srcpkg-campaign41-nor-fossil-electricity-under5-mortality-pearson-correlation-v1",
    "pkg-object-srcpkg-campaign41-nor-nonhydro-renewable-electricity-under5-mortality-pearson-correlation-v1"
  ],
  "valid": true
}
