{
  "consumer_local_index": {
    "entity_index": {
      "DNK": [
        "pkg-object-srcpkg-campaign41-dnk-agricultural-land-broad-money-pearson-correlation-v1"
      ]
    },
    "mechanical_answers": {
      "absolute_coefficient_at_least_0_8": [],
      "methods": [
        "wdi_annual_scalar_pearson_correlation_v1@1.0"
      ]
    },
    "method_index": {
      "wdi_annual_scalar_pearson_correlation_v1@1.0": [
        "pkg-object-srcpkg-campaign41-dnk-agricultural-land-broad-money-pearson-correlation-v1"
      ]
    },
    "series_index": {
      "AG.LND.AGRI.ZS": [
        "pkg-object-srcpkg-campaign41-dnk-agricultural-land-broad-money-pearson-correlation-v1"
      ],
      "FM.LBL.BMNY.GD.ZS": [
        "pkg-object-srcpkg-campaign41-dnk-agricultural-land-broad-money-pearson-correlation-v1"
      ]
    }
  },
  "contract": "knowledgeforge_relationship_export_v1@1.0",
  "independence": {
    "imported_knowledgeforge_runtime": false,
    "mutated_knowledgeforge": false,
    "read_canonical_repository": false,
    "used_postgresql": false
  },
  "query_fingerprint": "sha256:71ab6145becacee0044373fb490d307de623cbf195f56c3521e50694dfb0ea4f",
  "repository_fingerprint": "sha256:c89c25ede69ec88a12f4791dba94b6199f2927721d0028420a65a74dd6ee735c",
  "result_count": 1,
  "result_set_fingerprint": "sha256:3d5b1c67709cb7aba73a2e0e64609d9c52da8b0709ad2f0c778225f23df55ab1",
  "stable_order": [
    "pkg-object-srcpkg-campaign41-dnk-agricultural-land-broad-money-pearson-correlation-v1"
  ],
  "valid": true
}
