{
  "consumer_local_index": {
    "entity_index": {},
    "mechanical_answers": {
      "absolute_coefficient_at_least_0_8": [],
      "methods": []
    },
    "method_index": {},
    "series_index": {}
  },
  "contract": "knowledgeforge_relationship_export_v1@1.0",
  "independence": {
    "imported_knowledgeforge_runtime": false,
    "mutated_knowledgeforge": false,
    "read_canonical_repository": false,
    "used_postgresql": false
  },
  "query_fingerprint": "sha256:202fee9f504c2bef757ed5b83232d913b4f9fba5d8439f99ea92be5a4dbaf8bc",
  "repository_fingerprint": "sha256:c89c25ede69ec88a12f4791dba94b6199f2927721d0028420a65a74dd6ee735c",
  "result_count": 0,
  "result_set_fingerprint": "sha256:4f53cda18c2baa0c0354bb5f9a3ecbe5ed12ab4d8e11ba873c2f11161202b945",
  "stable_order": [],
  "valid": true
}
